Component: ARM Compiler 5.06 update 7 (build 960) Tool: armlink [4d3601]

==============================================================================

Section Cross References

    startup_stm32f103xb.o(STACK) refers (Special) to heapauxi.o(.text) for __use_two_region_memory
    startup_stm32f103xb.o(HEAP) refers (Special) to heapauxi.o(.text) for __use_two_region_memory
    startup_stm32f103xb.o(RESET) refers (Special) to heapauxi.o(.text) for __use_two_region_memory
    startup_stm32f103xb.o(RESET) refers to startup_stm32f103xb.o(STACK) for __initial_sp
    startup_stm32f103xb.o(RESET) refers to startup_stm32f103xb.o(.text) for Reset_Handler
    startup_stm32f103xb.o(RESET) refers to stm32f1xx_it.o(i.NMI_Handler) for NMI_Handler
    startup_stm32f103xb.o(RESET) refers to stm32f1xx_it.o(i.HardFault_Handler) for HardFault_Handler
    startup_stm32f103xb.o(RESET) refers to stm32f1xx_it.o(i.MemManage_Handler) for MemManage_Handler
    startup_stm32f103xb.o(RESET) refers to stm32f1xx_it.o(i.BusFault_Handler) for BusFault_Handler
    startup_stm32f103xb.o(RESET) refers to stm32f1xx_it.o(i.UsageFault_Handler) for UsageFault_Handler
    startup_stm32f103xb.o(RESET) refers to stm32f1xx_it.o(i.SVC_Handler) for SVC_Handler
    startup_stm32f103xb.o(RESET) refers to stm32f1xx_it.o(i.DebugMon_Handler) for DebugMon_Handler
    startup_stm32f103xb.o(RESET) refers to stm32f1xx_it.o(i.PendSV_Handler) for PendSV_Handler
    startup_stm32f103xb.o(RESET) refers to stm32f1xx_it.o(i.SysTick_Handler) for SysTick_Handler
    startup_stm32f103xb.o(.text) refers (Special) to heapauxi.o(.text) for __use_two_region_memory
    startup_stm32f103xb.o(.text) refers to system_stm32f1xx.o(i.SystemInit) for SystemInit
    startup_stm32f103xb.o(.text) refers to __main.o(!!!main) for __main
    startup_stm32f103xb.o(.text) refers to startup_stm32f103xb.o(HEAP) for Heap_Mem
    startup_stm32f103xb.o(.text) refers to startup_stm32f103xb.o(STACK) for Stack_Mem
    main.o(i.SystemClock_Config) refers to rt_memclr_w.o(.text) for __aeabi_memclr4
    main.o(i.SystemClock_Config) refers to stm32f1xx_hal_rcc.o(i.HAL_RCC_OscConfig) for HAL_RCC_OscConfig
    main.o(i.SystemClock_Config) refers to stm32f1xx_hal_rcc.o(i.HAL_RCC_ClockConfig) for HAL_RCC_ClockConfig
    main.o(i.main) refers to _printf_percent.o(.ARM.Collect$$_printf_percent$$00000000) for _printf_percent
    main.o(i.main) refers to _printf_f.o(.ARM.Collect$$_printf_percent$$00000003) for _printf_f
    main.o(i.main) refers to printf1.o(x$fpl$printf1) for _printf_fp_dec
    main.o(i.main) refers to stm32f1xx_hal.o(i.HAL_Init) for HAL_Init
    main.o(i.main) refers to main.o(i.SystemClock_Config) for SystemClock_Config
    main.o(i.main) refers to gpio.o(i.MX_GPIO_Init) for MX_GPIO_Init
    main.o(i.main) refers to i2c.o(i.MX_I2C1_Init) for MX_I2C1_Init
    main.o(i.main) refers to stm32f1xx_hal.o(i.HAL_Delay) for HAL_Delay
    main.o(i.main) refers to oled.o(i.OLED_Init) for OLED_Init
    main.o(i.main) refers to aht20.o(i.AHT20_Init) for AHT20_Init
    main.o(i.main) refers to aht20.o(i.AHT20_Measure) for AHT20_Measure
    main.o(i.main) refers to aht20.o(i.AHT20_Temperature) for AHT20_Temperature
    main.o(i.main) refers to aht20.o(i.AHT20_Humidity) for AHT20_Humidity
    main.o(i.main) refers to oled.o(i.OLED_NewFrame) for OLED_NewFrame
    main.o(i.main) refers to f2d.o(x$fpl$f2d) for __aeabi_f2d
    main.o(i.main) refers to noretval__2sprintf.o(.text) for __2sprintf
    main.o(i.main) refers to oled.o(i.OLED_PrintString) for OLED_PrintString
    main.o(i.main) refers to oled.o(i.OLED_ShowFrame) for OLED_ShowFrame
    main.o(i.main) refers to font.o(.constdata) for font16x16
    i2c.o(i.HAL_I2C_MspDeInit) refers to stm32f1xx_hal_gpio.o(i.HAL_GPIO_DeInit) for HAL_GPIO_DeInit
    i2c.o(i.HAL_I2C_MspInit) refers to stm32f1xx_hal_gpio.o(i.HAL_GPIO_Init) for HAL_GPIO_Init
    i2c.o(i.MX_I2C1_Init) refers to stm32f1xx_hal_i2c.o(i.HAL_I2C_Init) for HAL_I2C_Init
    i2c.o(i.MX_I2C1_Init) refers to main.o(i.Error_Handler) for Error_Handler
    i2c.o(i.MX_I2C1_Init) refers to i2c.o(.bss) for .bss
    stm32f1xx_it.o(i.SysTick_Handler) refers to stm32f1xx_hal.o(i.HAL_IncTick) for HAL_IncTick
    font.o(.constdata) refers to font.o(.constdata) for ascii_8x6
    font.o(.constdata) refers to font.o(.constdata) for ascii_12x6
    font.o(.constdata) refers to font.o(.constdata) for ascii_16x8
    font.o(.constdata) refers to font.o(.constdata) for ascii_24x12
    font.o(.constdata) refers to font.o(.constdata) for zh16x16
    font.o(.constdata) refers to font.o(.constdata) for afont16x8
    font.o(.constdata) refers to font.o(.constdata) for bilibiliData
    oled.o(i.OLED_DisPlay_Off) refers to oled.o(i.OLED_SendCmd) for OLED_SendCmd
    oled.o(i.OLED_DisPlay_On) refers to oled.o(i.OLED_SendCmd) for OLED_SendCmd
    oled.o(i.OLED_DrawCircle) refers to oled.o(i.OLED_SetPixel) for OLED_SetPixel
    oled.o(i.OLED_DrawEllipse) refers to dflt_clz.o(x$fpl$dfltu) for __aeabi_ui2d
[...]
    ../Core/Src/stm32f1xx_it.c               0x00000000   Number         0  stm32f1xx_it.o ABSOLUTE
    ../Core/Src/system_stm32f1xx.c           0x00000000   Number         0  system_stm32f1xx.o ABSOLUTE
    ../Drivers/STM32F1xx_HAL_Driver/Src/stm32f1xx_hal.c 0x00000000   Number         0  stm32f1xx_hal.o ABSOLUTE
    ../Drivers/STM32F1xx_HAL_Driver/Src/stm32f1xx_hal_cortex.c 0x00000000   Number         0  stm32f1xx_hal_cortex.o ABSOLUTE
    ../Drivers/STM32F1xx_HAL_Driver/Src/stm32f1xx_hal_dma.c 0x00000000   Number         0  stm32f1xx_hal_dma.o ABSOLUTE
    ../Drivers/STM32F1xx_HAL_Driver/Src/stm32f1xx_hal_exti.c 0x00000000   Number         0  stm32f1xx_hal_exti.o ABSOLUTE
    ../Drivers/STM32F1xx_HAL_Driver/Src/stm32f1xx_hal_flash.c 0x00000000   Number         0  stm32f1xx_hal_flash.o ABSOLUTE
    ../Drivers/STM32F1xx_HAL_Driver/Src/stm32f1xx_hal_flash_ex.c 0x00000000   Number         0  stm32f1xx_hal_flash_ex.o ABSOLUTE
    ../Drivers/STM32F1xx_HAL_Driver/Src/stm32f1xx_hal_gpio.c 0x00000000   Number         0  stm32f1xx_hal_gpio.o ABSOLUTE
    ../Drivers/STM32F1xx_HAL_Driver/Src/stm32f1xx_hal_gpio_ex.c 0x00000000   Number         0  stm32f1xx_hal_gpio_ex.o ABSOLUTE
    ../Drivers/STM32F1xx_HAL_Driver/Src/stm32f1xx_hal_i2c.c 0x00000000   Number         0  stm32f1xx_hal_i2c.o ABSOLUTE
    ../Drivers/STM32F1xx_HAL_Driver/Src/stm32f1xx_hal_pwr.c 0x00000000   Number         0  stm32f1xx_hal_pwr.o ABSOLUTE
    ../Drivers/STM32F1xx_HAL_Driver/Src/stm32f1xx_hal_rcc.c 0x00000000   Number         0  stm32f1xx_hal_rcc.o ABSOLUTE
    ../Drivers/STM32F1xx_HAL_Driver/Src/stm32f1xx_hal_rcc_ex.c 0x00000000   Number         0  stm32f1xx_hal_rcc_ex.o ABSOLUTE
    ../Drivers/STM32F1xx_HAL_Driver/Src/stm32f1xx_hal_tim.c 0x00000000   Number         0  stm32f1xx_hal_tim.o ABSOLUTE
    ../Drivers/STM32F1xx_HAL_Driver/Src/stm32f1xx_hal_tim_ex.c 0x00000000   Number         0  stm32f1xx_hal_tim_ex.o ABSOLUTE
    ../clib/angel/boardlib.s                 0x00000000   Number         0  boardshut.o ABSOLUTE
    ../clib/angel/boardlib.s                 0x00000000   Number         0  boardinit2.o ABSOLUTE
    ../clib/angel/boardlib.s                 0x00000000   Number         0  boardinit3.o ABSOLUTE
    ../clib/angel/boardlib.s                 0x00000000   Number         0  boardinit1.o ABSOLUTE
    ../clib/angel/handlers.s                 0x00000000   Number         0  __scatter_copy.o ABSOLUTE
    ../clib/angel/handlers.s                 0x00000000   Number         0  __scatter_zi.o ABSOLUTE
    ../clib/angel/kernel.s                   0x00000000   Number         0  __rtentry.o ABSOLUTE
    ../clib/angel/kernel.s                   0x00000000   Number         0  __rtentry2.o ABSOLUTE
    ../clib/angel/kernel.s                   0x00000000   Number         0  rtexit.o ABSOLUTE
    ../clib/angel/kernel.s                   0x00000000   Number         0  rtexit2.o ABSOLUTE
    ../clib/angel/kernel.s                   0x00000000   Number         0  __rtentry4.o ABSOLUTE
    ../clib/angel/rt.s                       0x00000000   Number         0  rt_raise.o ABSOLUTE
    ../clib/angel/rt.s                       0x00000000   Number         0  rt_locale_intlibspace.o ABSOLUTE
    ../clib/angel/rt.s                       0x00000000   Number         0  rt_locale.o ABSOLUTE
    ../clib/angel/scatter.s                  0x00000000   Number         0  __scatter.o ABSOLUTE
    ../clib/angel/startup.s                  0x00000000   Number         0  __main.o ABSOLUTE
    ../clib/angel/sys.s                      0x00000000   Number         0  indicate_semi.o ABSOLUTE
    ../clib/angel/sys.s                      0x00000000   Number         0  libspace.o ABSOLUTE
    ../clib/angel/sys.s                      0x00000000   Number         0  use_no_semi.o ABSOLUTE
    ../clib/angel/sys.s                      0x00000000   Number         0  sys_stackheap_outer.o ABSOLUTE
    ../clib/angel/sysapp.c                   0x00000000   Number         0  sys_command.o ABSOLUTE
    ../clib/angel/sysapp.c                   0x00000000   Number         0  sys_wrch.o ABSOLUTE
    ../clib/angel/sysapp.c                   0x00000000   Number         0  sys_exit.o ABSOLUTE
    ../clib/armsys.c                         0x00000000   Number         0  no_argv.o ABSOLUTE
    ../clib/armsys.c                         0x00000000   Number         0  argv_veneer.o ABSOLUTE
    ../clib/armsys.c                         0x00000000   Number         0  argv_veneer.o ABSOLUTE
    ../clib/armsys.c                         0x00000000   Number         0  _get_argv_nomalloc.o ABSOLUTE
    ../clib/bigflt.c                         0x00000000   Number         0  bigflt0.o ABSOLUTE
    ../clib/btod.s                           0x00000000   Number         0  btod.o ABSOLUTE
    ../clib/heapalloc.c                      0x00000000   Number         0  hrguard.o ABSOLUTE
    ../clib/heapaux.c                        0x00000000   Number         0  heapauxi.o ABSOLUTE
    ../clib/libinit.s                        0x00000000   Number         0  libinit.o ABSOLUTE
    ../clib/libinit.s                        0x00000000   Number         0  libinit2.o ABSOLUTE
    ../clib/libinit.s                        0x00000000   Number         0  libshutdown.o ABSOLUTE
    ../clib/libinit.s                        0x00000000   Number         0  libshutdown2.o ABSOLUTE
    ../clib/locale.s                         0x00000000   Number         0  lc_numeric_c.o ABSOLUTE
    ../clib/longlong.s                       0x00000000   Number         0  lludiv10.o ABSOLUTE
    ../clib/longlong.s                       0x00000000   Number         0  llushr.o ABSOLUTE
    ../clib/memcpset.s                       0x00000000   Number         0  rt_memcpy_w.o ABSOLUTE
    ../clib/memcpset.s                       0x00000000   Number         0  rt_memclr.o ABSOLUTE
    ../clib/memcpset.s                       0x00000000   Number         0  rt_memclr_w.o ABSOLUTE
    ../clib/memcpset.s                       0x00000000   Number         0  rt_memcpy_v6.o ABSOLUTE
    ../clib/memcpset.s                       0x00000000   Number         0  strcmpv7m.o ABSOLUTE
    ../clib/misc.s                           0x00000000   Number         0  printf_stubs.o ABSOLUTE
    ../clib/printf.c                         0x00000000   Number         0  __printf_wp.o ABSOLUTE
    ../clib/printf.c                         0x00000000   Number         0  _sputc.o ABSOLUTE
    ../clib/printf.c                         0x00000000   Number         0  __printf_flags_wp.o ABSOLUTE
    ../clib/printf.c                         0x00000000   Number         0  __printf_ss_wp.o ABSOLUTE
    ../clib/printf.c                         0x00000000   Number         0  __printf_flags_ss_wp.o ABSOLUTE
    ../clib/printf.c                         0x00000000   Number         0  _printf_char_common.o ABSOLUTE
    ../clib/printf.c                         0x00000000   Number         0  _printf_fp_dec.o ABSOLUTE
    ../clib/printf.c                         0x00000000   Number         0  __printf_nopercent.o ABSOLUTE
    ../clib/printf.c                         0x00000000   Number         0  _printf_fp_infnan.o ABSOLUTE
    ../clib/printf.c                         0x00000000   Number         0  __2sprintf.o ABSOLUTE
    ../clib/printf.c                         0x00000000   Number         0  noretval__2sprintf.o ABSOLUTE
    ../clib/printf.c                         0x00000000   Number         0  __printf.o ABSOLUTE
    ../clib/printf.c                         0x00000000   Number         0  __printf_flags.o ABSOLUTE
    ../clib/printf.c                         0x00000000   Number         0  __printf_ss.o ABSOLUTE
    ../clib/printf.c                         0x00000000   Number         0  __printf_flags_ss.o ABSOLUTE
    ../clib/printf_percent.s                 0x00000000   Number         0  _printf_f.o ABSOLUTE
    ../clib/printf_percent.s                 0x00000000   Number         0  _printf_percent_end.o ABSOLUTE
    ../clib/printf_percent.s                 0x00000000   Number         0  _printf_percent.o ABSOLUTE
    ../clib/signal.c                         0x00000000   Number         0  defsig_cppl_inner.o ABSOLUTE
    ../clib/signal.c                         0x00000000   Number         0  defsig_abrt_inner.o ABSOLUTE
    ../clib/signal.c                         0x00000000   Number         0  defsig_fpe_inner.o ABSOLUTE
    ../clib/signal.c                         0x00000000   Number         0  defsig_rtred_inner.o ABSOLUTE
    ../clib/signal.c                         0x00000000   Number         0  defsig_stak_inner.o ABSOLUTE
    ../clib/signal.c                         0x00000000   Number         0  defsig_rtmem_outer.o ABSOLUTE
    ../clib/signal.c                         0x00000000   Number         0  defsig_exit.o ABSOLUTE
    ../clib/signal.c                         0x00000000   Number         0  defsig_segv_inner.o ABSOLUTE
    ../clib/signal.c                         0x00000000   Number         0  defsig_other.o ABSOLUTE
    ../clib/signal.c                         0x00000000   Number         0  defsig_pvfn_inner.o ABSOLUTE
    ../clib/signal.c                         0x00000000   Number         0  defsig_general.o ABSOLUTE
    ../clib/signal.c                         0x00000000   Number         0  defsig_rtmem_formal.o ABSOLUTE
    ../clib/signal.c                         0x00000000   Number         0  __raise.o ABSOLUTE
    ../clib/signal.c                         0x00000000   Number         0  defsig_rtmem_inner.o ABSOLUTE
    ../clib/signal.s                         0x00000000   Number         0  defsig.o ABSOLUTE
    ../clib/stdlib.c                         0x00000000   Number         0  exit.o ABSOLUTE
    ../clib/string.c                         0x00000000   Number         0  memcmp.o ABSOLUTE
    ../fplib/daddsub.s                       0x00000000   Number         0  daddsub_clz.o ABSOLUTE
    ../fplib/dfix.s                          0x00000000   Number         0  dfix.o ABSOLUTE
    ../fplib/dflt.s                          0x00000000   Number         0  dflt_clz.o ABSOLUTE
    ../fplib/dmul.s                          0x00000000   Number         0  dmul.o ABSOLUTE
    ../fplib/dnaninf.s                       0x00000000   Number         0  dnaninf.o ABSOLUTE
    ../fplib/dretinf.s                       0x00000000   Number         0  dretinf.o ABSOLUTE
    ../fplib/f2d.s                           0x00000000   Number         0  f2d.o ABSOLUTE
    ../fplib/faddsub.s                       0x00000000   Number         0  faddsub_clz.o ABSOLUTE
    ../fplib/fcheck1.s                       0x00000000   Number         0  fcheck1.o ABSOLUTE
    ../fplib/fflt.s                          0x00000000   Number         0  fflt_clz.o ABSOLUTE
    ../fplib/fmul.s                          0x00000000   Number         0  fmul.o ABSOLUTE
    ../fplib/fnaninf.s                       0x00000000   Number         0  fnaninf.o ABSOLUTE
    ../fplib/fpinit.s                        0x00000000   Number         0  fpinit.o ABSOLUTE
    ../fplib/fretinf.s                       0x00000000   Number         0  fretinf.o ABSOLUTE
    ../fplib/istatus.s                       0x00000000   Number         0  istatus.o ABSOLUTE
    ../fplib/printf1.s                       0x00000000   Number         0  printf1.o ABSOLUTE
    ../fplib/retnan.s                        0x00000000   Number         0  retnan.o ABSOLUTE
    ../fplib/scalbnf.s                       0x00000000   Number         0  scalbnf.o ABSOLUTE
    ../fplib/trapv.s                         0x00000000   Number         0  trapv.o ABSOLUTE
    ../fplib/usenofp.s                       0x00000000   Number         0  usenofp.o ABSOLUTE
    ../mathlib/fpclassify.c                  0x00000000   Number         0  fpclassify.o ABSOLUTE
    ..\Core\Src\aht20.c                      0x00000000   Number         0  aht20.o ABSOLUTE
    ..\Core\Src\font.c                       0x00000000   Number         0  font.o ABSOLUTE
    ..\Core\Src\gpio.c                       0x00000000   Number         0  gpio.o ABSOLUTE
    ..\Core\Src\i2c.c                        0x00000000   Number         0  i2c.o ABSOLUTE
    ..\Core\Src\main.c                       0x00000000   Number         0  main.o ABSOLUTE
    ..\Core\Src\oled.c                       0x00000000   Number         0  oled.o ABSOLUTE
    ..\Core\Src\stm32f1xx_hal_msp.c          0x00000000   Number         0  stm32f1xx_hal_msp.o ABSOLUTE
    ..\Core\Src\stm32f1xx_it.c               0x00000000   Number         0  stm32f1xx_it.o ABSOLUTE
    ..\Core\Src\system_stm32f1xx.c           0x00000000   Number         0  system_stm32f1xx.o ABSOLUTE
    ..\Drivers\STM32F1xx_HAL_Driver\Src\stm32f1xx_hal.c 0x00000000   Number         0  stm32f1xx_hal.o ABSOLUTE
    ..\Drivers\STM32F1xx_HAL_Driver\Src\stm32f1xx_hal_cortex.c 0x00000000   Number         0  stm32f1xx_hal_cortex.o ABSOLUTE
    ..\Drivers\STM32F1xx_HAL_Driver\Src\stm32f1xx_hal_dma.c 0x00000000   Number         0  stm32f1xx_hal_dma.o ABSOLUTE
    ..\Drivers\STM32F1xx_HAL_Driver\Src\stm32f1xx_hal_exti.c 0x00000000   Number         0  stm32f1xx_hal_exti.o ABSOLUTE
    ..\Drivers\STM32F1xx_HAL_Driver\Src\stm32f1xx_hal_flash.c 0x00000000   Number         0  stm32f1xx_hal_flash.o ABSOLUTE
    ..\Drivers\STM32F1xx_HAL_Driver\Src\stm32f1xx_hal_flash_ex.c 0x00000000   Number         0  stm32f1xx_hal_flash_ex.o ABSOLUTE
    ..\Drivers\STM32F1xx_HAL_Driver\Src\stm32f1xx_hal_gpio.c 0x00000000   Number         0  stm32f1xx_hal_gpio.o ABSOLUTE
    ..\Drivers\STM32F1xx_HAL_Driver\Src\stm32f1xx_hal_gpio_ex.c 0x00000000   Number         0  stm32f1xx_hal_gpio_ex.o ABSOLUTE
    ..\Drivers\STM32F1xx_HAL_Driver\Src\stm32f1xx_hal_i2c.c 0x00000000   Number         0  stm32f1xx_hal_i2c.o ABSOLUTE
    ..\Drivers\STM32F1xx_HAL_Driver\Src\stm32f1xx_hal_pwr.c 0x00000000   Number         0  stm32f1xx_hal_pwr.o ABSOLUTE
    ..\Drivers\STM32F1xx_HAL_Driver\Src\stm32f1xx_hal_rcc.c 0x00000000   Number         0  stm32f1xx_hal_rcc.o ABSOLUTE
    ..\Drivers\STM32F1xx_HAL_Driver\Src\stm32f1xx_hal_rcc_ex.c 0x00000000   Number         0  stm32f1xx_hal_rcc_ex.o ABSOLUTE
    ..\Drivers\STM32F1xx_HAL_Driver\Src\stm32f1xx_hal_tim.c 0x00000000   Number         0  stm32f1xx_hal_tim.o ABSOLUTE
    ..\Drivers\STM32F1xx_HAL_Driver\Src\stm32f1xx_hal_tim_ex.c 0x00000000   Number         0  stm32f1xx_hal_tim_ex.o ABSOLUTE
    ..\\Core\\Src\\aht20.c                   0x00000000   Number         0  aht20.o ABSOLUTE
    ..\\Core\\Src\\oled.c                    0x00000000   Number         0  oled.o ABSOLUTE
    dc.s                                     0x00000000   Number         0  dc.o ABSOLUTE
    startup_stm32f103xb.s                    0x00000000   Number         0  startup_stm32f103xb.o ABSOLUTE
    RESET                                    0x08000000   Section      236  startup_stm32f103xb.o(RESET)
    !!!main                                  0x080000ec   Section        8  __main.o(!!!main)
    !!!scatter                               0x080000f4   Section       52  __scatter.o(!!!scatter)
    !!handler_copy                           0x08000128   Section       26  __scatter_copy.o(!!handler_copy)
    !!handler_zi                             0x08000144   Section       28  __scatter_zi.o(!!handler_zi)
    .ARM.Collect$$_printf_percent$$00000000  0x08000160   Section        0  _printf_percent.o(.ARM.Collect$$_printf_percent$$00000000)
    .ARM.Collect$$_printf_percent$$00000003  0x08000160   Section        6  _printf_f.o(.ARM.Collect$$_printf_percent$$00000003)
    .ARM.Collect$$_printf_percent$$00000017  0x08000166   Section        4  _printf_percent_end.o(.ARM.Collect$$_printf_percent$$00000017)
    .ARM.Collect$$libinit$$00000000          0x0800016a   Section        2  libinit.o(.ARM.Collect$$libinit$$00000000)
    .ARM.Collect$$libinit$$00000002          0x0800016c   Section        0  libinit2.o(.ARM.Collect$$libinit$$00000002)
    .ARM.Collect$$libinit$$00000004          0x0800016c   Section        0  libinit2.o(.ARM.Collect$$libinit$$00000004)
    .ARM.Collect$$libinit$$0000000A          0x0800016c   Section        0  libinit2.o(.ARM.Collect$$libinit$$0000000A)
    .ARM.Collect$$libinit$$0000000C          0x0800016c   Section        0  libinit2.o(.ARM.Collect$$libinit$$0000000C)
    .ARM.Collect$$libinit$$0000000E          0x0800016c   Section        0  libinit2.o(.ARM.Collect$$libinit$$0000000E)
    .ARM.Collect$$libinit$$0000000F          0x0800016c   Section        6  libinit2.o(.ARM.Collect$$libinit$$0000000F)
    .ARM.Collect$$libinit$$00000011          0x08000172   Section        0  libinit2.o(.ARM.Collect$$libinit$$00000011)
    .ARM.Collect$$libinit$$00000013          0x08000172   Section        0  libinit2.o(.ARM.Collect$$libinit$$00000013)
    .ARM.Collect$$libinit$$00000015          0x08000172   Section        0  libinit2.o(.ARM.Collect$$libinit$$00000015)
    .ARM.Collect$$libinit$$00000016          0x08000172   Section       10  libinit2.o(.ARM.Collect$$libinit$$00000016)
    .ARM.Collect$$libinit$$00000017          0x0800017c   Section        0  libinit2.o(.ARM.Collect$$libinit$$00000017)
    .ARM.Collect$$libinit$$00000019          0x0800017c   Section        0  libinit2.o(.ARM.Collect$$libinit$$00000019)
    .ARM.Collect$$libinit$$0000001B          0x0800017c   Section        0  libinit2.o(.ARM.Collect$$libinit$$0000001B)
    .ARM.Collect$$libinit$$0000001D          0x0800017c   Section        0  libinit2.o(.ARM.Collect$$libinit$$0000001D)
    .ARM.Collect$$libinit$$0000001F          0x0800017c   Section        0  libinit2.o(.ARM.Collect$$libinit$$0000001F)
    .ARM.Collect$$libinit$$00000021          0x0800017c   Section        0  libinit2.o(.ARM.Collect$$libinit$$00000021)
    .ARM.Collect$$libinit$$00000023          0x0800017c   Section        0  libinit2.o(.ARM.Collect$$libinit$$00000023)
    .ARM.Collect$$libinit$$00000025          0x0800017c   Section        0  libinit2.o(.ARM.Collect$$libinit$$00000025)
    .ARM.Collect$$libinit$$0000002C          0x0800017c   Section        0  libinit2.o(.ARM.Collect$$libinit$$0000002C)
    .ARM.Collect$$libinit$$0000002E          0x0800017c   Section        0  libinit2.o(.ARM.Collect$$libinit$$0000002E)
    .ARM.Collect$$libinit$$00000030          0x0800017c   Section        0  libinit2.o(.ARM.Collect$$libinit$$00000030)
    .ARM.Collect$$libinit$$00000032          0x0800017c   Section        0  libinit2.o(.ARM.Collect$$libinit$$00000032)
    .ARM.Collect$$libinit$$00000033          0x0800017c   Section        2  libinit2.o(.ARM.Collect$$libinit$$00000033)
    .ARM.Collect$$libshutdown$$00000000      0x0800017e   Section        2  libshutdown.o(.ARM.Collect$$libshutdown$$00000000)
    .ARM.Collect$$libshutdown$$00000002      0x08000180   Section        0  libshutdown2.o(.ARM.Collect$$libshutdown$$00000002)
    .ARM.Collect$$libshutdown$$00000004      0x08000180   Section        0  libshutdown2.o(.ARM.Collect$$libshutdown$$00000004)
    .ARM.Collect$$libshutdown$$00000006      0x08000180   Section        0  libshutdown2.o(.ARM.Collect$$libshutdown$$00000006)
    .ARM.Collect$$libshutdown$$00000009      0x08000180   Section        0  libshutdown2.o(.ARM.Collect$$libshutdown$$00000009)
    .ARM.Collect$$libshutdown$$0000000C      0x08000180   Section        0  libshutdown2.o(.ARM.Collect$$libshutdown$$0000000C)
    .ARM.Collect$$libshutdown$$0000000E      0x08000180   Section        0  libshutdown2.o(.ARM.Collect$$libshutdown$$0000000E)
    .ARM.Collect$$libshutdown$$00000011      0x08000180   Section        0  libshutdown2.o(.ARM.Collect$$libshutdown$$00000011)
    .ARM.Collect$$libshutdown$$00000012      0x08000180   Section        2  libshutdown2.o(.ARM.Collect$$libshutdown$$00000012)
    .ARM.Collect$$rtentry$$00000000          0x08000182   Section        0  __rtentry.o(.ARM.Collect$$rtentry$$00000000)
    .ARM.Collect$$rtentry$$00000002          0x08000182   Section        0  __rtentry2.o(.ARM.Collect$$rtentry$$00000002)
    .ARM.Collect$$rtentry$$00000004          0x08000182   Section        6  __rtentry4.o(.ARM.Collect$$rtentry$$00000004)
    .ARM.Collect$$rtentry$$00000009          0x08000188   Section        0  __rtentry2.o(.ARM.Collect$$rtentry$$00000009)
    .ARM.Collect$$rtentry$$0000000A          0x08000188   Section        4  __rtentry2.o(.ARM.Collect$$rtentry$$0000000A)
    .ARM.Collect$$rtentry$$0000000C          0x0800018c   Section        0  __rtentry2.o(.ARM.Collect$$rtentry$$0000000C)
    .ARM.Collect$$rtentry$$0000000D          0x0800018c   Section        8  __rtentry2.o(.ARM.Collect$$rtentry$$0000000D)
    .ARM.Collect$$rtexit$$00000000           0x08000194   Section        2  rtexit.o(.ARM.Collect$$rtexit$$00000000)
    .ARM.Collect$$rtexit$$00000002           0x08000196   Section        0  rtexit2.o(.ARM.Collect$$rtexit$$00000002)
    .ARM.Collect$$rtexit$$00000003           0x08000196   Section        4  rtexit2.o(.ARM.Collect$$rtexit$$00000003)
    .ARM.Collect$$rtexit$$00000004           0x0800019a   Section        6  rtexit2.o(.ARM.Collect$$rtexit$$00000004)
    .text                                    0x080001a0   Section       64  startup_stm32f103xb.o(.text)
    .text                                    0x080001e0   Section        0  noretval__2sprintf.o(.text)
    .text                                    0x08000208   Section        0  __printf_wp.o(.text)
    .text                                    0x08000316   Section        0  memcmp.o(.text)
    .text                                    0x0800036e   Section      138  rt_memcpy_v6.o(.text)
    .text                                    0x080003f8   Section       68  rt_memclr.o(.text)
    .text                                    0x0800043c   Section       78  rt_memclr_w.o(.text)
    .text                                    0x0800048a   Section        0  heapauxi.o(.text)
    .text                                    0x08000490   Section        0  _printf_fp_dec.o(.text)
    _fp_digits                               0x08000493   Thumb Code   432  _printf_fp_dec.o(.text)
    .text                                    0x080008b0   Section        0  _printf_char_common.o(.text)
    _printf_input_char                       0x080008b1   Thumb Code    10  _printf_char_common.o(.text)
    .text                                    0x080008e0   Section        0  _sputc.o(.text)
    .text                                    0x080008ea   Section      100  rt_memcpy_w.o(.text)
    .text                                    0x08000950   Section        8  rt_locale_intlibspace.o(.text)
    .text                                    0x08000958   Section      138  lludiv10.o(.text)
    .text                                    0x080009e4   Section        0  _printf_fp_infnan.o(.text)
    .text                                    0x08000a64   Section        0  bigflt0.o(.text)
    .text                                    0x08000b48   Section        8  libspace.o(.text)
    .text                                    0x08000b50   Section       74  sys_stackheap_outer.o(.text)
    .text                                    0x08000b9a   Section        0  exit.o(.text)
    .text                                    0x08000bac   Section      128  strcmpv7m.o(.text)
    .text                                    0x08000c2c   Section        0  sys_exit.o(.text)
    .text                                    0x08000c38   Section        2  use_no_semi.o(.text)
    .text                                    0x08000c3a   Section        0  indicate_semi.o(.text)
    CL$$btod_d2e                             0x08000c3a   Section       62  btod.o(CL$$btod_d2e)
    CL$$btod_d2e_denorm_low                  0x08000c78   Section       70  btod.o(CL$$btod_d2e_denorm_low)
    CL$$btod_d2e_norm_op1                    0x08000cbe   Section       96  btod.o(CL$$btod_d2e_norm_op1)
    CL$$btod_div_common                      0x08000d1e   Section      824  btod.o(CL$$btod_div_common)
    CL$$btod_e2e                             0x08001056   Section      220  btod.o(CL$$btod_e2e)
    CL$$btod_ediv                            0x08001132   Section       42  btod.o(CL$$btod_ediv)
    CL$$btod_emul                            0x0800115c   Section       42  btod.o(CL$$btod_emul)
    CL$$btod_mult_common                     0x08001186   Section      580  btod.o(CL$$btod_mult_common)
    i.AHT20_Humidity                         0x080013cc   Section        0  aht20.o(i.AHT20_Humidity)
    i.AHT20_Init                             0x080013d8   Section        0  aht20.o(i.AHT20_Init)
    i.AHT20_Measure                          0x08001404   Section        0  aht20.o(i.AHT20_Measure)
    i.AHT20_Receive                          0x080014a4   Section        0  aht20.o(i.AHT20_Receive)
    i.AHT20_Send                             0x080014c0   Section        0  aht20.o(i.AHT20_Send)
    i.AHT20_Temperature                      0x080014dc   Section        0  aht20.o(i.AHT20_Temperature)
    i.BusFault_Handler                       0x080014e8   Section        0  stm32f1xx_it.o(i.BusFault_Handler)
    i.DebugMon_Handler                       0x080014ea   Section        0  stm32f1xx_it.o(i.DebugMon_Handler)
    i.Error_Handler                          0x080014ec   Section        0  main.o(i.Error_Handler)
    i.HAL_Delay                              0x080014f0   Section        0  stm32f1xx_hal.o(i.HAL_Delay)
    i.HAL_GPIO_Init                          0x08001514   Section        0  stm32f1xx_hal_gpio.o(i.HAL_GPIO_Init)
    i.HAL_GetTick                            0x080016f4   Section        0  stm32f1xx_hal.o(i.HAL_GetTick)
    i.HAL_I2C_Init                           0x08001700   Section        0  stm32f1xx_hal_i2c.o(i.HAL_I2C_Init)
    i.HAL_I2C_Master_Receive                 0x08001888   Section        0  stm32f1xx_hal_i2c.o(i.HAL_I2C_Master_Receive)
    i.HAL_I2C_Master_Transmit                0x08001ad8   Section        0  stm32f1xx_hal_i2c.o(i.HAL_I2C_Master_Transmit)
    i.HAL_I2C_MspInit                        0x08001c04   Section        0  i2c.o(i.HAL_I2C_MspInit)
    i.HAL_IncTick                            0x08001c60   Section        0  stm32f1xx_hal.o(i.HAL_IncTick)
    i.HAL_Init                               0x08001c70   Section        0  stm32f1xx_hal.o(i.HAL_Init)
    i.HAL_InitTick                           0x08001c94   Section        0  stm32f1xx_hal.o(i.HAL_InitTick)
    i.HAL_MspInit                            0x08001cd4   Section        0  stm32f1xx_hal_msp.o(i.HAL_MspInit)
    i.HAL_NVIC_SetPriority                   0x08001d10   Section        0  stm32f1xx_hal_cortex.o(i.HAL_NVIC_SetPriority)
    i.HAL_NVIC_SetPriorityGrouping           0x08001d50   Section        0  stm32f1xx_hal_cortex.o(i.HAL_NVIC_SetPriorityGrouping)
    i.HAL_RCC_ClockConfig                    0x08001d74   Section        0  stm32f1xx_hal_rcc.o(i.HAL_RCC_ClockConfig)
    i.HAL_RCC_GetPCLK1Freq                   0x08001ea0   Section        0  stm32f1xx_hal_rcc.o(i.HAL_RCC_GetPCLK1Freq)
    i.HAL_RCC_GetSysClockFreq                0x08001ec0   Section        0  stm32f1xx_hal_rcc.o(i.HAL_RCC_GetSysClockFreq)
    i.HAL_RCC_OscConfig                      0x08001f0c   Section        0  stm32f1xx_hal_rcc.o(i.HAL_RCC_OscConfig)
    i.HAL_SYSTICK_Config                     0x0800222c   Section        0  stm32f1xx_hal_cortex.o(i.HAL_SYSTICK_Config)
    i.HardFault_Handler                      0x08002254   Section        0  stm32f1xx_it.o(i.HardFault_Handler)
    i.I2C_IsAcknowledgeFailed                0x08002256   Section        0  stm32f1xx_hal_i2c.o(i.I2C_IsAcknowledgeFailed)
    I2C_IsAcknowledgeFailed                  0x08002257   Thumb Code    46  stm32f1xx_hal_i2c.o(i.I2C_IsAcknowledgeFailed)
    i.I2C_MasterRequestRead                  0x08002284   Section        0  stm32f1xx_hal_i2c.o(i.I2C_MasterRequestRead)
    I2C_MasterRequestRead                    0x08002285   Thumb Code   230  stm32f1xx_hal_i2c.o(i.I2C_MasterRequestRead)
    i.I2C_MasterRequestWrite                 0x08002370   Section        0  stm32f1xx_hal_i2c.o(i.I2C_MasterRequestWrite)
    I2C_MasterRequestWrite                   0x08002371   Thumb Code   150  stm32f1xx_hal_i2c.o(i.I2C_MasterRequestWrite)
    i.I2C_WaitOnBTFFlagUntilTimeout          0x0800240c   Section        0  stm32f1xx_hal_i2c.o(i.I2C_WaitOnBTFFlagUntilTimeout)
    I2C_WaitOnBTFFlagUntilTimeout            0x0800240d   Thumb Code    86  stm32f1xx_hal_i2c.o(i.I2C_WaitOnBTFFlagUntilTimeout)
    i.I2C_WaitOnFlagUntilTimeout             0x08002464   Section        0  stm32f1xx_hal_i2c.o(i.I2C_WaitOnFlagUntilTimeout)
    I2C_WaitOnFlagUntilTimeout               0x08002465   Thumb Code   144  stm32f1xx_hal_i2c.o(i.I2C_WaitOnFlagUntilTimeout)
    i.I2C_WaitOnMasterAddressFlagUntilTimeout 0x080024f4   Section        0  stm32f1xx_hal_i2c.o(i.I2C_WaitOnMasterAddressFlagUntilTimeout)
    I2C_WaitOnMasterAddressFlagUntilTimeout  0x080024f5   Thumb Code   188  stm32f1xx_hal_i2c.o(i.I2C_WaitOnMasterAddressFlagUntilTimeout)
    i.I2C_WaitOnRXNEFlagUntilTimeout         0x080025b0   Section        0  stm32f1xx_hal_i2c.o(i.I2C_WaitOnRXNEFlagUntilTimeout)
    I2C_WaitOnRXNEFlagUntilTimeout           0x080025b1   Thumb Code   112  stm32f1xx_hal_i2c.o(i.I2C_WaitOnRXNEFlagUntilTimeout)
    i.I2C_WaitOnTXEFlagUntilTimeout          0x08002620   Section        0  stm32f1xx_hal_i2c.o(i.I2C_WaitOnTXEFlagUntilTimeout)
    I2C_WaitOnTXEFlagUntilTimeout            0x08002621   Thumb Code    86  stm32f1xx_hal_i2c.o(i.I2C_WaitOnTXEFlagUntilTimeout)
    i.MX_GPIO_Init                           0x08002678   Section        0  gpio.o(i.MX_GPIO_Init)
    i.MX_I2C1_Init                           0x080026b4   Section        0  i2c.o(i.MX_I2C1_Init)
    i.MemManage_Handler                      0x080026f4   Section        0  stm32f1xx_it.o(i.MemManage_Handler)
    i.NMI_Handler                            0x080026f6   Section        0  stm32f1xx_it.o(i.NMI_Handler)
    i.OLED_Init                              0x080026f8   Section        0  oled.o(i.OLED_Init)
    i.OLED_NewFrame                          0x080027b0   Section        0  oled.o(i.OLED_NewFrame)
    i.OLED_PrintASCIIChar                    0x080027c0   Section        0  oled.o(i.OLED_PrintASCIIChar)
    i.OLED_PrintString                       0x080027e0   Section        0  oled.o(i.OLED_PrintString)
    i.OLED_Send                              0x08002898   Section        0  oled.o(i.OLED_Send)
    i.OLED_SendCmd                           0x080028b4   Section        0  oled.o(i.OLED_SendCmd)
    i.OLED_SetBits                           0x080028c4   Section        0  oled.o(i.OLED_SetBits)
    i.OLED_SetBits_Fine                      0x0800290c   Section        0  oled.o(i.OLED_SetBits_Fine)
    i.OLED_SetBlock                          0x08002974   Section        0  oled.o(i.OLED_SetBlock)
    i.OLED_SetByte_Fine                      0x080029fc   Section        0  oled.o(i.OLED_SetByte_Fine)
    i.OLED_ShowFrame                         0x08002a44   Section        0  oled.o(i.OLED_ShowFrame)
    i.PendSV_Handler                         0x08002a8c   Section        0  stm32f1xx_it.o(i.PendSV_Handler)
    i.SVC_Handler                            0x08002a8e   Section        0  stm32f1xx_it.o(i.SVC_Handler)
    i.SysTick_Handler                        0x08002a90   Section        0  stm32f1xx_it.o(i.SysTick_Handler)
    i.SystemClock_Config                     0x08002a94   Section        0  main.o(i.SystemClock_Config)
    i.SystemInit                             0x08002ae4   Section        0  system_stm32f1xx.o(i.SystemInit)
    i.UsageFault_Handler                     0x08002ae6   Section        0  stm32f1xx_it.o(i.UsageFault_Handler)
    i._OLED_GetUTF8Len                       0x08002ae8   Section        0  oled.o(i._OLED_GetUTF8Len)
    i.__ARM_fpclassify                       0x08002b1a   Section        0  fpclassify.o(i.__ARM_fpclassify)
    i.__NVIC_SetPriority                     0x08002b42   Section        0  stm32f1xx_hal_cortex.o(i.__NVIC_SetPriority)
    __NVIC_SetPriority                       0x08002b43   Thumb Code    32  stm32f1xx_hal_cortex.o(i.__NVIC_SetPriority)
    i._is_digit                              0x08002b62   Section        0  __printf_wp.o(i._is_digit)
    i.main                                   0x08002b70   Section        0  main.o(i.main)
    locale$$code                             0x08002c10   Section       44  lc_numeric_c.o(locale$$code)
    x$fpl$dretinf                            0x08002c3c   Section       12  dretinf.o(x$fpl$dretinf)
    x$fpl$f2d                                0x08002c48   Section       86  f2d.o(x$fpl$f2d)
    x$fpl$fadd                               0x08002ca0   Section      196  faddsub_clz.o(x$fpl$fadd)
    _fadd1                                   0x08002caf   Thumb Code     0  faddsub_clz.o(x$fpl$fadd)
    x$fpl$fcheck1                            0x08002d64   Section       12  fcheck1.o(x$fpl$fcheck1)
    x$fpl$ffltu                              0x08002d70   Section       38  fflt_clz.o(x$fpl$ffltu)
    x$fpl$fmul                               0x08002d98   Section      258  fmul.o(x$fpl$fmul)
    x$fpl$fnaninf                            0x08002e9a   Section      140  fnaninf.o(x$fpl$fnaninf)
    x$fpl$fretinf                            0x08002f26   Section       10  fretinf.o(x$fpl$fretinf)
    x$fpl$fsub                               0x08002f30   Section      234  faddsub_clz.o(x$fpl$fsub)
    _fsub1                                   0x08002f3f   Thumb Code     0  faddsub_clz.o(x$fpl$fsub)
    x$fpl$printf1                            0x0800301a   Section        4  printf1.o(x$fpl$printf1)
    x$fpl$retnan                             0x0800301e   Section      100  retnan.o(x$fpl$retnan)
    x$fpl$scalbnf                            0x08003082   Section       76  scalbnf.o(x$fpl$scalbnf)
    x$fpl$trapveneer                         0x080030ce   Section       48  trapv.o(x$fpl$trapveneer)
    .constdata                               0x080030fe   Section     1520  font.o(.constdata)
    x$fpl$usenofp                            0x080030fe   Section        0  usenofp.o(x$fpl$usenofp)
    .constdata                               0x080036f0   Section        8  font.o(.constdata)
    .constdata                               0x080036f8   Section      144  font.o(.constdata)
    .constdata                               0x08003788   Section       16  font.o(.constdata)
    .constdata                               0x08003798   Section       18  stm32f1xx_hal_rcc.o(.constdata)
    aPredivFactorTable                       0x08003798   Data           2  stm32f1xx_hal_rcc.o(.constdata)
    aPLLMULFactorTable                       0x0800379a   Data          16  stm32f1xx_hal_rcc.o(.constdata)
    .constdata                               0x080037aa   Section       16  system_stm32f1xx.o(.constdata)
    .constdata                               0x080037ba   Section        8  system_stm32f1xx.o(.constdata)
    .constdata                               0x080037c4   Section      148  bigflt0.o(.constdata)
    tenpwrs_x                                0x080037c4   Data          60  bigflt0.o(.constdata)
    tenpwrs_i                                0x08003800   Data          64  bigflt0.o(.constdata)
    locale$$data                             0x08003878   Section       28  lc_numeric_c.o(locale$$data)
    __lcnum_c_name                           0x0800387c   Data           2  lc_numeric_c.o(locale$$data)
    __lcnum_c_start                          0x08003884   Data           0  lc_numeric_c.o(locale$$data)
    __lcnum_c_point                          0x08003890   Data           0  lc_numeric_c.o(locale$$data)
    __lcnum_c_thousands                      0x08003892   Data           0  lc_numeric_c.o(locale$$data)
    __lcnum_c_grouping                       0x08003893   Data           0  lc_numeric_c.o(locale$$data)
    __lcnum_c_end                            0x08003894   Data           0  lc_numeric_c.o(locale$$data)
    .data                                    0x20000000   Section        4  oled.o(.data)
    temp                                     0x20000000   Data           1  oled.o(.data)
    temp                                     0x20000001   Data           1  oled.o(.data)
    sendBuffer                               0x20000002   Data           2  oled.o(.data)
    .data                                    0x20000004   Section        8  aht20.o(.data)
    .data                                    0x2000000c   Section       12  stm32f1xx_hal.o(.data)
    .data                                    0x20000018   Section        4  system_stm32f1xx.o(.data)
    .bss                                     0x2000001c   Section       84  i2c.o(.bss)
    .bss                                     0x20000070   Section     1153  oled.o(.bss)
    sendBuffer                               0x20000070   Data         129  oled.o(.bss)
    .bss                                     0x200004f4   Section       96  libspace.o(.bss)
    HEAP                                     0x20000558   Section      512  startup_stm32f103xb.o(HEAP)
    Heap_Mem                                 0x20000558   Data         512  startup_stm32f103xb.o(HEAP)
    STACK                                    0x20000758   Section     1024  startup_stm32f103xb.o(STACK)
    Stack_Mem                                0x20000758   Data        1024  startup_stm32f103xb.o(STACK)
    __initial_sp                             0x20000b58   Data           0  startup_stm32f103xb.o(STACK)

    Global Symbols

    Symbol Name                              Value     Ov Type        Size  Object(Section)

    BuildAttributes$$THM_ISAv4$P$D$K$B$S$PE$A:L22UL41UL21$X:L11$S22US41US21$IEEE1$IW$USESV6$~STKCKD$USESV7$~SHL$OTIME$ROPI$IEEEJ$EBA8$UX$STANDARDLIB$REQ8$PRES8$EABIv2 0x00000000   Number         0  anon$$obj.o ABSOLUTE
    __ARM_use_no_argv                        0x00000000   Number         0  main.o ABSOLUTE
    _printf_flags                            0x00000000   Number         0  printf_stubs.o ABSOLUTE
    _printf_return_value                     0x00000000   Number         0  printf_stubs.o ABSOLUTE
    _printf_sizespec                         0x00000000   Number         0  printf_stubs.o ABSOLUTE
    _printf_widthprec                        0x00000000   Number         0  printf_stubs.o ABSOLUTE
    __ARM_exceptions_init                     - Undefined Weak Reference
    __alloca_initialize                       - Undefined Weak Reference
    __arm_fini_                               - Undefined Weak Reference
    __arm_preinit_                            - Undefined Weak Reference
    __cpp_initialize__aeabi_                  - Undefined Weak Reference
    __cxa_finalize                            - Undefined Weak Reference
    __sigvec_lookup                           - Undefined Weak Reference
    _atexit_init                              - Undefined Weak Reference
    _call_atexit_fns                          - Undefined Weak Reference
    _clock_init                               - Undefined Weak Reference
    _fp_trap_init                             - Undefined Weak Reference
    _fp_trap_shutdown                         - Undefined Weak Reference
    _get_lc_collate                           - Undefined Weak Reference
    _get_lc_ctype                             - Undefined Weak Reference
    _get_lc_monetary                          - Undefined Weak Reference
    _get_lc_time                              - Undefined Weak Reference
    _getenv_init                              - Undefined Weak Reference
    _handle_redirection                       - Undefined Weak Reference
    _init_alloc                               - Undefined Weak Reference
    _init_user_alloc                          - Undefined Weak Reference
    _initio                                   - Undefined Weak Reference
    _printf_post_padding                      - Undefined Weak Reference
    _printf_pre_padding                       - Undefined Weak Reference
    _rand_init                                - Undefined Weak Reference
    _signal_finish                            - Undefined Weak Reference
    _signal_init                              - Undefined Weak Reference
    _terminate_alloc                          - Undefined Weak Reference
    _terminate_user_alloc                     - Undefined Weak Reference
    _terminateio                              - Undefined Weak Reference
    __Vectors_Size                           0x000000ec   Number         0  startup_stm32f103xb.o ABSOLUTE
    __Vectors                                0x08000000   Data           4  startup_stm32f103xb.o(RESET)
    __Vectors_End                            0x080000ec   Data           0  startup_stm32f103xb.o(RESET)
    __main                                   0x080000ed   Thumb Code     8  __main.o(!!!main)
    __scatterload                            0x080000f5   Thumb Code     0  __scatter.o(!!!scatter)
    __scatterload_rt2                        0x080000f5   Thumb Code    44  __scatter.o(!!!scatter)
    __scatterload_rt2_thumb_only             0x080000f5   Thumb Code     0  __scatter.o(!!!scatter)
    __scatterload_null                       0x08000103   Thumb Code     0  __scatter.o(!!!scatter)
    __scatterload_copy                       0x08000129   Thumb Code    26  __scatter_copy.o(!!handler_copy)
    __scatterload_zeroinit                   0x08000145   Thumb Code    28  __scatter_zi.o(!!handler_zi)
    _printf_f                                0x08000161   Thumb Code     0  _printf_f.o(.ARM.Collect$$_printf_percent$$00000003)
    _printf_percent                          0x08000161   Thumb Code     0  _printf_percent.o(.ARM.Collect$$_printf_percent$$00000000)
    _printf_percent_end                      0x08000167   Thumb Code     0  _printf_percent_end.o(.ARM.Collect$$_printf_percent$$00000017)
    __rt_lib_init                            0x0800016b   Thumb Code     0  libinit.o(.ARM.Collect$$libinit$$00000000)
    __rt_lib_init_fp_1                       0x0800016d   Thumb Code     0  libinit2.o(.ARM.Collect$$libinit$$00000002)
    __rt_lib_init_heap_1                     0x0800016d   Thumb Code     0  libinit2.o(.ARM.Collect$$libinit$$0000000A)
    __rt_lib_init_lc_common                  0x0800016d   Thumb Code     0  libinit2.o(.ARM.Collect$$libinit$$0000000F)
    __rt_lib_init_preinit_1                  0x0800016d   Thumb Code     0  libinit2.o(.ARM.Collect$$libinit$$00000004)
    __rt_lib_init_rand_1                     0x0800016d   Thumb Code     0  libinit2.o(.ARM.Collect$$libinit$$0000000E)
    __rt_lib_init_user_alloc_1               0x0800016d   Thumb Code     0  libinit2.o(.ARM.Collect$$libinit$$0000000C)
    __rt_lib_init_lc_collate_1               0x08000173   Thumb Code     0  libinit2.o(.ARM.Collect$$libinit$$00000011)
    __rt_lib_init_lc_ctype_1                 0x08000173   Thumb Code     0  libinit2.o(.ARM.Collect$$libinit$$00000013)
    __rt_lib_init_lc_monetary_1              0x08000173   Thumb Code     0  libinit2.o(.ARM.Collect$$libinit$$00000015)
    __rt_lib_init_lc_numeric_2               0x08000173   Thumb Code     0  libinit2.o(.ARM.Collect$$libinit$$00000016)
    __rt_lib_init_alloca_1                   0x0800017d   Thumb Code     0  libinit2.o(.ARM.Collect$$libinit$$0000002E)
    __rt_lib_init_argv_1                     0x0800017d   Thumb Code     0  libinit2.o(.ARM.Collect$$libinit$$0000002C)
    __rt_lib_init_atexit_1                   0x0800017d   Thumb Code     0  libinit2.o(.ARM.Collect$$libinit$$0000001B)
    __rt_lib_init_clock_1                    0x0800017d   Thumb Code     0  libinit2.o(.ARM.Collect$$libinit$$00000021)
    __rt_lib_init_cpp_1                      0x0800017d   Thumb Code     0  libinit2.o(.ARM.Collect$$libinit$$00000032)
    __rt_lib_init_exceptions_1               0x0800017d   Thumb Code     0  libinit2.o(.ARM.Collect$$libinit$$00000030)
    __rt_lib_init_fp_trap_1                  0x0800017d   Thumb Code     0  libinit2.o(.ARM.Collect$$libinit$$0000001F)
    __rt_lib_init_getenv_1                   0x0800017d   Thumb Code     0  libinit2.o(.ARM.Collect$$libinit$$00000023)
    __rt_lib_init_lc_numeric_1               0x0800017d   Thumb Code     0  libinit2.o(.ARM.Collect$$libinit$$00000017)
    __rt_lib_init_lc_time_1                  0x0800017d   Thumb Code     0  libinit2.o(.ARM.Collect$$libinit$$00000019)
    __rt_lib_init_return                     0x0800017d   Thumb Code     0  libinit2.o(.ARM.Collect$$libinit$$00000033)
    __rt_lib_init_signal_1                   0x0800017d   Thumb Code     0  libinit2.o(.ARM.Collect$$libinit$$0000001D)
    __rt_lib_init_stdio_1                    0x0800017d   Thumb Code     0  libinit2.o(.ARM.Collect$$libinit$$00000025)
    __rt_lib_shutdown                        0x0800017f   Thumb Code     0  libshutdown.o(.ARM.Collect$$libshutdown$$00000000)
    __rt_lib_shutdown_cpp_1                  0x08000181   Thumb Code     0  libshutdown2.o(.ARM.Collect$$libshutdown$$00000004)
    __rt_lib_shutdown_fini_1                 0x08000181   Thumb Code     0  libshutdown2.o(.ARM.Collect$$libshutdown$$00000002)
    __rt_lib_shutdown_fp_trap_1              0x08000181   Thumb Code     0  libshutdown2.o(.ARM.Collect$$libshutdown$$00000009)
    __rt_lib_shutdown_heap_1                 0x08000181   Thumb Code     0  libshutdown2.o(.ARM.Collect$$libshutdown$$00000011)
    __rt_lib_shutdown_return                 0x08000181   Thumb Code     0  libshutdown2.o(.ARM.Collect$$libshutdown$$00000012)
    __rt_lib_shutdown_signal_1               0x08000181   Thumb Code     0  libshutdown2.o(.ARM.Collect$$libshutdown$$0000000C)
    __rt_lib_shutdown_stdio_1                0x08000181   Thumb Code     0  libshutdown2.o(.ARM.Collect$$libshutdown$$00000006)
    __rt_lib_shutdown_user_alloc_1           0x08000181   Thumb Code     0  libshutdown2.o(.ARM.Collect$$libshutdown$$0000000E)
    __rt_entry                               0x08000183   Thumb Code     0  __rtentry.o(.ARM.Collect$$rtentry$$00000000)
    __rt_entry_presh_1                       0x08000183   Thumb Code     0  __rtentry2.o(.ARM.Collect$$rtentry$$00000002)
    __rt_entry_sh                            0x08000183   Thumb Code     0  __rtentry4.o(.ARM.Collect$$rtentry$$00000004)
    __rt_entry_li                            0x08000189   Thumb Code     0  __rtentry2.o(.ARM.Collect$$rtentry$$0000000A)
    __rt_entry_postsh_1                      0x08000189   Thumb Code     0  __rtentry2.o(.ARM.Collect$$rtentry$$00000009)
    __rt_entry_main                          0x0800018d   Thumb Code     0  __rtentry2.o(.ARM.Collect$$rtentry$$0000000D)
    __rt_entry_postli_1                      0x0800018d   Thumb Code     0  __rtentry2.o(.ARM.Collect$$rtentry$$0000000C)
    __rt_exit                                0x08000195   Thumb Code     0  rtexit.o(.ARM.Collect$$rtexit$$00000000)
    __rt_exit_ls                             0x08000197   Thumb Code     0  rtexit2.o(.ARM.Collect$$rtexit$$00000003)
    __rt_exit_prels_1                        0x08000197   Thumb Code     0  rtexit2.o(.ARM.Collect$$rtexit$$00000002)
    __rt_exit_exit                           0x0800019b   Thumb Code     0  rtexit2.o(.ARM.Collect$$rtexit$$00000004)
    Reset_Handler                            0x080001a1   Thumb Code     8  startup_stm32f103xb.o(.text)
    ADC1_2_IRQHandler                        0x080001bb   Thumb Code     0  startup_stm32f103xb.o(.text)
    CAN1_RX1_IRQHandler                      0x080001bb   Thumb Code     0  startup_stm32f103xb.o(.text)
    CAN1_SCE_IRQHandler                      0x080001bb   Thumb Code     0  startup_stm32f103xb.o(.text)
    DMA1_Channel1_IRQHandler                 0x080001bb   Thumb Code     0  startup_stm32f103xb.o(.text)
    DMA1_Channel2_IRQHandler                 0x080001bb   Thumb Code     0  startup_stm32f103xb.o(.text)
    DMA1_Channel3_IRQHandler                 0x080001bb   Thumb Code     0  startup_stm32f103xb.o(.text)
    DMA1_Channel4_IRQHandler                 0x080001bb   Thumb Code     0  startup_stm32f103xb.o(.text)
    DMA1_Channel5_IRQHandler                 0x080001bb   Thumb Code     0  startup_stm32f103xb.o(.text)
    DMA1_Channel6_IRQHandler                 0x080001bb   Thumb Code     0  startup_stm32f103xb.o(.text)
    DMA1_Channel7_IRQHandler                 0x080001bb   Thumb Code     0  startup_stm32f103xb.o(.text)
    EXTI0_IRQHandler                         0x080001bb   Thumb Code     0  startup_stm32f103xb.o(.text)
    EXTI15_10_IRQHandler                     0x080001bb   Thumb Code     0  startup_stm32f103xb.o(.text)
    EXTI1_IRQHandler                         0x080001bb   Thumb Code     0  startup_stm32f103xb.o(.text)
    EXTI2_IRQHandler                         0x080001bb   Thumb Code     0  startup_stm32f103xb.o(.text)
    EXTI3_IRQHandler                         0x080001bb   Thumb Code     0  startup_stm32f103xb.o(.text)
    EXTI4_IRQHandler                         0x080001bb   Thumb Code     0  startup_stm32f103xb.o(.text)
    EXTI9_5_IRQHandler                       0x080001bb   Thumb Code     0  startup_stm32f103xb.o(.text)
    FLASH_IRQHandler                         0x080001bb   Thumb Code     0  startup_stm32f103xb.o(.text)
    I2C1_ER_IRQHandler                       0x080001bb   Thumb Code     0  startup_stm32f103xb.o(.text)
    I2C1_EV_IRQHandler                       0x080001bb   Thumb Code     0  startup_stm32f103xb.o(.text)
    I2C2_ER_IRQHandler                       0x080001bb   Thumb Code     0  startup_stm32f103xb.o(.text)
    I2C2_EV_IRQHandler                       0x080001bb   Thumb Code     0  startup_stm32f103xb.o(.text)
    PVD_IRQHandler                           0x080001bb   Thumb Code     0  startup_stm32f103xb.o(.text)
    RCC_IRQHandler                           0x080001bb   Thumb Code     0  startup_stm32f103xb.o(.text)
    RTC_Alarm_IRQHandler                     0x080001bb   Thumb Code     0  startup_stm32f103xb.o(.text)
    RTC_IRQHandler                           0x080001bb   Thumb Code     0  startup_stm32f103xb.o(.text)
    SPI1_IRQHandler                          0x080001bb   Thumb Code     0  startup_stm32f103xb.o(.text)
    SPI2_IRQHandler                          0x080001bb   Thumb Code     0  startup_stm32f103xb.o(.text)
    TAMPER_IRQHandler                        0x080001bb   Thumb Code     0  startup_stm32f103xb.o(.text)
    TIM1_BRK_IRQHandler                      0x080001bb   Thumb Code     0  startup_stm32f103xb.o(.text)
    TIM1_CC_IRQHandler                       0x080001bb   Thumb Code     0  startup_stm32f103xb.o(.text)
    TIM1_TRG_COM_IRQHandler                  0x080001bb   Thumb Code     0  startup_stm32f103xb.o(.text)
    TIM1_UP_IRQHandler                       0x080001bb   Thumb Code     0  startup_stm32f103xb.o(.text)
    TIM2_IRQHandler                          0x080001bb   Thumb Code     0  startup_stm32f103xb.o(.text)
    TIM3_IRQHandler                          0x080001bb   Thumb Code     0  startup_stm32f103xb.o(.text)
    TIM4_IRQHandler                          0x080001bb   Thumb Code     0  startup_stm32f103xb.o(.text)
    USART1_IRQHandler                        0x080001bb   Thumb Code     0  startup_stm32f103xb.o(.text)
    USART2_IRQHandler                        0x080001bb   Thumb Code     0  startup_stm32f103xb.o(.text)
    USART3_IRQHandler                        0x080001bb   Thumb Code     0  startup_stm32f103xb.o(.text)
    USBWakeUp_IRQHandler                     0x080001bb   Thumb Code     0  startup_stm32f103xb.o(.text)
    USB_HP_CAN1_TX_IRQHandler                0x080001bb   Thumb Code     0  startup_stm32f103xb.o(.text)
    USB_LP_CAN1_RX0_IRQHandler               0x080001bb   Thumb Code     0  startup_stm32f103xb.o(.text)
    WWDG_IRQHandler                          0x080001bb   Thumb Code     0  startup_stm32f103xb.o(.text)
    __user_initial_stackheap                 0x080001bd   Thumb Code     0  startup_stm32f103xb.o(.text)
    __2sprintf                               0x080001e1   Thumb Code    34  noretval__2sprintf.o(.text)
    __printf                                 0x08000209   Thumb Code   270  __printf_wp.o(.text)
    memcmp                                   0x08000317   Thumb Code    88  memcmp.o(.text)
    __aeabi_memcpy                           0x0800036f   Thumb Code     0  rt_memcpy_v6.o(.text)
    __rt_memcpy                              0x0800036f   Thumb Code   138  rt_memcpy_v6.o(.text)
    _memcpy_lastbytes                        0x080003d5   Thumb Code     0  rt_memcpy_v6.o(.text)
    __aeabi_memclr                           0x080003f9   Thumb Code     0  rt_memclr.o(.text)
    __rt_memclr                              0x080003f9   Thumb Code    68  rt_memclr.o(.text)
    _memset                                  0x080003fd   Thumb Code     0  rt_memclr.o(.text)
    __aeabi_memclr4                          0x0800043d   Thumb Code     0  rt_memclr_w.o(.text)
    __aeabi_memclr8                          0x0800043d   Thumb Code     0  rt_memclr_w.o(.text)
    __rt_memclr_w                            0x0800043d   Thumb Code    78  rt_memclr_w.o(.text)
    _memset_w                                0x08000441   Thumb Code     0  rt_memclr_w.o(.text)
    __use_two_region_memory                  0x0800048b   Thumb Code     2  heapauxi.o(.text)
    __rt_heap_escrow$2region                 0x0800048d   Thumb Code     2  heapauxi.o(.text)
    __rt_heap_expand$2region                 0x0800048f   Thumb Code     2  heapauxi.o(.text)
    __lib_sel_fp_printf                      0x08000491   Thumb Code     2  _printf_fp_dec.o(.text)
    _printf_fp_dec_real                      0x08000643   Thumb Code   620  _printf_fp_dec.o(.text)
    _printf_char_common                      0x080008bb   Thumb Code    32  _printf_char_common.o(.text)
    _sputc                                   0x080008e1   Thumb Code    10  _sputc.o(.text)
    __aeabi_memcpy4                          0x080008eb   Thumb Code     0  rt_memcpy_w.o(.text)
    __aeabi_memcpy8                          0x080008eb   Thumb Code     0  rt_memcpy_w.o(.text)
    __rt_memcpy_w                            0x080008eb   Thumb Code   100  rt_memcpy_w.o(.text)
    _memcpy_lastbytes_aligned                0x08000933   Thumb Code     0  rt_memcpy_w.o(.text)
    __rt_locale                              0x08000951   Thumb Code     8  rt_locale_intlibspace.o(.text)
    _ll_udiv10                               0x08000959   Thumb Code   138  lludiv10.o(.text)
    _printf_fp_infnan                        0x080009e5   Thumb Code   112  _printf_fp_infnan.o(.text)
    _btod_etento                             0x08000a65   Thumb Code   224  bigflt0.o(.text)
    __user_libspace                          0x08000b49   Thumb Code     8  libspace.o(.text)
    __user_perproc_libspace                  0x08000b49   Thumb Code     0  libspace.o(.text)
    __user_perthread_libspace                0x08000b49   Thumb Code     0  libspace.o(.text)
    __user_setup_stackheap                   0x08000b51   Thumb Code    74  sys_stackheap_outer.o(.text)
    exit                                     0x08000b9b   Thumb Code    18  exit.o(.text)
    strcmp                                   0x08000bad   Thumb Code   128  strcmpv7m.o(.text)
    _sys_exit                                0x08000c2d   Thumb Code     8  sys_exit.o(.text)
    __I$use$semihosting                      0x08000c39   Thumb Code     0  use_no_semi.o(.text)
    __use_no_semihosting_swi                 0x08000c39   Thumb Code     2  use_no_semi.o(.text)
    __semihosting_library_function           0x08000c3b   Thumb Code     0  indicate_semi.o(.text)
    _btod_d2e                                0x08000c3b   Thumb Code    62  btod.o(CL$$btod_d2e)
    _d2e_denorm_low                          0x08000c79   Thumb Code    70  btod.o(CL$$btod_d2e_denorm_low)
    _d2e_norm_op1                            0x08000cbf   Thumb Code    96  btod.o(CL$$btod_d2e_norm_op1)
    __btod_div_common                        0x08000d1f   Thumb Code   696  btod.o(CL$$btod_div_common)
    _e2e                                     0x08001057   Thumb Code   220  btod.o(CL$$btod_e2e)
    _btod_ediv                               0x08001133   Thumb Code    42  btod.o(CL$$btod_ediv)
    _btod_emul                               0x0800115d   Thumb Code    42  btod.o(CL$$btod_emul)
    __btod_mult_common                       0x08001187   Thumb Code   580  btod.o(CL$$btod_mult_common)
    AHT20_Humidity                           0x080013cd   Thumb Code     6  aht20.o(i.AHT20_Humidity)
    AHT20_Init                               0x080013d9   Thumb Code    40  aht20.o(i.AHT20_Init)
    AHT20_Measure                            0x08001405   Thumb Code   140  aht20.o(i.AHT20_Measure)
    AHT20_Receive                            0x080014a5   Thumb Code    22  aht20.o(i.AHT20_Receive)
    AHT20_Send                               0x080014c1   Thumb Code    22  aht20.o(i.AHT20_Send)
    AHT20_Temperature                        0x080014dd   Thumb Code     6  aht20.o(i.AHT20_Temperature)
    BusFault_Handler                         0x080014e9   Thumb Code     2  stm32f1xx_it.o(i.BusFault_Handler)
    DebugMon_Handler                         0x080014eb   Thumb Code     2  stm32f1xx_it.o(i.DebugMon_Handler)
    Error_Handler                            0x080014ed   Thumb Code     4  main.o(i.Error_Handler)
    HAL_Delay                                0x080014f1   Thumb Code    32  stm32f1xx_hal.o(i.HAL_Delay)
    HAL_GPIO_Init                            0x08001515   Thumb Code   446  stm32f1xx_hal_gpio.o(i.HAL_GPIO_Init)
    HAL_GetTick                              0x080016f5   Thumb Code     6  stm32f1xx_hal.o(i.HAL_GetTick)
    HAL_I2C_Init                             0x08001701   Thumb Code   376  stm32f1xx_hal_i2c.o(i.HAL_I2C_Init)
    HAL_I2C_Master_Receive                   0x08001889   Thumb Code   576  stm32f1xx_hal_i2c.o(i.HAL_I2C_Master_Receive)
    HAL_I2C_Master_Transmit                  0x08001ad9   Thumb Code   290  stm32f1xx_hal_i2c.o(i.HAL_I2C_Master_Transmit)
    HAL_I2C_MspInit                          0x08001c05   Thumb Code    80  i2c.o(i.HAL_I2C_MspInit)
    HAL_IncTick                              0x08001c61   Thumb Code    12  stm32f1xx_hal.o(i.HAL_IncTick)
    HAL_Init                                 0x08001c71   Thumb Code    32  stm32f1xx_hal.o(i.HAL_Init)
    HAL_InitTick                             0x08001c95   Thumb Code    54  stm32f1xx_hal.o(i.HAL_InitTick)
    HAL_MspInit                              0x08001cd5   Thumb Code    52  stm32f1xx_hal_msp.o(i.HAL_MspInit)
    HAL_NVIC_SetPriority                     0x08001d11   Thumb Code    60  stm32f1xx_hal_cortex.o(i.HAL_NVIC_SetPriority)
    HAL_NVIC_SetPriorityGrouping             0x08001d51   Thumb Code    26  stm32f1xx_hal_cortex.o(i.HAL_NVIC_SetPriorityGrouping)
    HAL_RCC_ClockConfig                      0x08001d75   Thumb Code   280  stm32f1xx_hal_rcc.o(i.HAL_RCC_ClockConfig)
    HAL_RCC_GetPCLK1Freq                     0x08001ea1   Thumb Code    20  stm32f1xx_hal_rcc.o(i.HAL_RCC_GetPCLK1Freq)
    HAL_RCC_GetSysClockFreq                  0x08001ec1   Thumb Code    58  stm32f1xx_hal_rcc.o(i.HAL_RCC_GetSysClockFreq)
    HAL_RCC_OscConfig                        0x08001f0d   Thumb Code   778  stm32f1xx_hal_rcc.o(i.HAL_RCC_OscConfig)
    HAL_SYSTICK_Config                       0x0800222d   Thumb Code    40  stm32f1xx_hal_cortex.o(i.HAL_SYSTICK_Config)
    HardFault_Handler                        0x08002255   Thumb Code     2  stm32f1xx_it.o(i.HardFault_Handler)
    MX_GPIO_Init                             0x08002679   Thumb Code    54  gpio.o(i.MX_GPIO_Init)
    MX_I2C1_Init                             0x080026b5   Thumb Code    50  i2c.o(i.MX_I2C1_Init)
    MemManage_Handler                        0x080026f5   Thumb Code     2  stm32f1xx_it.o(i.MemManage_Handler)
    NMI_Handler                              0x080026f7   Thumb Code     2  stm32f1xx_it.o(i.NMI_Handler)
    OLED_Init                                0x080026f9   Thumb Code   182  oled.o(i.OLED_Init)
    OLED_NewFrame                            0x080027b1   Thumb Code    10  oled.o(i.OLED_NewFrame)
    OLED_PrintASCIIChar                      0x080027c1   Thumb Code    32  oled.o(i.OLED_PrintASCIIChar)
    OLED_PrintString                         0x080027e1   Thumb Code   182  oled.o(i.OLED_PrintString)
    OLED_Send                                0x08002899   Thumb Code    22  oled.o(i.OLED_Send)
    OLED_SendCmd                             0x080028b5   Thumb Code    12  oled.o(i.OLED_SendCmd)
    OLED_SetBits                             0x080028c5   Thumb Code    72  oled.o(i.OLED_SetBits)
    OLED_SetBits_Fine                        0x0800290d   Thumb Code   104  oled.o(i.OLED_SetBits_Fine)
    OLED_SetBlock                            0x08002975   Thumb Code   136  oled.o(i.OLED_SetBlock)
    OLED_SetByte_Fine                        0x080029fd   Thumb Code    64  oled.o(i.OLED_SetByte_Fine)
    OLED_ShowFrame                           0x08002a45   Thumb Code    68  oled.o(i.OLED_ShowFrame)
    PendSV_Handler                           0x08002a8d   Thumb Code     2  stm32f1xx_it.o(i.PendSV_Handler)
    SVC_Handler                              0x08002a8f   Thumb Code     2  stm32f1xx_it.o(i.SVC_Handler)
    SysTick_Handler                          0x08002a91   Thumb Code     4  stm32f1xx_it.o(i.SysTick_Handler)
    SystemClock_Config                       0x08002a95   Thumb Code    80  main.o(i.SystemClock_Config)
    SystemInit                               0x08002ae5   Thumb Code     2  system_stm32f1xx.o(i.SystemInit)
    UsageFault_Handler                       0x08002ae7   Thumb Code     2  stm32f1xx_it.o(i.UsageFault_Handler)
    _OLED_GetUTF8Len                         0x08002ae9   Thumb Code    50  oled.o(i._OLED_GetUTF8Len)
    __ARM_fpclassify                         0x08002b1b   Thumb Code    40  fpclassify.o(i.__ARM_fpclassify)
    _is_digit                                0x08002b63   Thumb Code    14  __printf_wp.o(i._is_digit)
    main                                     0x08002b71   Thumb Code   136  main.o(i.main)
    _get_lc_numeric                          0x08002c11   Thumb Code    44  lc_numeric_c.o(locale$$code)
    __fpl_dretinf                            0x08002c3d   Thumb Code    12  dretinf.o(x$fpl$dretinf)
    __aeabi_f2d                              0x08002c49   Thumb Code     0  f2d.o(x$fpl$f2d)
    _f2d                                     0x08002c49   Thumb Code    86  f2d.o(x$fpl$f2d)
    __aeabi_fadd                             0x08002ca1   Thumb Code     0  faddsub_clz.o(x$fpl$fadd)
    _fadd                                    0x08002ca1   Thumb Code   196  faddsub_clz.o(x$fpl$fadd)
    __fpl_fcheck_NaN1                        0x08002d65   Thumb Code     6  fcheck1.o(x$fpl$fcheck1)
    __aeabi_ui2f                             0x08002d71   Thumb Code     0  fflt_clz.o(x$fpl$ffltu)
    _ffltu                                   0x08002d71   Thumb Code    38  fflt_clz.o(x$fpl$ffltu)
    __aeabi_fmul                             0x08002d99   Thumb Code     0  fmul.o(x$fpl$fmul)
    _fmul                                    0x08002d99   Thumb Code   258  fmul.o(x$fpl$fmul)
    __fpl_fnaninf                            0x08002e9b   Thumb Code   140  fnaninf.o(x$fpl$fnaninf)
    __fpl_fretinf                            0x08002f27   Thumb Code    10  fretinf.o(x$fpl$fretinf)
    __aeabi_fsub                             0x08002f31   Thumb Code     0  faddsub_clz.o(x$fpl$fsub)
    _fsub                                    0x08002f31   Thumb Code   234  faddsub_clz.o(x$fpl$fsub)
    _printf_fp_dec                           0x0800301b   Thumb Code     4  printf1.o(x$fpl$printf1)
    __fpl_return_NaN                         0x0800301f   Thumb Code   100  retnan.o(x$fpl$retnan)
    __ARM_scalbnf                            0x08003083   Thumb Code    76  scalbnf.o(x$fpl$scalbnf)
    __fpl_cmpreturn                          0x080030cf   Thumb Code    48  trapv.o(x$fpl$trapveneer)
    __I$use$fp                               0x080030fe   Number         0  usenofp.o(x$fpl$usenofp)
    ascii_16x8                               0x080030fe   Data        1520  font.o(.constdata)
    afont16x8                                0x080036f0   Data           8  font.o(.constdata)
    zh16x16                                  0x080036f8   Data         144  font.o(.constdata)
    font16x16                                0x08003788   Data          16  font.o(.constdata)
    AHBPrescTable                            0x080037aa   Data          16  system_stm32f1xx.o(.constdata)
    APBPrescTable                            0x080037ba   Data           8  system_stm32f1xx.o(.constdata)
    Region$$Table$$Base                      0x08003858   Number         0  anon$$obj.o(Region$$Table)
    Region$$Table$$Limit                     0x08003878   Number         0  anon$$obj.o(Region$$Table)
    Temperature                              0x20000004   Data           4  aht20.o(.data)
    Humidity                                 0x20000008   Data           4  aht20.o(.data)
    uwTickFreq                               0x2000000c   Data           1  stm32f1xx_hal.o(.data)
    uwTickPrio                               0x20000010   Data           4  stm32f1xx_hal.o(.data)
    uwTick                                   0x20000014   Data           4  stm32f1xx_hal.o(.data)
    SystemCoreClock                          0x20000018   Data           4  system_stm32f1xx.o(.data)
    hi2c1                                    0x2000001c   Data          84  i2c.o(.bss)
    OLED_GRAM                                0x200000f1   Data        1024  oled.o(.bss)
    __libspace_start                         0x200004f4   Data          96  libspace.o(.bss)
    __temporary_stack_top$libspace           0x20000554   Data           0  libspace.o(.bss)



==============================================================================

Memory Map of the image

  Image Entry point : 0x080000ed

  Load Region LR_IROM1 (Base: 0x08000000, Size: 0x000038b0, Max: 0x00010000, ABSOLUTE)

    Execution Region ER_IROM1 (Exec base: 0x08000000, Load base: 0x08000000, Size: 0x00003894, Max: 0x00010000, ABSOLUTE)

    Exec Addr    Load Addr    Size         Type   Attr      Idx    E Section Name        Object

    0x08000000   0x08000000   0x000000ec   Data   RO            3    RESET               startup_stm32f103xb.o
    0x080000ec   0x080000ec   0x00000008   Code   RO         2157  * !!!main             c_w.l(__main.o)
    0x080000f4   0x080000f4   0x00000034   Code   RO         2423    !!!scatter          c_w.l(__scatter.o)
    0x08000128   0x08000128   0x0000001a   Code   RO         2425    !!handler_copy      c_w.l(__scatter_copy.o)
    0x08000142   0x08000142   0x00000002   PAD
    0x08000144   0x08000144   0x0000001c   Code   RO         2427    !!handler_zi        c_w.l(__scatter_zi.o)
    0x08000160   0x08000160   0x00000000   Code   RO         2146    .ARM.Collect$$_printf_percent$$00000000  c_w.l(_printf_percent.o)
    0x08000160   0x08000160   0x00000006   Code   RO         2145    .ARM.Collect$$_printf_percent$$00000003  c_w.l(_printf_f.o)
    0x08000166   0x08000166   0x00000004   Code   RO         2204    .ARM.Collect$$_printf_percent$$00000017  c_w.l(_printf_percent_end.o)
    0x0800016a   0x0800016a   0x00000002   Code   RO         2292    .ARM.Collect$$libinit$$00000000  c_w.l(libinit.o)
    0x0800016c   0x0800016c   0x00000000   Code   RO         2294    .ARM.Collect$$libinit$$00000002  c_w.l(libinit2.o)
    0x0800016c   0x0800016c   0x00000000   Code   RO         2296    .ARM.Collect$$libinit$$00000004  c_w.l(libinit2.o)
    0x0800016c   0x0800016c   0x00000000   Code   RO         2299    .ARM.Collect$$libinit$$0000000A  c_w.l(libinit2.o)
    0x0800016c   0x0800016c   0x00000000   Code   RO         2301    .ARM.Collect$$libinit$$0000000C  c_w.l(libinit2.o)
    0x0800016c   0x0800016c   0x00000000   Code   RO         2303    .ARM.Collect$$libinit$$0000000E  c_w.l(libinit2.o)
    0x0800016c   0x0800016c   0x00000006   Code   RO         2304    .ARM.Collect$$libinit$$0000000F  c_w.l(libinit2.o)
    0x08000172   0x08000172   0x00000000   Code   RO         2306    .ARM.Collect$$libinit$$00000011  c_w.l(libinit2.o)
    0x08000172   0x08000172   0x00000000   Code   RO         2308    .ARM.Collect$$libinit$$00000013  c_w.l(libinit2.o)
    0x08000172   0x08000172   0x00000000   Code   RO         2310    .ARM.Collect$$libinit$$00000015  c_w.l(libinit2.o)
    0x08000172   0x08000172   0x0000000a   Code   RO         2311    .ARM.Collect$$libinit$$00000016  c_w.l(libinit2.o)
    0x0800017c   0x0800017c   0x00000000   Code   RO         2312    .ARM.Collect$$libinit$$00000017  c_w.l(libinit2.o)
    0x0800017c   0x0800017c   0x00000000   Code   RO         2314    .ARM.Collect$$libinit$$00000019  c_w.l(libinit2.o)
    0x0800017c   0x0800017c   0x00000000   Code   RO         2316    .ARM.Collect$$libinit$$0000001B  c_w.l(libinit2.o)
    0x0800017c   0x0800017c   0x00000000   Code   RO         2318    .ARM.Collect$$libinit$$0000001D  c_w.l(libinit2.o)
    0x0800017c   0x0800017c   0x00000000   Code   RO         2320    .ARM.Collect$$libinit$$0000001F  c_w.l(libinit2.o)
    0x0800017c   0x0800017c   0x00000000   Code   RO         2322    .ARM.Collect$$libinit$$00000021  c_w.l(libinit2.o)
    0x0800017c   0x0800017c   0x00000000   Code   RO         2324    .ARM.Collect$$libinit$$00000023  c_w.l(libinit2.o)
    0x0800017c   0x0800017c   0x00000000   Code   RO         2326    .ARM.Collect$$libinit$$00000025  c_w.l(libinit2.o)
    0x0800017c   0x0800017c   0x00000000   Code   RO         2330    .ARM.Collect$$libinit$$0000002C  c_w.l(libinit2.o)
    0x0800017c   0x0800017c   0x00000000   Code   RO         2332    .ARM.Collect$$libinit$$0000002E  c_w.l(libinit2.o)
    0x0800017c   0x0800017c   0x00000000   Code   RO         2334    .ARM.Collect$$libinit$$00000030  c_w.l(libinit2.o)
    0x0800017c   0x0800017c   0x00000000   Code   RO         2336    .ARM.Collect$$libinit$$00000032  c_w.l(libinit2.o)
    0x0800017c   0x0800017c   0x00000002   Code   RO         2337    .ARM.Collect$$libinit$$00000033  c_w.l(libinit2.o)
    0x0800017e   0x0800017e   0x00000002   Code   RO         2369    .ARM.Collect$$libshutdown$$00000000  c_w.l(libshutdown.o)
    0x08000180   0x08000180   0x00000000   Code   RO         2380    .ARM.Collect$$libshutdown$$00000002  c_w.l(libshutdown2.o)
    0x08000180   0x08000180   0x00000000   Code   RO         2382    .ARM.Collect$$libshutdown$$00000004  c_w.l(libshutdown2.o)
    0x08000180   0x08000180   0x00000000   Code   RO         2384    .ARM.Collect$$libshutdown$$00000006  c_w.l(libshutdown2.o)
    0x08000180   0x08000180   0x00000000   Code   RO         2387    .ARM.Collect$$libshutdown$$00000009  c_w.l(libshutdown2.o)
    0x08000180   0x08000180   0x00000000   Code   RO         2390    .ARM.Collect$$libshutdown$$0000000C  c_w.l(libshutdown2.o)
    0x08000180   0x08000180   0x00000000   Code   RO         2392    .ARM.Collect$$libshutdown$$0000000E  c_w.l(libshutdown2.o)
    0x08000180   0x08000180   0x00000000   Code   RO         2395    .ARM.Collect$$libshutdown$$00000011  c_w.l(libshutdown2.o)
    0x08000180   0x08000180   0x00000002   Code   RO         2396    .ARM.Collect$$libshutdown$$00000012  c_w.l(libshutdown2.o)
    0x08000182   0x08000182   0x00000000   Code   RO         2197    .ARM.Collect$$rtentry$$00000000  c_w.l(__rtentry.o)
    0x08000182   0x08000182   0x00000000   Code   RO         2219    .ARM.Collect$$rtentry$$00000002  c_w.l(__rtentry2.o)
    0x08000182   0x08000182   0x00000006   Code   RO         2231    .ARM.Collect$$rtentry$$00000004  c_w.l(__rtentry4.o)
    0x08000188   0x08000188   0x00000000   Code   RO         2221    .ARM.Collect$$rtentry$$00000009  c_w.l(__rtentry2.o)
    0x08000188   0x08000188   0x00000004   Code   RO         2222    .ARM.Collect$$rtentry$$0000000A  c_w.l(__rtentry2.o)
    0x0800018c   0x0800018c   0x00000000   Code   RO         2224    .ARM.Collect$$rtentry$$0000000C  c_w.l(__rtentry2.o)
    0x0800018c   0x0800018c   0x00000008   Code   RO         2225    .ARM.Collect$$rtentry$$0000000D  c_w.l(__rtentry2.o)
    0x08000194   0x08000194   0x00000002   Code   RO         2340    .ARM.Collect$$rtexit$$00000000  c_w.l(rtexit.o)
    0x08000196   0x08000196   0x00000000   Code   RO         2347    .ARM.Collect$$rtexit$$00000002  c_w.l(rtexit2.o)
    0x08000196   0x08000196   0x00000004   Code   RO         2348    .ARM.Collect$$rtexit$$00000003  c_w.l(rtexit2.o)
    0x0800019a   0x0800019a   0x00000006   Code   RO         2349    .ARM.Collect$$rtexit$$00000004  c_w.l(rtexit2.o)
    0x080001a0   0x080001a0   0x00000040   Code   RO            4    .text               startup_stm32f103xb.o
    0x080001e0   0x080001e0   0x00000028   Code   RO         2121    .text               c_w.l(noretval__2sprintf.o)
    0x08000208   0x08000208   0x0000010e   Code   RO         2133    .text               c_w.l(__printf_wp.o)
    0x08000316   0x08000316   0x00000058   Code   RO         2147    .text               c_w.l(memcmp.o)
    0x0800036e   0x0800036e   0x0000008a   Code   RO         2149    .text               c_w.l(rt_memcpy_v6.o)
    0x080003f8   0x080003f8   0x00000044   Code   RO         2151    .text               c_w.l(rt_memclr.o)
    0x0800043c   0x0800043c   0x0000004e   Code   RO         2153    .text               c_w.l(rt_memclr_w.o)
    0x0800048a   0x0800048a   0x00000006   Code   RO         2155    .text               c_w.l(heapauxi.o)
    0x08000490   0x08000490   0x0000041e   Code   RO         2198    .text               c_w.l(_printf_fp_dec.o)
    0x080008ae   0x080008ae   0x00000002   PAD
    0x080008b0   0x080008b0   0x00000030   Code   RO         2200    .text               c_w.l(_printf_char_common.o)
    0x080008e0   0x080008e0   0x0000000a   Code   RO         2202    .text               c_w.l(_sputc.o)
    0x080008ea   0x080008ea   0x00000064   Code   RO         2205    .text               c_w.l(rt_memcpy_w.o)
    0x0800094e   0x0800094e   0x00000002   PAD
    0x08000950   0x08000950   0x00000008   Code   RO         2236    .text               c_w.l(rt_locale_intlibspace.o)
    0x08000958   0x08000958   0x0000008a   Code   RO         2238    .text               c_w.l(lludiv10.o)
    0x080009e2   0x080009e2   0x00000002   PAD
    0x080009e4   0x080009e4   0x00000080   Code   RO         2240    .text               c_w.l(_printf_fp_infnan.o)
    0x08000a64   0x08000a64   0x000000e4   Code   RO         2244    .text               c_w.l(bigflt0.o)
    0x08000b48   0x08000b48   0x00000008   Code   RO         2278    .text               c_w.l(libspace.o)
    0x08000b50   0x08000b50   0x0000004a   Code   RO         2281    .text               c_w.l(sys_stackheap_outer.o)
    0x08000b9a   0x08000b9a   0x00000012   Code   RO         2283    .text               c_w.l(exit.o)
    0x08000bac   0x08000bac   0x00000080   Code   RO         2285    .text               c_w.l(strcmpv7m.o)
    0x08000c2c   0x08000c2c   0x0000000c   Code   RO         2359    .text               c_w.l(sys_exit.o)
    0x08000c38   0x08000c38   0x00000002   Code   RO         2370    .text               c_w.l(use_no_semi.o)
    0x08000c3a   0x08000c3a   0x00000000   Code   RO         2372    .text               c_w.l(indicate_semi.o)
    0x08000c3a   0x08000c3a   0x0000003e   Code   RO         2247    CL$$btod_d2e        c_w.l(btod.o)
    0x08000c78   0x08000c78   0x00000046   Code   RO         2249    CL$$btod_d2e_denorm_low  c_w.l(btod.o)
    0x08000cbe   0x08000cbe   0x00000060   Code   RO         2248    CL$$btod_d2e_norm_op1  c_w.l(btod.o)
    0x08000d1e   0x08000d1e   0x00000338   Code   RO         2257    CL$$btod_div_common  c_w.l(btod.o)
    0x08001056   0x08001056   0x000000dc   Code   RO         2254    CL$$btod_e2e        c_w.l(btod.o)
    0x08001132   0x08001132   0x0000002a   Code   RO         2251    CL$$btod_ediv       c_w.l(btod.o)
    0x0800115c   0x0800115c   0x0000002a   Code   RO         2250    CL$$btod_emul       c_w.l(btod.o)
    0x08001186   0x08001186   0x00000244   Code   RO         2256    CL$$btod_mult_common  c_w.l(btod.o)
    0x080013ca   0x080013ca   0x00000002   PAD
    0x080013cc   0x080013cc   0x0000000c   Code   RO          538    i.AHT20_Humidity    aht20.o
    0x080013d8   0x080013d8   0x0000002c   Code   RO          539    i.AHT20_Init        aht20.o
    0x08001404   0x08001404   0x000000a0   Code   RO          540    i.AHT20_Measure     aht20.o
    0x080014a4   0x080014a4   0x0000001c   Code   RO          541    i.AHT20_Receive     aht20.o
    0x080014c0   0x080014c0   0x0000001c   Code   RO          542    i.AHT20_Send        aht20.o
    0x080014dc   0x080014dc   0x0000000c   Code   RO          543    i.AHT20_Temperature  aht20.o
    0x080014e8   0x080014e8   0x00000002   Code   RO          221    i.BusFault_Handler  stm32f1xx_it.o
    0x080014ea   0x080014ea   0x00000002   Code   RO          222    i.DebugMon_Handler  stm32f1xx_it.o
    0x080014ec   0x080014ec   0x00000004   Code   RO           13    i.Error_Handler     main.o
    0x080014f0   0x080014f0   0x00000024   Code   RO         1074    i.HAL_Delay         stm32f1xx_hal.o
    0x08001514   0x08001514   0x000001e0   Code   RO         1384    i.HAL_GPIO_Init     stm32f1xx_hal_gpio.o
    0x080016f4   0x080016f4   0x0000000c   Code   RO         1078    i.HAL_GetTick       stm32f1xx_hal.o
    0x08001700   0x08001700   0x00000188   Code   RO          641    i.HAL_I2C_Init      stm32f1xx_hal_i2c.o
    0x08001888   0x08001888   0x00000250   Code   RO          647    i.HAL_I2C_Master_Receive  stm32f1xx_hal_i2c.o
    0x08001ad8   0x08001ad8   0x0000012c   Code   RO          654    i.HAL_I2C_Master_Transmit  stm32f1xx_hal_i2c.o
    0x08001c04   0x08001c04   0x0000005c   Code   RO          180    i.HAL_I2C_MspInit   i2c.o
    0x08001c60   0x08001c60   0x00000010   Code   RO         1084    i.HAL_IncTick       stm32f1xx_hal.o
    0x08001c70   0x08001c70   0x00000024   Code   RO         1085    i.HAL_Init          stm32f1xx_hal.o
    0x08001c94   0x08001c94   0x00000040   Code   RO         1086    i.HAL_InitTick      stm32f1xx_hal.o
    0x08001cd4   0x08001cd4   0x0000003c   Code   RO          296    i.HAL_MspInit       stm32f1xx_hal_msp.o
    0x08001d10   0x08001d10   0x00000040   Code   RO         1550    i.HAL_NVIC_SetPriority  stm32f1xx_hal_cortex.o
    0x08001d50   0x08001d50   0x00000024   Code   RO         1551    i.HAL_NVIC_SetPriorityGrouping  stm32f1xx_hal_cortex.o
    0x08001d74   0x08001d74   0x0000012c   Code   RO         1242    i.HAL_RCC_ClockConfig  stm32f1xx_hal_rcc.o
    0x08001ea0   0x08001ea0   0x00000020   Code   RO         1249    i.HAL_RCC_GetPCLK1Freq  stm32f1xx_hal_rcc.o
    0x08001ec0   0x08001ec0   0x0000004c   Code   RO         1251    i.HAL_RCC_GetSysClockFreq  stm32f1xx_hal_rcc.o
    0x08001f0c   0x08001f0c   0x00000320   Code   RO         1254    i.HAL_RCC_OscConfig  stm32f1xx_hal_rcc.o
    0x0800222c   0x0800222c   0x00000028   Code   RO         1555    i.HAL_SYSTICK_Config  stm32f1xx_hal_cortex.o
    0x08002254   0x08002254   0x00000002   Code   RO          223    i.HardFault_Handler  stm32f1xx_it.o
    0x08002256   0x08002256   0x0000002e   Code   RO          684    i.I2C_IsAcknowledgeFailed  stm32f1xx_hal_i2c.o
    0x08002284   0x08002284   0x000000ec   Code   RO          687    i.I2C_MasterRequestRead  stm32f1xx_hal_i2c.o
    0x08002370   0x08002370   0x0000009c   Code   RO          688    i.I2C_MasterRequestWrite  stm32f1xx_hal_i2c.o
    0x0800240c   0x0800240c   0x00000056   Code   RO          699    i.I2C_WaitOnBTFFlagUntilTimeout  stm32f1xx_hal_i2c.o
    0x08002462   0x08002462   0x00000002   PAD
    0x08002464   0x08002464   0x00000090   Code   RO          700    i.I2C_WaitOnFlagUntilTimeout  stm32f1xx_hal_i2c.o
    0x080024f4   0x080024f4   0x000000bc   Code   RO          701    i.I2C_WaitOnMasterAddressFlagUntilTimeout  stm32f1xx_hal_i2c.o
    0x080025b0   0x080025b0   0x00000070   Code   RO          702    i.I2C_WaitOnRXNEFlagUntilTimeout  stm32f1xx_hal_i2c.o
    0x08002620   0x08002620   0x00000056   Code   RO          703    i.I2C_WaitOnTXEFlagUntilTimeout  stm32f1xx_hal_i2c.o
    0x08002676   0x08002676   0x00000002   PAD
    0x08002678   0x08002678   0x0000003c   Code   RO          155    i.MX_GPIO_Init      gpio.o
    0x080026b4   0x080026b4   0x00000040   Code   RO          181    i.MX_I2C1_Init      i2c.o
    0x080026f4   0x080026f4   0x00000002   Code   RO          224    i.MemManage_Handler  stm32f1xx_it.o
    0x080026f6   0x080026f6   0x00000002   Code   RO          225    i.NMI_Handler       stm32f1xx_it.o
    0x080026f8   0x080026f8   0x000000b6   Code   RO          357    i.OLED_Init         oled.o
    0x080027ae   0x080027ae   0x00000002   PAD
    0x080027b0   0x080027b0   0x00000010   Code   RO          358    i.OLED_NewFrame     oled.o
    0x080027c0   0x080027c0   0x00000020   Code   RO          359    i.OLED_PrintASCIIChar  oled.o
    0x080027e0   0x080027e0   0x000000b6   Code   RO          361    i.OLED_PrintString  oled.o
    0x08002896   0x08002896   0x00000002   PAD
    0x08002898   0x08002898   0x0000001c   Code   RO          362    i.OLED_Send         oled.o
    0x080028b4   0x080028b4   0x00000010   Code   RO          363    i.OLED_SendCmd      oled.o
    0x080028c4   0x080028c4   0x00000048   Code   RO          364    i.OLED_SetBits      oled.o
    0x0800290c   0x0800290c   0x00000068   Code   RO          365    i.OLED_SetBits_Fine  oled.o
    0x08002974   0x08002974   0x00000088   Code   RO          366    i.OLED_SetBlock     oled.o
    0x080029fc   0x080029fc   0x00000048   Code   RO          368    i.OLED_SetByte_Fine  oled.o
    0x08002a44   0x08002a44   0x00000048   Code   RO          371    i.OLED_ShowFrame    oled.o
    0x08002a8c   0x08002a8c   0x00000002   Code   RO          226    i.PendSV_Handler    stm32f1xx_it.o
    0x08002a8e   0x08002a8e   0x00000002   Code   RO          227    i.SVC_Handler       stm32f1xx_it.o
    0x08002a90   0x08002a90   0x00000004   Code   RO          228    i.SysTick_Handler   stm32f1xx_it.o
    0x08002a94   0x08002a94   0x00000050   Code   RO           14    i.SystemClock_Config  main.o
    0x08002ae4   0x08002ae4   0x00000002   Code   RO         2081    i.SystemInit        system_stm32f1xx.o
    0x08002ae6   0x08002ae6   0x00000002   Code   RO          229    i.UsageFault_Handler  stm32f1xx_it.o
    0x08002ae8   0x08002ae8   0x00000032   Code   RO          372    i._OLED_GetUTF8Len  oled.o
    0x08002b1a   0x08002b1a   0x00000028   Code   RO         2276    i.__ARM_fpclassify  m_ws.l(fpclassify.o)
    0x08002b42   0x08002b42   0x00000020   Code   RO         1557    i.__NVIC_SetPriority  stm32f1xx_hal_cortex.o
    0x08002b62   0x08002b62   0x0000000e   Code   RO         2135    i._is_digit         c_w.l(__printf_wp.o)
    0x08002b70   0x08002b70   0x000000a0   Code   RO           15    i.main              main.o
    0x08002c10   0x08002c10   0x0000002c   Code   RO         2270    locale$$code        c_w.l(lc_numeric_c.o)
    0x08002c3c   0x08002c3c   0x0000000c   Code   RO         2209    x$fpl$dretinf       fz_ws.l(dretinf.o)
    0x08002c48   0x08002c48   0x00000056   Code   RO         2177    x$fpl$f2d           fz_ws.l(f2d.o)
    0x08002c9e   0x08002c9e   0x00000002   PAD
    0x08002ca0   0x08002ca0   0x000000c4   Code   RO         2179    x$fpl$fadd          fz_ws.l(faddsub_clz.o)
    0x08002d64   0x08002d64   0x0000000c   Code   RO         2211    x$fpl$fcheck1       fz_ws.l(fcheck1.o)
    0x08002d70   0x08002d70   0x00000026   Code   RO         2185    x$fpl$ffltu         fz_ws.l(fflt_clz.o)
    0x08002d96   0x08002d96   0x00000002   PAD
    0x08002d98   0x08002d98   0x00000102   Code   RO         2191    x$fpl$fmul          fz_ws.l(fmul.o)
    0x08002e9a   0x08002e9a   0x0000008c   Code   RO         2213    x$fpl$fnaninf       fz_ws.l(fnaninf.o)
    0x08002f26   0x08002f26   0x0000000a   Code   RO         2215    x$fpl$fretinf       fz_ws.l(fretinf.o)
    0x08002f30   0x08002f30   0x000000ea   Code   RO         2181    x$fpl$fsub          fz_ws.l(faddsub_clz.o)
    0x0800301a   0x0800301a   0x00000004   Code   RO         2193    x$fpl$printf1       fz_ws.l(printf1.o)
    0x0800301e   0x0800301e   0x00000064   Code   RO         2274    x$fpl$retnan        fz_ws.l(retnan.o)
    0x08003082   0x08003082   0x0000004c   Code   RO         2195    x$fpl$scalbnf       fz_ws.l(scalbnf.o)
    0x080030ce   0x080030ce   0x00000030   Code   RO         2338    x$fpl$trapveneer    fz_ws.l(trapv.o)
    0x080030fe   0x080030fe   0x00000000   Code   RO         2217    x$fpl$usenofp       fz_ws.l(usenofp.o)
    0x080030fe   0x080030fe   0x000005f0   Data   RO          321    .constdata          font.o
    0x080036ee   0x080036ee   0x00000002   PAD
    0x080036f0   0x080036f0   0x00000008   Data   RO          322    .constdata          font.o
    0x080036f8   0x080036f8   0x00000090   Data   RO          325    .constdata          font.o
    0x08003788   0x08003788   0x00000010   Data   RO          326    .constdata          font.o
    0x08003798   0x08003798   0x00000012   Data   RO         1255    .constdata          stm32f1xx_hal_rcc.o
    0x080037aa   0x080037aa   0x00000010   Data   RO         2082    .constdata          system_stm32f1xx.o
    0x080037ba   0x080037ba   0x00000008   Data   RO         2083    .constdata          system_stm32f1xx.o
    0x080037c2   0x080037c2   0x00000002   PAD
    0x080037c4   0x080037c4   0x00000094   Data   RO         2245    .constdata          c_w.l(bigflt0.o)
    0x08003858   0x08003858   0x00000020   Data   RO         2421    Region$$Table       anon$$obj.o
    0x08003878   0x08003878   0x0000001c   Data   RO         2269    locale$$data        c_w.l(lc_numeric_c.o)


    Execution Region RW_IRAM1 (Exec base: 0x20000000, Load base: 0x08003894, Size: 0x00000b58, Max: 0x00005000, ABSOLUTE)

    Exec Addr    Load Addr    Size         Type   Attr      Idx    E Section Name        Object

    0x20000000   0x08003894   0x00000004   Data   RW          374    .data               oled.o
    0x20000004   0x08003898   0x00000008   Data   RW          544    .data               aht20.o
    0x2000000c   0x080038a0   0x0000000c   Data   RW         1092    .data               stm32f1xx_hal.o
    0x20000018   0x080038ac   0x00000004   Data   RW         2084    .data               system_stm32f1xx.o
    0x2000001c        -       0x00000054   Zero   RW          182    .bss                i2c.o
    0x20000070        -       0x00000481   Zero   RW          373    .bss                oled.o
    0x200004f1   0x080038b0   0x00000003   PAD
    0x200004f4        -       0x00000060   Zero   RW         2279    .bss                c_w.l(libspace.o)
    0x20000554   0x080038b0   0x00000004   PAD
    0x20000558        -       0x00000200   Zero   RW            2    HEAP                startup_stm32f103xb.o
    0x20000758        -       0x00000400   Zero   RW            1    STACK               startup_stm32f103xb.o


==============================================================================

Image component sizes


      Code (inc. data)   RO Data    RW Data    ZI Data      Debug   Object Name

       284         48          0          8          0       3460   aht20.o
         0          0       1688          0          0       1533   font.o
        60          6          0          0          0        767   gpio.o
       156         26          0          0         84       1533   i2c.o
       244         24          0          0          0     395552   main.o
       962         28          0          4       1153       9707   oled.o
        64         26        236          0       1536        788   startup_stm32f103xb.o
       164         28          0         12          0       5709   stm32f1xx_hal.o
       172         14          0          0          0      28158   stm32f1xx_hal_cortex.o
       480         34          0          0          0       2216   stm32f1xx_hal_gpio.o
      2338         54          0          0          0      12290   stm32f1xx_hal_i2c.o
        60          8          0          0          0        822   stm32f1xx_hal_msp.o
      1208         72         18          0          0       4429   stm32f1xx_hal_rcc.o
        20          0          0          0          0       3650   stm32f1xx_it.o
         2          0         24          4          0       1047   system_stm32f1xx.o

    ----------------------------------------------------------------------
      6222        368       2002         28       2776     471661   Object Totals
         0          0         32          0          0          0   (incl. Generated)
         8          0          4          0          3          0   (incl. Padding)

    ----------------------------------------------------------------------

      Code (inc. data)   RO Data    RW Data    ZI Data      Debug   Library Member Name

         8          0          0          0          0         68   __main.o
       284          0          0          0          0        156   __printf_wp.o
         0          0          0          0          0          0   __rtentry.o
        12          0          0          0          0          0   __rtentry2.o
         6          0          0          0          0          0   __rtentry4.o
        52          8          0          0          0          0   __scatter.o
        26          0          0          0          0          0   __scatter_copy.o
        28          0          0          0          0          0   __scatter_zi.o
        48          6          0          0          0         96   _printf_char_common.o
         6          0          0          0          0          0   _printf_f.o
      1054          0          0          0          0        216   _printf_fp_dec.o
       128         16          0          0          0         84   _printf_fp_infnan.o
         0          0          0          0          0          0   _printf_percent.o
         4          0          0          0          0          0   _printf_percent_end.o
        10          0          0          0          0         68   _sputc.o
       228          4        148          0          0         96   bigflt0.o
      1936        128          0          0          0        672   btod.o
        18          0          0          0          0         80   exit.o
         6          0          0          0          0        152   heapauxi.o
         0          0          0          0          0          0   indicate_semi.o
        44         10         28          0          0         76   lc_numeric_c.o
         2          0          0          0          0          0   libinit.o
        18          0          0          0          0          0   libinit2.o
         2          0          0          0          0          0   libshutdown.o
         2          0          0          0          0          0   libshutdown2.o
         8          4          0          0         96         68   libspace.o
       138          0          0          0          0         80   lludiv10.o
        88          0          0          0          0         76   memcmp.o
        40          6          0          0          0         84   noretval__2sprintf.o
         8          4          0          0          0         68   rt_locale_intlibspace.o
        68          0          0          0          0         68   rt_memclr.o
        78          0          0          0          0         80   rt_memclr_w.o
       138          0          0          0          0         68   rt_memcpy_v6.o
       100          0          0          0          0         80   rt_memcpy_w.o
         2          0          0          0          0          0   rtexit.o
        10          0          0          0          0          0   rtexit2.o
       128          0          0          0          0         68   strcmpv7m.o
        12          4          0          0          0         68   sys_exit.o
        74          0          0          0          0         80   sys_stackheap_outer.o
         2          0          0          0          0         68   use_no_semi.o
        12          0          0          0          0         68   dretinf.o
        86          4          0          0          0         84   f2d.o
       430          8          0          0          0        168   faddsub_clz.o
        12          4          0          0          0         68   fcheck1.o
        38          0          0          0          0         68   fflt_clz.o
       258          4          0          0          0         84   fmul.o
       140          4          0          0          0         84   fnaninf.o
        10          0          0          0          0         68   fretinf.o
         4          0          0          0          0         68   printf1.o
       100          0          0          0          0         68   retnan.o
        76          0          0          0          0         68   scalbnf.o
        48          0          0          0          0         68   trapv.o
         0          0          0          0          0          0   usenofp.o
        40          0          0          0          0         68   fpclassify.o

    ----------------------------------------------------------------------
      6084        214        176          0        100       3752   Library Totals
        14          0          0          0          4          0   (incl. Padding)

    ----------------------------------------------------------------------

      Code (inc. data)   RO Data    RW Data    ZI Data      Debug   Library Name

      4816        190        176          0         96       2720   c_w.l
      1214         24          0          0          0        964   fz_ws.l
        40          0          0          0          0         68   m_ws.l

    ----------------------------------------------------------------------
      6084        214        176          0        100       3752   Library Totals

    ----------------------------------------------------------------------

==============================================================================


      Code (inc. data)   RO Data    RW Data    ZI Data      Debug   

     12306        582       2178         28       2876     470365   Grand Totals
     12306        582       2178         28       2876     470365   ELF Image Totals
     12306        582       2178         28          0          0   ROM Totals

==============================================================================

    Total RO  Size (Code + RO Data)                14484 (  14.14kB)
    Total RW  Size (RW Data + ZI Data)              2904 (   2.84kB)
    Total ROM Size (Code + RO Data + RW Data)      14512 (  14.17kB)

==============================================================================

