Component: ARM Compiler 5.06 update 7 (build 960) Tool: armlink [4d3601]

==============================================================================

Section Cross References

    startup_stm32f103xb.o(STACK) refers (Special) to heapauxi.o(.text) for __use_two_region_memory
    startup_stm32f103xb.o(HEAP) refers (Special) to heapauxi.o(.text) for __use_two_region_memory
    startup_stm32f103xb.o(RESET) refers (Special) to heapauxi.o(.text) for __use_two_region_memory
    startup_stm32f103xb.o(RESET) refers to startup_stm32f103xb.o(STACK) for __initial_sp
    startup_stm32f103xb.o(RESET) refers to startup_stm32f103xb.o(.text) for Reset_Handler
    startup_stm32f103xb.o(RESET) refers to stm32f1xx_it.o(i.NMI_Handler) for NMI_Handler
    startup_stm32f103xb.o(RESET) refers to stm32f1xx_it.o(i.HardFault_Handler) for HardFault_Handler
    startup_stm32f103xb.o(RESET) refers to stm32f1xx_it.o(i.MemManage_Handler) for MemManage_Handler
    startup_stm32f103xb.o(RESET) refers to stm32f1xx_it.o(i.BusFault_Handler) for BusFault_Handler
    startup_stm32f103xb.o(RESET) refers to stm32f1xx_it.o(i.UsageFault_Handler) for UsageFault_Handler
    startup_stm32f103xb.o(RESET) refers to stm32f1xx_it.o(i.SVC_Handler) for SVC_Handler
    startup_stm32f103xb.o(RESET) refers to stm32f1xx_it.o(i.DebugMon_Handler) for DebugMon_Handler
    startup_stm32f103xb.o(RESET) refers to stm32f1xx_it.o(i.PendSV_Handler) for PendSV_Handler
    startup_stm32f103xb.o(RESET) refers to stm32f1xx_it.o(i.SysTick_Handler) for SysTick_Handler
    startup_stm32f103xb.o(.text) refers (Special) to heapauxi.o(.text) for __use_two_region_memory
    startup_stm32f103xb.o(.text) refers to system_stm32f1xx.o(i.SystemInit) for SystemInit
    startup_stm32f103xb.o(.text) refers to __main.o(!!!main) for __main
    startup_stm32f103xb.o(.text) refers to startup_stm32f103xb.o(HEAP) for Heap_Mem
    startup_stm32f103xb.o(.text) refers to startup_stm32f103xb.o(STACK) for Stack_Mem
    font.o(.constdata) refers to font.o(.constdata) for ascii_8x6
    font.o(.constdata) refers to font.o(.constdata) for ascii_12x6
    font.o(.constdata) refers to font.o(.constdata) for ascii_16x8
    font.o(.constdata) refers to font.o(.constdata) for ascii_24x12
    font.o(.constdata) refers to font.o(.constdata) for zh16x16
    font.o(.constdata) refers to font.o(.constdata) for afont16x8
    font.o(.constdata) refers to font.o(.constdata) for bilibiliData
    font.o(.constdata) refers to font.o(.constdata) for humidityData
    font.o(.constdata) refers to font.o(.constdata) for temperatureData
    oled.o(i.OLED_DisPlay_Off) refers to oled.o(i.OLED_SendCmd) for OLED_SendCmd
    oled.o(i.OLED_DisPlay_On) refers to oled.o(i.OLED_SendCmd) for OLED_SendCmd
    oled.o(i.OLED_DrawCircle) refers to oled.o(i.OLED_SetPixel) for OLED_SetPixel
    oled.o(i.OLED_DrawEllipse) refers to dflt_clz.o(x$fpl$dfltu) for __aeabi_ui2d
    oled.o(i.OLED_DrawEllipse) refers to daddsub_clz.o(x$fpl$drsb) for __aeabi_drsub
    oled.o(i.OLED_DrawEllipse) refers to dflt_clz.o(x$fpl$dflt) for __aeabi_i2d
    oled.o(i.OLED_DrawEllipse) refers to dmul.o(x$fpl$dmul) for __aeabi_dmul
    oled.o(i.OLED_DrawEllipse) refers to daddsub_clz.o(x$fpl$dadd) for __aeabi_dadd
    oled.o(i.OLED_DrawEllipse) refers to dfix.o(x$fpl$dfix) for __aeabi_d2iz
    oled.o(i.OLED_DrawEllipse) refers to oled.o(i.OLED_SetPixel) for OLED_SetPixel
    oled.o(i.OLED_DrawEllipse) refers to daddsub_clz.o(x$fpl$dsub) for __aeabi_dsub
    oled.o(i.OLED_DrawFilledCircle) refers to oled.o(i.OLED_SetPixel) for OLED_SetPixel
    oled.o(i.OLED_DrawFilledRectangle) refers to oled.o(i.OLED_DrawLine) for OLED_DrawLine
    oled.o(i.OLED_DrawFilledTriangle) refers to oled.o(i.OLED_DrawLine) for OLED_DrawLine
    oled.o(i.OLED_DrawImage) refers to oled.o(i.OLED_SetBlock) for OLED_SetBlock
    oled.o(i.OLED_DrawLine) refers to oled.o(i.OLED_SetPixel) for OLED_SetPixel
    oled.o(i.OLED_DrawLine) refers to oled.o(.data) for .data
    oled.o(i.OLED_DrawRectangle) refers to oled.o(i.OLED_DrawLine) for OLED_DrawLine
    oled.o(i.OLED_DrawTriangle) refers to oled.o(i.OLED_DrawLine) for OLED_DrawLine
    oled.o(i.OLED_Init) refers to oled.o(i.OLED_SendCmd) for OLED_SendCmd
    oled.o(i.OLED_Init) refers to oled.o(i.OLED_NewFrame) for OLED_NewFrame
    oled.o(i.OLED_Init) refers to oled.o(i.OLED_ShowFrame) for OLED_ShowFrame
    oled.o(i.OLED_NewFrame) refers to rt_memclr.o(.text) for __aeabi_memclr
    oled.o(i.OLED_NewFrame) refers to oled.o(.bss) for .bss
    oled.o(i.OLED_PrintASCIIChar) refers to oled.o(i.OLED_SetBlock) for OLED_SetBlock
    oled.o(i.OLED_PrintASCIIString) refers to oled.o(i.OLED_PrintASCIIChar) for OLED_PrintASCIIChar
    oled.o(i.OLED_PrintString) refers to oled.o(i._OLED_GetUTF8Len) for _OLED_GetUTF8Len
    oled.o(i.OLED_PrintString) refers to memcmp.o(.text) for memcmp
    oled.o(i.OLED_PrintString) refers to oled.o(i.OLED_PrintASCIIChar) for OLED_PrintASCIIChar
[...]
    ../clib/printf.c                         0x00000000   Number         0  __printf_ss_wp.o ABSOLUTE
    ../clib/printf.c                         0x00000000   Number         0  __printf_wp.o ABSOLUTE
    ../clib/printf.c                         0x00000000   Number         0  __printf_flags_ss.o ABSOLUTE
    ../clib/printf_percent.s                 0x00000000   Number         0  _printf_percent_end.o ABSOLUTE
    ../clib/printf_percent.s                 0x00000000   Number         0  _printf_f.o ABSOLUTE
    ../clib/printf_percent.s                 0x00000000   Number         0  _printf_percent.o ABSOLUTE
    ../clib/signal.c                         0x00000000   Number         0  defsig_cppl_inner.o ABSOLUTE
    ../clib/signal.c                         0x00000000   Number         0  defsig_pvfn_inner.o ABSOLUTE
    ../clib/signal.c                         0x00000000   Number         0  defsig_stak_inner.o ABSOLUTE
    ../clib/signal.c                         0x00000000   Number         0  defsig_rtred_inner.o ABSOLUTE
    ../clib/signal.c                         0x00000000   Number         0  defsig_fpe_inner.o ABSOLUTE
    ../clib/signal.c                         0x00000000   Number         0  defsig_abrt_inner.o ABSOLUTE
    ../clib/signal.c                         0x00000000   Number         0  defsig_rtmem_formal.o ABSOLUTE
    ../clib/signal.c                         0x00000000   Number         0  defsig_rtmem_outer.o ABSOLUTE
    ../clib/signal.c                         0x00000000   Number         0  defsig_exit.o ABSOLUTE
    ../clib/signal.c                         0x00000000   Number         0  defsig_general.o ABSOLUTE
    ../clib/signal.c                         0x00000000   Number         0  defsig_rtmem_inner.o ABSOLUTE
    ../clib/signal.c                         0x00000000   Number         0  defsig_other.o ABSOLUTE
    ../clib/signal.c                         0x00000000   Number         0  defsig_segv_inner.o ABSOLUTE
    ../clib/signal.c                         0x00000000   Number         0  __raise.o ABSOLUTE
    ../clib/signal.s                         0x00000000   Number         0  defsig.o ABSOLUTE
    ../clib/stdlib.c                         0x00000000   Number         0  exit.o ABSOLUTE
    ../clib/string.c                         0x00000000   Number         0  memcmp.o ABSOLUTE
    ../fplib/daddsub.s                       0x00000000   Number         0  daddsub_clz.o ABSOLUTE
    ../fplib/dfix.s                          0x00000000   Number         0  dfix.o ABSOLUTE
    ../fplib/dflt.s                          0x00000000   Number         0  dflt_clz.o ABSOLUTE
    ../fplib/dmul.s                          0x00000000   Number         0  dmul.o ABSOLUTE
    ../fplib/dnaninf.s                       0x00000000   Number         0  dnaninf.o ABSOLUTE
    ../fplib/dretinf.s                       0x00000000   Number         0  dretinf.o ABSOLUTE
    ../fplib/f2d.s                           0x00000000   Number         0  f2d.o ABSOLUTE
    ../fplib/faddsub.s                       0x00000000   Number         0  faddsub_clz.o ABSOLUTE
    ../fplib/fdiv.s                          0x00000000   Number         0  fdiv.o ABSOLUTE
    ../fplib/fflt.s                          0x00000000   Number         0  fflt_clz.o ABSOLUTE
    ../fplib/fnaninf.s                       0x00000000   Number         0  fnaninf.o ABSOLUTE
    ../fplib/fpinit.s                        0x00000000   Number         0  fpinit.o ABSOLUTE
    ../fplib/fretinf.s                       0x00000000   Number         0  fretinf.o ABSOLUTE
    ../fplib/istatus.s                       0x00000000   Number         0  istatus.o ABSOLUTE
    ../fplib/printf1.s                       0x00000000   Number         0  printf1.o ABSOLUTE
    ../fplib/usenofp.s                       0x00000000   Number         0  usenofp.o ABSOLUTE
    ../mathlib/fpclassify.c                  0x00000000   Number         0  fpclassify.o ABSOLUTE
    ..\Core\Src\dht11.c                      0x00000000   Number         0  dht11.o ABSOLUTE
    ..\Core\Src\font.c                       0x00000000   Number         0  font.o ABSOLUTE
    ..\Core\Src\gpio.c                       0x00000000   Number         0  gpio.o ABSOLUTE
    ..\Core\Src\i2c.c                        0x00000000   Number         0  i2c.o ABSOLUTE
    ..\Core\Src\main.c                       0x00000000   Number         0  main.o ABSOLUTE
    ..\Core\Src\oled.c                       0x00000000   Number         0  oled.o ABSOLUTE
    ..\Core\Src\stm32f1xx_hal_msp.c          0x00000000   Number         0  stm32f1xx_hal_msp.o ABSOLUTE
    ..\Core\Src\stm32f1xx_it.c               0x00000000   Number         0  stm32f1xx_it.o ABSOLUTE
    ..\Core\Src\system_stm32f1xx.c           0x00000000   Number         0  system_stm32f1xx.o ABSOLUTE
    ..\Core\Src\tim.c                        0x00000000   Number         0  tim.o ABSOLUTE
    ..\Drivers\STM32F1xx_HAL_Driver\Src\stm32f1xx_hal.c 0x00000000   Number         0  stm32f1xx_hal.o ABSOLUTE
    ..\Drivers\STM32F1xx_HAL_Driver\Src\stm32f1xx_hal_cortex.c 0x00000000   Number         0  stm32f1xx_hal_cortex.o ABSOLUTE
    ..\Drivers\STM32F1xx_HAL_Driver\Src\stm32f1xx_hal_dma.c 0x00000000   Number         0  stm32f1xx_hal_dma.o ABSOLUTE
    ..\Drivers\STM32F1xx_HAL_Driver\Src\stm32f1xx_hal_exti.c 0x00000000   Number         0  stm32f1xx_hal_exti.o ABSOLUTE
    ..\Drivers\STM32F1xx_HAL_Driver\Src\stm32f1xx_hal_flash.c 0x00000000   Number         0  stm32f1xx_hal_flash.o ABSOLUTE
    ..\Drivers\STM32F1xx_HAL_Driver\Src\stm32f1xx_hal_flash_ex.c 0x00000000   Number         0  stm32f1xx_hal_flash_ex.o ABSOLUTE
    ..\Drivers\STM32F1xx_HAL_Driver\Src\stm32f1xx_hal_gpio.c 0x00000000   Number         0  stm32f1xx_hal_gpio.o ABSOLUTE
    ..\Drivers\STM32F1xx_HAL_Driver\Src\stm32f1xx_hal_gpio_ex.c 0x00000000   Number         0  stm32f1xx_hal_gpio_ex.o ABSOLUTE
    ..\Drivers\STM32F1xx_HAL_Driver\Src\stm32f1xx_hal_i2c.c 0x00000000   Number         0  stm32f1xx_hal_i2c.o ABSOLUTE
    ..\Drivers\STM32F1xx_HAL_Driver\Src\stm32f1xx_hal_pwr.c 0x00000000   Number         0  stm32f1xx_hal_pwr.o ABSOLUTE
    ..\Drivers\STM32F1xx_HAL_Driver\Src\stm32f1xx_hal_rcc.c 0x00000000   Number         0  stm32f1xx_hal_rcc.o ABSOLUTE
    ..\Drivers\STM32F1xx_HAL_Driver\Src\stm32f1xx_hal_rcc_ex.c 0x00000000   Number         0  stm32f1xx_hal_rcc_ex.o ABSOLUTE
    ..\Drivers\STM32F1xx_HAL_Driver\Src\stm32f1xx_hal_tim.c 0x00000000   Number         0  stm32f1xx_hal_tim.o ABSOLUTE
    ..\Drivers\STM32F1xx_HAL_Driver\Src\stm32f1xx_hal_tim_ex.c 0x00000000   Number         0  stm32f1xx_hal_tim_ex.o ABSOLUTE
    ..\\Core\\Src\\dht11.c                   0x00000000   Number         0  dht11.o ABSOLUTE
    ..\\Core\\Src\\oled.c                    0x00000000   Number         0  oled.o ABSOLUTE
    dc.s                                     0x00000000   Number         0  dc.o ABSOLUTE
    startup_stm32f103xb.s                    0x00000000   Number         0  startup_stm32f103xb.o ABSOLUTE
    RESET                                    0x08000000   Section      236  startup_stm32f103xb.o(RESET)
    !!!main                                  0x080000ec   Section        8  __main.o(!!!main)
    !!!scatter                               0x080000f4   Section       52  __scatter.o(!!!scatter)
    !!handler_copy                           0x08000128   Section       26  __scatter_copy.o(!!handler_copy)
    !!handler_zi                             0x08000144   Section       28  __scatter_zi.o(!!handler_zi)
    .ARM.Collect$$_printf_percent$$00000000  0x08000160   Section        0  _printf_percent.o(.ARM.Collect$$_printf_percent$$00000000)
    .ARM.Collect$$_printf_percent$$00000003  0x08000160   Section        6  _printf_f.o(.ARM.Collect$$_printf_percent$$00000003)
    .ARM.Collect$$_printf_percent$$00000017  0x08000166   Section        4  _printf_percent_end.o(.ARM.Collect$$_printf_percent$$00000017)
    .ARM.Collect$$libinit$$00000000          0x0800016a   Section        2  libinit.o(.ARM.Collect$$libinit$$00000000)
    .ARM.Collect$$libinit$$00000002          0x0800016c   Section        0  libinit2.o(.ARM.Collect$$libinit$$00000002)
    .ARM.Collect$$libinit$$00000004          0x0800016c   Section        0  libinit2.o(.ARM.Collect$$libinit$$00000004)
    .ARM.Collect$$libinit$$0000000A          0x0800016c   Section        0  libinit2.o(.ARM.Collect$$libinit$$0000000A)
    .ARM.Collect$$libinit$$0000000C          0x0800016c   Section        0  libinit2.o(.ARM.Collect$$libinit$$0000000C)
    .ARM.Collect$$libinit$$0000000E          0x0800016c   Section        0  libinit2.o(.ARM.Collect$$libinit$$0000000E)
    .ARM.Collect$$libinit$$0000000F          0x0800016c   Section        6  libinit2.o(.ARM.Collect$$libinit$$0000000F)
    .ARM.Collect$$libinit$$00000011          0x08000172   Section        0  libinit2.o(.ARM.Collect$$libinit$$00000011)
    .ARM.Collect$$libinit$$00000013          0x08000172   Section        0  libinit2.o(.ARM.Collect$$libinit$$00000013)
    .ARM.Collect$$libinit$$00000015          0x08000172   Section        0  libinit2.o(.ARM.Collect$$libinit$$00000015)
    .ARM.Collect$$libinit$$00000016          0x08000172   Section       10  libinit2.o(.ARM.Collect$$libinit$$00000016)
    .ARM.Collect$$libinit$$00000017          0x0800017c   Section        0  libinit2.o(.ARM.Collect$$libinit$$00000017)
    .ARM.Collect$$libinit$$00000019          0x0800017c   Section        0  libinit2.o(.ARM.Collect$$libinit$$00000019)
    .ARM.Collect$$libinit$$0000001B          0x0800017c   Section        0  libinit2.o(.ARM.Collect$$libinit$$0000001B)
    .ARM.Collect$$libinit$$0000001D          0x0800017c   Section        0  libinit2.o(.ARM.Collect$$libinit$$0000001D)
    .ARM.Collect$$libinit$$0000001F          0x0800017c   Section        0  libinit2.o(.ARM.Collect$$libinit$$0000001F)
    .ARM.Collect$$libinit$$00000021          0x0800017c   Section        0  libinit2.o(.ARM.Collect$$libinit$$00000021)
    .ARM.Collect$$libinit$$00000023          0x0800017c   Section        0  libinit2.o(.ARM.Collect$$libinit$$00000023)
    .ARM.Collect$$libinit$$00000025          0x0800017c   Section        0  libinit2.o(.ARM.Collect$$libinit$$00000025)
    .ARM.Collect$$libinit$$0000002C          0x0800017c   Section        0  libinit2.o(.ARM.Collect$$libinit$$0000002C)
    .ARM.Collect$$libinit$$0000002E          0x0800017c   Section        0  libinit2.o(.ARM.Collect$$libinit$$0000002E)
    .ARM.Collect$$libinit$$00000030          0x0800017c   Section        0  libinit2.o(.ARM.Collect$$libinit$$00000030)
    .ARM.Collect$$libinit$$00000032          0x0800017c   Section        0  libinit2.o(.ARM.Collect$$libinit$$00000032)
    .ARM.Collect$$libinit$$00000033          0x0800017c   Section        2  libinit2.o(.ARM.Collect$$libinit$$00000033)
    .ARM.Collect$$libshutdown$$00000000      0x0800017e   Section        2  libshutdown.o(.ARM.Collect$$libshutdown$$00000000)
    .ARM.Collect$$libshutdown$$00000002      0x08000180   Section        0  libshutdown2.o(.ARM.Collect$$libshutdown$$00000002)
    .ARM.Collect$$libshutdown$$00000004      0x08000180   Section        0  libshutdown2.o(.ARM.Collect$$libshutdown$$00000004)
    .ARM.Collect$$libshutdown$$00000006      0x08000180   Section        0  libshutdown2.o(.ARM.Collect$$libshutdown$$00000006)
    .ARM.Collect$$libshutdown$$00000009      0x08000180   Section        0  libshutdown2.o(.ARM.Collect$$libshutdown$$00000009)
    .ARM.Collect$$libshutdown$$0000000C      0x08000180   Section        0  libshutdown2.o(.ARM.Collect$$libshutdown$$0000000C)
    .ARM.Collect$$libshutdown$$0000000E      0x08000180   Section        0  libshutdown2.o(.ARM.Collect$$libshutdown$$0000000E)
    .ARM.Collect$$libshutdown$$00000011      0x08000180   Section        0  libshutdown2.o(.ARM.Collect$$libshutdown$$00000011)
    .ARM.Collect$$libshutdown$$00000012      0x08000180   Section        2  libshutdown2.o(.ARM.Collect$$libshutdown$$00000012)
    .ARM.Collect$$rtentry$$00000000          0x08000182   Section        0  __rtentry.o(.ARM.Collect$$rtentry$$00000000)
    .ARM.Collect$$rtentry$$00000002          0x08000182   Section        0  __rtentry2.o(.ARM.Collect$$rtentry$$00000002)
    .ARM.Collect$$rtentry$$00000004          0x08000182   Section        6  __rtentry4.o(.ARM.Collect$$rtentry$$00000004)
    .ARM.Collect$$rtentry$$00000009          0x08000188   Section        0  __rtentry2.o(.ARM.Collect$$rtentry$$00000009)
    .ARM.Collect$$rtentry$$0000000A          0x08000188   Section        4  __rtentry2.o(.ARM.Collect$$rtentry$$0000000A)
    .ARM.Collect$$rtentry$$0000000C          0x0800018c   Section        0  __rtentry2.o(.ARM.Collect$$rtentry$$0000000C)
    .ARM.Collect$$rtentry$$0000000D          0x0800018c   Section        8  __rtentry2.o(.ARM.Collect$$rtentry$$0000000D)
    .ARM.Collect$$rtexit$$00000000           0x08000194   Section        2  rtexit.o(.ARM.Collect$$rtexit$$00000000)
    .ARM.Collect$$rtexit$$00000002           0x08000196   Section        0  rtexit2.o(.ARM.Collect$$rtexit$$00000002)
    .ARM.Collect$$rtexit$$00000003           0x08000196   Section        4  rtexit2.o(.ARM.Collect$$rtexit$$00000003)
    .ARM.Collect$$rtexit$$00000004           0x0800019a   Section        6  rtexit2.o(.ARM.Collect$$rtexit$$00000004)
    .text                                    0x080001a0   Section       64  startup_stm32f103xb.o(.text)
    .text                                    0x080001e0   Section        0  noretval__2sprintf.o(.text)
    .text                                    0x08000208   Section        0  __printf_wp.o(.text)
    .text                                    0x08000316   Section        0  memcmp.o(.text)
    .text                                    0x0800036e   Section      138  rt_memcpy_v6.o(.text)
    .text                                    0x080003f8   Section       68  rt_memclr.o(.text)
    .text                                    0x0800043c   Section       78  rt_memclr_w.o(.text)
    .text                                    0x0800048a   Section        0  heapauxi.o(.text)
    .text                                    0x08000490   Section        0  _printf_fp_dec.o(.text)
    _fp_digits                               0x08000493   Thumb Code   432  _printf_fp_dec.o(.text)
    .text                                    0x080008b0   Section        0  _printf_char_common.o(.text)
    _printf_input_char                       0x080008b1   Thumb Code    10  _printf_char_common.o(.text)
    .text                                    0x080008e0   Section        0  _sputc.o(.text)
    .text                                    0x080008ea   Section      100  rt_memcpy_w.o(.text)
    .text                                    0x08000950   Section        8  rt_locale_intlibspace.o(.text)
    .text                                    0x08000958   Section      138  lludiv10.o(.text)
    .text                                    0x080009e4   Section        0  _printf_fp_infnan.o(.text)
    .text                                    0x08000a64   Section        0  bigflt0.o(.text)
    .text                                    0x08000b48   Section        8  libspace.o(.text)
    .text                                    0x08000b50   Section       74  sys_stackheap_outer.o(.text)
    .text                                    0x08000b9a   Section        0  exit.o(.text)
    .text                                    0x08000bac   Section      128  strcmpv7m.o(.text)
    .text                                    0x08000c2c   Section        0  sys_exit.o(.text)
    .text                                    0x08000c38   Section        2  use_no_semi.o(.text)
    .text                                    0x08000c3a   Section        0  indicate_semi.o(.text)
    CL$$btod_d2e                             0x08000c3a   Section       62  btod.o(CL$$btod_d2e)
    CL$$btod_d2e_denorm_low                  0x08000c78   Section       70  btod.o(CL$$btod_d2e_denorm_low)
    CL$$btod_d2e_norm_op1                    0x08000cbe   Section       96  btod.o(CL$$btod_d2e_norm_op1)
    CL$$btod_div_common                      0x08000d1e   Section      824  btod.o(CL$$btod_div_common)
    CL$$btod_e2e                             0x08001056   Section      220  btod.o(CL$$btod_e2e)
    CL$$btod_ediv                            0x08001132   Section       42  btod.o(CL$$btod_ediv)
    CL$$btod_emul                            0x0800115c   Section       42  btod.o(CL$$btod_emul)
    CL$$btod_mult_common                     0x08001186   Section      580  btod.o(CL$$btod_mult_common)
    i.BusFault_Handler                       0x080013ca   Section        0  stm32f1xx_it.o(i.BusFault_Handler)
    i.DHT11_Humidity                         0x080013cc   Section        0  dht11.o(i.DHT11_Humidity)
    i.DHT11_Init                             0x080013d8   Section        0  dht11.o(i.DHT11_Init)
    i.DHT11_Measure                          0x08001404   Section        0  dht11.o(i.DHT11_Measure)
    i.DHT11_Read_Byte                        0x08001538   Section        0  dht11.o(i.DHT11_Read_Byte)
    DHT11_Read_Byte                          0x08001539   Thumb Code   132  dht11.o(i.DHT11_Read_Byte)
    i.DHT11_Set_Pin_Output                   0x080015c0   Section        0  dht11.o(i.DHT11_Set_Pin_Output)
    DHT11_Set_Pin_Output                     0x080015c1   Thumb Code    26  dht11.o(i.DHT11_Set_Pin_Output)
    i.DHT11_Temperature                      0x080015e0   Section        0  dht11.o(i.DHT11_Temperature)
    i.DebugMon_Handler                       0x080015ec   Section        0  stm32f1xx_it.o(i.DebugMon_Handler)
    i.Error_Handler                          0x080015ee   Section        0  main.o(i.Error_Handler)
    i.HAL_Delay                              0x080015f4   Section        0  stm32f1xx_hal.o(i.HAL_Delay)
    i.HAL_GPIO_Init                          0x08001618   Section        0  stm32f1xx_hal_gpio.o(i.HAL_GPIO_Init)
    i.HAL_GPIO_ReadPin                       0x080017f8   Section        0  stm32f1xx_hal_gpio.o(i.HAL_GPIO_ReadPin)
    i.HAL_GPIO_WritePin                      0x08001802   Section        0  stm32f1xx_hal_gpio.o(i.HAL_GPIO_WritePin)
    i.HAL_GetTick                            0x0800180c   Section        0  stm32f1xx_hal.o(i.HAL_GetTick)
    i.HAL_I2C_Init                           0x08001818   Section        0  stm32f1xx_hal_i2c.o(i.HAL_I2C_Init)
    i.HAL_I2C_Master_Transmit                0x080019a0   Section        0  stm32f1xx_hal_i2c.o(i.HAL_I2C_Master_Transmit)
    i.HAL_I2C_MspInit                        0x08001acc   Section        0  i2c.o(i.HAL_I2C_MspInit)
    i.HAL_IncTick                            0x08001b64   Section        0  stm32f1xx_hal.o(i.HAL_IncTick)
    i.HAL_Init                               0x08001b74   Section        0  stm32f1xx_hal.o(i.HAL_Init)
    i.HAL_InitTick                           0x08001b98   Section        0  stm32f1xx_hal.o(i.HAL_InitTick)
    i.HAL_MspInit                            0x08001bd8   Section        0  stm32f1xx_hal_msp.o(i.HAL_MspInit)
    i.HAL_NVIC_SetPriority                   0x08001c14   Section        0  stm32f1xx_hal_cortex.o(i.HAL_NVIC_SetPriority)
    i.HAL_NVIC_SetPriorityGrouping           0x08001c54   Section        0  stm32f1xx_hal_cortex.o(i.HAL_NVIC_SetPriorityGrouping)
    i.HAL_RCC_ClockConfig                    0x08001c78   Section        0  stm32f1xx_hal_rcc.o(i.HAL_RCC_ClockConfig)
    i.HAL_RCC_GetPCLK1Freq                   0x08001da4   Section        0  stm32f1xx_hal_rcc.o(i.HAL_RCC_GetPCLK1Freq)
    i.HAL_RCC_GetSysClockFreq                0x08001dc4   Section        0  stm32f1xx_hal_rcc.o(i.HAL_RCC_GetSysClockFreq)
    i.HAL_RCC_OscConfig                      0x08001e10   Section        0  stm32f1xx_hal_rcc.o(i.HAL_RCC_OscConfig)
    i.HAL_SYSTICK_Config                     0x08002130   Section        0  stm32f1xx_hal_cortex.o(i.HAL_SYSTICK_Config)
    i.HAL_TIMEx_MasterConfigSynchronization  0x08002158   Section        0  stm32f1xx_hal_tim_ex.o(i.HAL_TIMEx_MasterConfigSynchronization)
    i.HAL_TIM_Base_Init                      0x080021c0   Section        0  stm32f1xx_hal_tim.o(i.HAL_TIM_Base_Init)
    i.HAL_TIM_Base_MspInit                   0x0800221c   Section        0  tim.o(i.HAL_TIM_Base_MspInit)
    i.HAL_TIM_Base_Start                     0x08002244   Section        0  stm32f1xx_hal_tim.o(i.HAL_TIM_Base_Start)
    i.HAL_TIM_ConfigClockSource              0x08002294   Section        0  stm32f1xx_hal_tim.o(i.HAL_TIM_ConfigClockSource)
    i.HAL_TIM_MspPostInit                    0x08002370   Section        0  tim.o(i.HAL_TIM_MspPostInit)
    i.HAL_TIM_PWM_ConfigChannel              0x080023bc   Section        0  stm32f1xx_hal_tim.o(i.HAL_TIM_PWM_ConfigChannel)
    i.HAL_TIM_PWM_Init                       0x08002488   Section        0  stm32f1xx_hal_tim.o(i.HAL_TIM_PWM_Init)
    i.HAL_TIM_PWM_MspInit                    0x080024e4   Section        0  tim.o(i.HAL_TIM_PWM_MspInit)
    i.HardFault_Handler                      0x0800250c   Section        0  stm32f1xx_it.o(i.HardFault_Handler)
    i.I2C_IsAcknowledgeFailed                0x0800250e   Section        0  stm32f1xx_hal_i2c.o(i.I2C_IsAcknowledgeFailed)
    I2C_IsAcknowledgeFailed                  0x0800250f   Thumb Code    46  stm32f1xx_hal_i2c.o(i.I2C_IsAcknowledgeFailed)
    i.I2C_MasterRequestWrite                 0x0800253c   Section        0  stm32f1xx_hal_i2c.o(i.I2C_MasterRequestWrite)
    I2C_MasterRequestWrite                   0x0800253d   Thumb Code   150  stm32f1xx_hal_i2c.o(i.I2C_MasterRequestWrite)
    i.I2C_WaitOnBTFFlagUntilTimeout          0x080025d8   Section        0  stm32f1xx_hal_i2c.o(i.I2C_WaitOnBTFFlagUntilTimeout)
    I2C_WaitOnBTFFlagUntilTimeout            0x080025d9   Thumb Code    86  stm32f1xx_hal_i2c.o(i.I2C_WaitOnBTFFlagUntilTimeout)
    i.I2C_WaitOnFlagUntilTimeout             0x08002630   Section        0  stm32f1xx_hal_i2c.o(i.I2C_WaitOnFlagUntilTimeout)
    I2C_WaitOnFlagUntilTimeout               0x08002631   Thumb Code   144  stm32f1xx_hal_i2c.o(i.I2C_WaitOnFlagUntilTimeout)
    i.I2C_WaitOnMasterAddressFlagUntilTimeout 0x080026c0   Section        0  stm32f1xx_hal_i2c.o(i.I2C_WaitOnMasterAddressFlagUntilTimeout)
    I2C_WaitOnMasterAddressFlagUntilTimeout  0x080026c1   Thumb Code   188  stm32f1xx_hal_i2c.o(i.I2C_WaitOnMasterAddressFlagUntilTimeout)
    i.I2C_WaitOnTXEFlagUntilTimeout          0x0800277c   Section        0  stm32f1xx_hal_i2c.o(i.I2C_WaitOnTXEFlagUntilTimeout)
    I2C_WaitOnTXEFlagUntilTimeout            0x0800277d   Thumb Code    86  stm32f1xx_hal_i2c.o(i.I2C_WaitOnTXEFlagUntilTimeout)
    i.MX_GPIO_Init                           0x080027d4   Section        0  gpio.o(i.MX_GPIO_Init)
    i.MX_I2C1_Init                           0x0800286c   Section        0  i2c.o(i.MX_I2C1_Init)
    i.MX_I2C2_Init                           0x080028ac   Section        0  i2c.o(i.MX_I2C2_Init)
    i.MX_TIM1_Init                           0x080028ec   Section        0  tim.o(i.MX_TIM1_Init)
    i.MX_TIM3_Init                           0x08002954   Section        0  tim.o(i.MX_TIM3_Init)
    i.MemManage_Handler                      0x080029d8   Section        0  stm32f1xx_it.o(i.MemManage_Handler)
    i.NMI_Handler                            0x080029da   Section        0  stm32f1xx_it.o(i.NMI_Handler)
    i.OLED_DrawImage                         0x080029dc   Section        0  oled.o(i.OLED_DrawImage)
    i.OLED_Init                              0x080029ee   Section        0  oled.o(i.OLED_Init)
    i.OLED_NewFrame                          0x08002aa4   Section        0  oled.o(i.OLED_NewFrame)
    i.OLED_PrintASCIIChar                    0x08002ab4   Section        0  oled.o(i.OLED_PrintASCIIChar)
    i.OLED_PrintString                       0x08002ad4   Section        0  oled.o(i.OLED_PrintString)
    i.OLED_Send                              0x08002b8c   Section        0  oled.o(i.OLED_Send)
    i.OLED_SendCmd                           0x08002ba8   Section        0  oled.o(i.OLED_SendCmd)
    i.OLED_SetBits                           0x08002bb8   Section        0  oled.o(i.OLED_SetBits)
    i.OLED_SetBits_Fine                      0x08002c00   Section        0  oled.o(i.OLED_SetBits_Fine)
    i.OLED_SetBlock                          0x08002c68   Section        0  oled.o(i.OLED_SetBlock)
    i.OLED_SetByte_Fine                      0x08002cf0   Section        0  oled.o(i.OLED_SetByte_Fine)
    i.OLED_ShowFrame                         0x08002d38   Section        0  oled.o(i.OLED_ShowFrame)
    i.PendSV_Handler                         0x08002d80   Section        0  stm32f1xx_it.o(i.PendSV_Handler)
    i.SVC_Handler                            0x08002d82   Section        0  stm32f1xx_it.o(i.SVC_Handler)
    i.SysTick_Handler                        0x08002d84   Section        0  stm32f1xx_it.o(i.SysTick_Handler)
    i.SystemClock_Config                     0x08002d88   Section        0  main.o(i.SystemClock_Config)
    i.SystemInit                             0x08002de6   Section        0  system_stm32f1xx.o(i.SystemInit)
    i.TIM_Base_SetConfig                     0x08002de8   Section        0  stm32f1xx_hal_tim.o(i.TIM_Base_SetConfig)
    i.TIM_ETR_SetConfig                      0x08002e60   Section        0  stm32f1xx_hal_tim.o(i.TIM_ETR_SetConfig)
    i.TIM_ITRx_SetConfig                     0x08002e74   Section        0  stm32f1xx_hal_tim.o(i.TIM_ITRx_SetConfig)
    TIM_ITRx_SetConfig                       0x08002e75   Thumb Code    16  stm32f1xx_hal_tim.o(i.TIM_ITRx_SetConfig)
    i.TIM_OC1_SetConfig                      0x08002e84   Section        0  stm32f1xx_hal_tim.o(i.TIM_OC1_SetConfig)
    TIM_OC1_SetConfig                        0x08002e85   Thumb Code    74  stm32f1xx_hal_tim.o(i.TIM_OC1_SetConfig)
    i.TIM_OC2_SetConfig                      0x08002ed4   Section        0  stm32f1xx_hal_tim.o(i.TIM_OC2_SetConfig)
    i.TIM_OC3_SetConfig                      0x08002f2c   Section        0  stm32f1xx_hal_tim.o(i.TIM_OC3_SetConfig)
    TIM_OC3_SetConfig                        0x08002f2d   Thumb Code    82  stm32f1xx_hal_tim.o(i.TIM_OC3_SetConfig)
    i.TIM_OC4_SetConfig                      0x08002f84   Section        0  stm32f1xx_hal_tim.o(i.TIM_OC4_SetConfig)
    TIM_OC4_SetConfig                        0x08002f85   Thumb Code    64  stm32f1xx_hal_tim.o(i.TIM_OC4_SetConfig)
    i.TIM_TI1_ConfigInputStage               0x08002fc8   Section        0  stm32f1xx_hal_tim.o(i.TIM_TI1_ConfigInputStage)
    TIM_TI1_ConfigInputStage                 0x08002fc9   Thumb Code    34  stm32f1xx_hal_tim.o(i.TIM_TI1_ConfigInputStage)
    i.TIM_TI2_ConfigInputStage               0x08002fea   Section        0  stm32f1xx_hal_tim.o(i.TIM_TI2_ConfigInputStage)
    TIM_TI2_ConfigInputStage                 0x08002feb   Thumb Code    36  stm32f1xx_hal_tim.o(i.TIM_TI2_ConfigInputStage)
    i.UsageFault_Handler                     0x0800300e   Section        0  stm32f1xx_it.o(i.UsageFault_Handler)
    i._OLED_GetUTF8Len                       0x08003010   Section        0  oled.o(i._OLED_GetUTF8Len)
    i.__ARM_fpclassify                       0x08003042   Section        0  fpclassify.o(i.__ARM_fpclassify)
    i.__NVIC_SetPriority                     0x0800306a   Section        0  stm32f1xx_hal_cortex.o(i.__NVIC_SetPriority)
    __NVIC_SetPriority                       0x0800306b   Thumb Code    32  stm32f1xx_hal_cortex.o(i.__NVIC_SetPriority)
    i._is_digit                              0x0800308a   Section        0  __printf_wp.o(i._is_digit)
    i.delay_us                               0x08003098   Section        0  dht11.o(i.delay_us)
    delay_us                                 0x08003099   Thumb Code    18  dht11.o(i.delay_us)
    i.main                                   0x080030b0   Section        0  main.o(i.main)
    locale$$code                             0x080031d4   Section       44  lc_numeric_c.o(locale$$code)
    x$fpl$dretinf                            0x08003200   Section       12  dretinf.o(x$fpl$dretinf)
    x$fpl$f2d                                0x0800320c   Section       86  f2d.o(x$fpl$f2d)
    x$fpl$fadd                               0x08003264   Section      196  faddsub_clz.o(x$fpl$fadd)
    _fadd1                                   0x08003273   Thumb Code     0  faddsub_clz.o(x$fpl$fadd)
    x$fpl$fdiv                               0x08003328   Section      388  fdiv.o(x$fpl$fdiv)
    _fdiv1                                   0x08003329   Thumb Code     0  fdiv.o(x$fpl$fdiv)
    x$fpl$ffltu                              0x080034ac   Section       38  fflt_clz.o(x$fpl$ffltu)
    x$fpl$fnaninf                            0x080034d2   Section      140  fnaninf.o(x$fpl$fnaninf)
    x$fpl$fretinf                            0x0800355e   Section       10  fretinf.o(x$fpl$fretinf)
    x$fpl$fsub                               0x08003568   Section      234  faddsub_clz.o(x$fpl$fsub)
    _fsub1                                   0x08003577   Thumb Code     0  faddsub_clz.o(x$fpl$fsub)
    x$fpl$printf1                            0x08003652   Section        4  printf1.o(x$fpl$printf1)
    .constdata                               0x08003656   Section     1520  font.o(.constdata)
    x$fpl$usenofp                            0x08003656   Section        0  usenofp.o(x$fpl$usenofp)
    .constdata                               0x08003c48   Section        8  font.o(.constdata)
    .constdata                               0x08003c50   Section      144  font.o(.constdata)
    .constdata                               0x08003ce0   Section       16  font.o(.constdata)
    .constdata                               0x08003cf0   Section      128  font.o(.constdata)
    .constdata                               0x08003d70   Section        8  font.o(.constdata)
    .constdata                               0x08003d78   Section      128  font.o(.constdata)
    .constdata                               0x08003df8   Section        8  font.o(.constdata)
    .constdata                               0x08003e00   Section       18  stm32f1xx_hal_rcc.o(.constdata)
    aPredivFactorTable                       0x08003e00   Data           2  stm32f1xx_hal_rcc.o(.constdata)
    aPLLMULFactorTable                       0x08003e02   Data          16  stm32f1xx_hal_rcc.o(.constdata)
    .constdata                               0x08003e12   Section       16  system_stm32f1xx.o(.constdata)
    .constdata                               0x08003e22   Section        8  system_stm32f1xx.o(.constdata)
    .constdata                               0x08003e2c   Section      148  bigflt0.o(.constdata)
    tenpwrs_x                                0x08003e2c   Data          60  bigflt0.o(.constdata)
    tenpwrs_i                                0x08003e68   Data          64  bigflt0.o(.constdata)
    locale$$data                             0x08003ee0   Section       28  lc_numeric_c.o(locale$$data)
    __lcnum_c_name                           0x08003ee4   Data           2  lc_numeric_c.o(locale$$data)
    __lcnum_c_start                          0x08003eec   Data           0  lc_numeric_c.o(locale$$data)
    __lcnum_c_point                          0x08003ef8   Data           0  lc_numeric_c.o(locale$$data)
    __lcnum_c_thousands                      0x08003efa   Data           0  lc_numeric_c.o(locale$$data)
    __lcnum_c_grouping                       0x08003efb   Data           0  lc_numeric_c.o(locale$$data)
    __lcnum_c_end                            0x08003efc   Data           0  lc_numeric_c.o(locale$$data)
    .data                                    0x20000000   Section        4  oled.o(.data)
    temp                                     0x20000000   Data           1  oled.o(.data)
    temp                                     0x20000001   Data           1  oled.o(.data)
    sendBuffer                               0x20000002   Data           2  oled.o(.data)
    .data                                    0x20000004   Section        8  dht11.o(.data)
    Temperature                              0x20000004   Data           4  dht11.o(.data)
    Humidity                                 0x20000008   Data           4  dht11.o(.data)
    .data                                    0x2000000c   Section       12  stm32f1xx_hal.o(.data)
    .data                                    0x20000018   Section        4  system_stm32f1xx.o(.data)
    .bss                                     0x2000001c   Section     1153  oled.o(.bss)
    sendBuffer                               0x2000001c   Data         129  oled.o(.bss)
    .bss                                     0x200004a0   Section      168  i2c.o(.bss)
    .bss                                     0x20000548   Section      144  tim.o(.bss)
    .bss                                     0x200005d8   Section       96  libspace.o(.bss)
    HEAP                                     0x20000638   Section      512  startup_stm32f103xb.o(HEAP)
    Heap_Mem                                 0x20000638   Data         512  startup_stm32f103xb.o(HEAP)
    STACK                                    0x20000838   Section     1024  startup_stm32f103xb.o(STACK)
    Stack_Mem                                0x20000838   Data        1024  startup_stm32f103xb.o(STACK)
    __initial_sp                             0x20000c38   Data           0  startup_stm32f103xb.o(STACK)

    Global Symbols

    Symbol Name                              Value     Ov Type        Size  Object(Section)

    BuildAttributes$$THM_ISAv4$P$D$K$B$S$PE$A:L22UL41UL21$X:L11$S22US41US21$IEEE1$IW$USESV6$~STKCKD$USESV7$~SHL$OTIME$ROPI$IEEEJ$EBA8$UX$STANDARDLIB$REQ8$PRES8$EABIv2 0x00000000   Number         0  anon$$obj.o ABSOLUTE
    __ARM_use_no_argv                        0x00000000   Number         0  main.o ABSOLUTE
    _printf_flags                            0x00000000   Number         0  printf_stubs.o ABSOLUTE
    _printf_return_value                     0x00000000   Number         0  printf_stubs.o ABSOLUTE
    _printf_sizespec                         0x00000000   Number         0  printf_stubs.o ABSOLUTE
    _printf_widthprec                        0x00000000   Number         0  printf_stubs.o ABSOLUTE
    __ARM_exceptions_init                     - Undefined Weak Reference
    __alloca_initialize                       - Undefined Weak Reference
    __arm_fini_                               - Undefined Weak Reference
    __arm_preinit_                            - Undefined Weak Reference
    __cpp_initialize__aeabi_                  - Undefined Weak Reference
    __cxa_finalize                            - Undefined Weak Reference
    __sigvec_lookup                           - Undefined Weak Reference
    _atexit_init                              - Undefined Weak Reference
    _call_atexit_fns                          - Undefined Weak Reference
    _clock_init                               - Undefined Weak Reference
    _fp_trap_init                             - Undefined Weak Reference
    _fp_trap_shutdown                         - Undefined Weak Reference
    _get_lc_collate                           - Undefined Weak Reference
    _get_lc_ctype                             - Undefined Weak Reference
    _get_lc_monetary                          - Undefined Weak Reference
    _get_lc_time                              - Undefined Weak Reference
    _getenv_init                              - Undefined Weak Reference
    _handle_redirection                       - Undefined Weak Reference
    _init_alloc                               - Undefined Weak Reference
    _init_user_alloc                          - Undefined Weak Reference
    _initio                                   - Undefined Weak Reference
    _printf_post_padding                      - Undefined Weak Reference
    _printf_pre_padding                       - Undefined Weak Reference
    _rand_init                                - Undefined Weak Reference
    _signal_finish                            - Undefined Weak Reference
    _signal_init                              - Undefined Weak Reference
    _terminate_alloc                          - Undefined Weak Reference
    _terminate_user_alloc                     - Undefined Weak Reference
    _terminateio                              - Undefined Weak Reference
    __Vectors_Size                           0x000000ec   Number         0  startup_stm32f103xb.o ABSOLUTE
    __Vectors                                0x08000000   Data           4  startup_stm32f103xb.o(RESET)
    __Vectors_End                            0x080000ec   Data           0  startup_stm32f103xb.o(RESET)
    __main                                   0x080000ed   Thumb Code     8  __main.o(!!!main)
    __scatterload                            0x080000f5   Thumb Code     0  __scatter.o(!!!scatter)
    __scatterload_rt2                        0x080000f5   Thumb Code    44  __scatter.o(!!!scatter)
    __scatterload_rt2_thumb_only             0x080000f5   Thumb Code     0  __scatter.o(!!!scatter)
    __scatterload_null                       0x08000103   Thumb Code     0  __scatter.o(!!!scatter)
    __scatterload_copy                       0x08000129   Thumb Code    26  __scatter_copy.o(!!handler_copy)
    __scatterload_zeroinit                   0x08000145   Thumb Code    28  __scatter_zi.o(!!handler_zi)
    _printf_f                                0x08000161   Thumb Code     0  _printf_f.o(.ARM.Collect$$_printf_percent$$00000003)
    _printf_percent                          0x08000161   Thumb Code     0  _printf_percent.o(.ARM.Collect$$_printf_percent$$00000000)
    _printf_percent_end                      0x08000167   Thumb Code     0  _printf_percent_end.o(.ARM.Collect$$_printf_percent$$00000017)
    __rt_lib_init                            0x0800016b   Thumb Code     0  libinit.o(.ARM.Collect$$libinit$$00000000)
    __rt_lib_init_fp_1                       0x0800016d   Thumb Code     0  libinit2.o(.ARM.Collect$$libinit$$00000002)
    __rt_lib_init_heap_1                     0x0800016d   Thumb Code     0  libinit2.o(.ARM.Collect$$libinit$$0000000A)
    __rt_lib_init_lc_common                  0x0800016d   Thumb Code     0  libinit2.o(.ARM.Collect$$libinit$$0000000F)
    __rt_lib_init_preinit_1                  0x0800016d   Thumb Code     0  libinit2.o(.ARM.Collect$$libinit$$00000004)
    __rt_lib_init_rand_1                     0x0800016d   Thumb Code     0  libinit2.o(.ARM.Collect$$libinit$$0000000E)
    __rt_lib_init_user_alloc_1               0x0800016d   Thumb Code     0  libinit2.o(.ARM.Collect$$libinit$$0000000C)
    __rt_lib_init_lc_collate_1               0x08000173   Thumb Code     0  libinit2.o(.ARM.Collect$$libinit$$00000011)
    __rt_lib_init_lc_ctype_1                 0x08000173   Thumb Code     0  libinit2.o(.ARM.Collect$$libinit$$00000013)
    __rt_lib_init_lc_monetary_1              0x08000173   Thumb Code     0  libinit2.o(.ARM.Collect$$libinit$$00000015)
    __rt_lib_init_lc_numeric_2               0x08000173   Thumb Code     0  libinit2.o(.ARM.Collect$$libinit$$00000016)
    __rt_lib_init_alloca_1                   0x0800017d   Thumb Code     0  libinit2.o(.ARM.Collect$$libinit$$0000002E)
    __rt_lib_init_argv_1                     0x0800017d   Thumb Code     0  libinit2.o(.ARM.Collect$$libinit$$0000002C)
    __rt_lib_init_atexit_1                   0x0800017d   Thumb Code     0  libinit2.o(.ARM.Collect$$libinit$$0000001B)
    __rt_lib_init_clock_1                    0x0800017d   Thumb Code     0  libinit2.o(.ARM.Collect$$libinit$$00000021)
    __rt_lib_init_cpp_1                      0x0800017d   Thumb Code     0  libinit2.o(.ARM.Collect$$libinit$$00000032)
    __rt_lib_init_exceptions_1               0x0800017d   Thumb Code     0  libinit2.o(.ARM.Collect$$libinit$$00000030)
    __rt_lib_init_fp_trap_1                  0x0800017d   Thumb Code     0  libinit2.o(.ARM.Collect$$libinit$$0000001F)
    __rt_lib_init_getenv_1                   0x0800017d   Thumb Code     0  libinit2.o(.ARM.Collect$$libinit$$00000023)
    __rt_lib_init_lc_numeric_1               0x0800017d   Thumb Code     0  libinit2.o(.ARM.Collect$$libinit$$00000017)
    __rt_lib_init_lc_time_1                  0x0800017d   Thumb Code     0  libinit2.o(.ARM.Collect$$libinit$$00000019)
    __rt_lib_init_return                     0x0800017d   Thumb Code     0  libinit2.o(.ARM.Collect$$libinit$$00000033)
    __rt_lib_init_signal_1                   0x0800017d   Thumb Code     0  libinit2.o(.ARM.Collect$$libinit$$0000001D)
    __rt_lib_init_stdio_1                    0x0800017d   Thumb Code     0  libinit2.o(.ARM.Collect$$libinit$$00000025)
    __rt_lib_shutdown                        0x0800017f   Thumb Code     0  libshutdown.o(.ARM.Collect$$libshutdown$$00000000)
    __rt_lib_shutdown_cpp_1                  0x08000181   Thumb Code     0  libshutdown2.o(.ARM.Collect$$libshutdown$$00000004)
    __rt_lib_shutdown_fini_1                 0x08000181   Thumb Code     0  libshutdown2.o(.ARM.Collect$$libshutdown$$00000002)
    __rt_lib_shutdown_fp_trap_1              0x08000181   Thumb Code     0  libshutdown2.o(.ARM.Collect$$libshutdown$$00000009)
    __rt_lib_shutdown_heap_1                 0x08000181   Thumb Code     0  libshutdown2.o(.ARM.Collect$$libshutdown$$00000011)
    __rt_lib_shutdown_return                 0x08000181   Thumb Code     0  libshutdown2.o(.ARM.Collect$$libshutdown$$00000012)
    __rt_lib_shutdown_signal_1               0x08000181   Thumb Code     0  libshutdown2.o(.ARM.Collect$$libshutdown$$0000000C)
    __rt_lib_shutdown_stdio_1                0x08000181   Thumb Code     0  libshutdown2.o(.ARM.Collect$$libshutdown$$00000006)
    __rt_lib_shutdown_user_alloc_1           0x08000181   Thumb Code     0  libshutdown2.o(.ARM.Collect$$libshutdown$$0000000E)
    __rt_entry                               0x08000183   Thumb Code     0  __rtentry.o(.ARM.Collect$$rtentry$$00000000)
    __rt_entry_presh_1                       0x08000183   Thumb Code     0  __rtentry2.o(.ARM.Collect$$rtentry$$00000002)
    __rt_entry_sh                            0x08000183   Thumb Code     0  __rtentry4.o(.ARM.Collect$$rtentry$$00000004)
    __rt_entry_li                            0x08000189   Thumb Code     0  __rtentry2.o(.ARM.Collect$$rtentry$$0000000A)
    __rt_entry_postsh_1                      0x08000189   Thumb Code     0  __rtentry2.o(.ARM.Collect$$rtentry$$00000009)
    __rt_entry_main                          0x0800018d   Thumb Code     0  __rtentry2.o(.ARM.Collect$$rtentry$$0000000D)
    __rt_entry_postli_1                      0x0800018d   Thumb Code     0  __rtentry2.o(.ARM.Collect$$rtentry$$0000000C)
    __rt_exit                                0x08000195   Thumb Code     0  rtexit.o(.ARM.Collect$$rtexit$$00000000)
    __rt_exit_ls                             0x08000197   Thumb Code     0  rtexit2.o(.ARM.Collect$$rtexit$$00000003)
    __rt_exit_prels_1                        0x08000197   Thumb Code     0  rtexit2.o(.ARM.Collect$$rtexit$$00000002)
    __rt_exit_exit                           0x0800019b   Thumb Code     0  rtexit2.o(.ARM.Collect$$rtexit$$00000004)
    Reset_Handler                            0x080001a1   Thumb Code     8  startup_stm32f103xb.o(.text)
    ADC1_2_IRQHandler                        0x080001bb   Thumb Code     0  startup_stm32f103xb.o(.text)
    CAN1_RX1_IRQHandler                      0x080001bb   Thumb Code     0  startup_stm32f103xb.o(.text)
    CAN1_SCE_IRQHandler                      0x080001bb   Thumb Code     0  startup_stm32f103xb.o(.text)
    DMA1_Channel1_IRQHandler                 0x080001bb   Thumb Code     0  startup_stm32f103xb.o(.text)
    DMA1_Channel2_IRQHandler                 0x080001bb   Thumb Code     0  startup_stm32f103xb.o(.text)
    DMA1_Channel3_IRQHandler                 0x080001bb   Thumb Code     0  startup_stm32f103xb.o(.text)
    DMA1_Channel4_IRQHandler                 0x080001bb   Thumb Code     0  startup_stm32f103xb.o(.text)
    DMA1_Channel5_IRQHandler                 0x080001bb   Thumb Code     0  startup_stm32f103xb.o(.text)
    DMA1_Channel6_IRQHandler                 0x080001bb   Thumb Code     0  startup_stm32f103xb.o(.text)
    DMA1_Channel7_IRQHandler                 0x080001bb   Thumb Code     0  startup_stm32f103xb.o(.text)
    EXTI0_IRQHandler                         0x080001bb   Thumb Code     0  startup_stm32f103xb.o(.text)
    EXTI15_10_IRQHandler                     0x080001bb   Thumb Code     0  startup_stm32f103xb.o(.text)
    EXTI1_IRQHandler                         0x080001bb   Thumb Code     0  startup_stm32f103xb.o(.text)
    EXTI2_IRQHandler                         0x080001bb   Thumb Code     0  startup_stm32f103xb.o(.text)
    EXTI3_IRQHandler                         0x080001bb   Thumb Code     0  startup_stm32f103xb.o(.text)
    EXTI4_IRQHandler                         0x080001bb   Thumb Code     0  startup_stm32f103xb.o(.text)
    EXTI9_5_IRQHandler                       0x080001bb   Thumb Code     0  startup_stm32f103xb.o(.text)
    FLASH_IRQHandler                         0x080001bb   Thumb Code     0  startup_stm32f103xb.o(.text)
    I2C1_ER_IRQHandler                       0x080001bb   Thumb Code     0  startup_stm32f103xb.o(.text)
    I2C1_EV_IRQHandler                       0x080001bb   Thumb Code     0  startup_stm32f103xb.o(.text)
    I2C2_ER_IRQHandler                       0x080001bb   Thumb Code     0  startup_stm32f103xb.o(.text)
    I2C2_EV_IRQHandler                       0x080001bb   Thumb Code     0  startup_stm32f103xb.o(.text)
    PVD_IRQHandler                           0x080001bb   Thumb Code     0  startup_stm32f103xb.o(.text)
    RCC_IRQHandler                           0x080001bb   Thumb Code     0  startup_stm32f103xb.o(.text)
    RTC_Alarm_IRQHandler                     0x080001bb   Thumb Code     0  startup_stm32f103xb.o(.text)
    RTC_IRQHandler                           0x080001bb   Thumb Code     0  startup_stm32f103xb.o(.text)
    SPI1_IRQHandler                          0x080001bb   Thumb Code     0  startup_stm32f103xb.o(.text)
    SPI2_IRQHandler                          0x080001bb   Thumb Code     0  startup_stm32f103xb.o(.text)
    TAMPER_IRQHandler                        0x080001bb   Thumb Code     0  startup_stm32f103xb.o(.text)
    TIM1_BRK_IRQHandler                      0x080001bb   Thumb Code     0  startup_stm32f103xb.o(.text)
    TIM1_CC_IRQHandler                       0x080001bb   Thumb Code     0  startup_stm32f103xb.o(.text)
    TIM1_TRG_COM_IRQHandler                  0x080001bb   Thumb Code     0  startup_stm32f103xb.o(.text)
    TIM1_UP_IRQHandler                       0x080001bb   Thumb Code     0  startup_stm32f103xb.o(.text)
    TIM2_IRQHandler                          0x080001bb   Thumb Code     0  startup_stm32f103xb.o(.text)
    TIM3_IRQHandler                          0x080001bb   Thumb Code     0  startup_stm32f103xb.o(.text)
    TIM4_IRQHandler                          0x080001bb   Thumb Code     0  startup_stm32f103xb.o(.text)
    USART1_IRQHandler                        0x080001bb   Thumb Code     0  startup_stm32f103xb.o(.text)
    USART2_IRQHandler                        0x080001bb   Thumb Code     0  startup_stm32f103xb.o(.text)
    USART3_IRQHandler                        0x080001bb   Thumb Code     0  startup_stm32f103xb.o(.text)
    USBWakeUp_IRQHandler                     0x080001bb   Thumb Code     0  startup_stm32f103xb.o(.text)
    USB_HP_CAN1_TX_IRQHandler                0x080001bb   Thumb Code     0  startup_stm32f103xb.o(.text)
    USB_LP_CAN1_RX0_IRQHandler               0x080001bb   Thumb Code     0  startup_stm32f103xb.o(.text)
    WWDG_IRQHandler                          0x080001bb   Thumb Code     0  startup_stm32f103xb.o(.text)
    __user_initial_stackheap                 0x080001bd   Thumb Code     0  startup_stm32f103xb.o(.text)
    __2sprintf                               0x080001e1   Thumb Code    34  noretval__2sprintf.o(.text)
    __printf                                 0x08000209   Thumb Code   270  __printf_wp.o(.text)
    memcmp                                   0x08000317   Thumb Code    88  memcmp.o(.text)
    __aeabi_memcpy                           0x0800036f   Thumb Code     0  rt_memcpy_v6.o(.text)
    __rt_memcpy                              0x0800036f   Thumb Code   138  rt_memcpy_v6.o(.text)
    _memcpy_lastbytes                        0x080003d5   Thumb Code     0  rt_memcpy_v6.o(.text)
    __aeabi_memclr                           0x080003f9   Thumb Code     0  rt_memclr.o(.text)
    __rt_memclr                              0x080003f9   Thumb Code    68  rt_memclr.o(.text)
    _memset                                  0x080003fd   Thumb Code     0  rt_memclr.o(.text)
    __aeabi_memclr4                          0x0800043d   Thumb Code     0  rt_memclr_w.o(.text)
    __aeabi_memclr8                          0x0800043d   Thumb Code     0  rt_memclr_w.o(.text)
    __rt_memclr_w                            0x0800043d   Thumb Code    78  rt_memclr_w.o(.text)
    _memset_w                                0x08000441   Thumb Code     0  rt_memclr_w.o(.text)
    __use_two_region_memory                  0x0800048b   Thumb Code     2  heapauxi.o(.text)
    __rt_heap_escrow$2region                 0x0800048d   Thumb Code     2  heapauxi.o(.text)
    __rt_heap_expand$2region                 0x0800048f   Thumb Code     2  heapauxi.o(.text)
    __lib_sel_fp_printf                      0x08000491   Thumb Code     2  _printf_fp_dec.o(.text)
    _printf_fp_dec_real                      0x08000643   Thumb Code   620  _printf_fp_dec.o(.text)
    _printf_char_common                      0x080008bb   Thumb Code    32  _printf_char_common.o(.text)
    _sputc                                   0x080008e1   Thumb Code    10  _sputc.o(.text)
    __aeabi_memcpy4                          0x080008eb   Thumb Code     0  rt_memcpy_w.o(.text)
    __aeabi_memcpy8                          0x080008eb   Thumb Code     0  rt_memcpy_w.o(.text)
    __rt_memcpy_w                            0x080008eb   Thumb Code   100  rt_memcpy_w.o(.text)
    _memcpy_lastbytes_aligned                0x08000933   Thumb Code     0  rt_memcpy_w.o(.text)
    __rt_locale                              0x08000951   Thumb Code     8  rt_locale_intlibspace.o(.text)
    _ll_udiv10                               0x08000959   Thumb Code   138  lludiv10.o(.text)
    _printf_fp_infnan                        0x080009e5   Thumb Code   112  _printf_fp_infnan.o(.text)
    _btod_etento                             0x08000a65   Thumb Code   224  bigflt0.o(.text)
    __user_libspace                          0x08000b49   Thumb Code     8  libspace.o(.text)
    __user_perproc_libspace                  0x08000b49   Thumb Code     0  libspace.o(.text)
    __user_perthread_libspace                0x08000b49   Thumb Code     0  libspace.o(.text)
    __user_setup_stackheap                   0x08000b51   Thumb Code    74  sys_stackheap_outer.o(.text)
    exit                                     0x08000b9b   Thumb Code    18  exit.o(.text)
    strcmp                                   0x08000bad   Thumb Code   128  strcmpv7m.o(.text)
    _sys_exit                                0x08000c2d   Thumb Code     8  sys_exit.o(.text)
    __I$use$semihosting                      0x08000c39   Thumb Code     0  use_no_semi.o(.text)
    __use_no_semihosting_swi                 0x08000c39   Thumb Code     2  use_no_semi.o(.text)
    __semihosting_library_function           0x08000c3b   Thumb Code     0  indicate_semi.o(.text)
    _btod_d2e                                0x08000c3b   Thumb Code    62  btod.o(CL$$btod_d2e)
    _d2e_denorm_low                          0x08000c79   Thumb Code    70  btod.o(CL$$btod_d2e_denorm_low)
    _d2e_norm_op1                            0x08000cbf   Thumb Code    96  btod.o(CL$$btod_d2e_norm_op1)
    __btod_div_common                        0x08000d1f   Thumb Code   696  btod.o(CL$$btod_div_common)
    _e2e                                     0x08001057   Thumb Code   220  btod.o(CL$$btod_e2e)
    _btod_ediv                               0x08001133   Thumb Code    42  btod.o(CL$$btod_ediv)
    _btod_emul                               0x0800115d   Thumb Code    42  btod.o(CL$$btod_emul)
    __btod_mult_common                       0x08001187   Thumb Code   580  btod.o(CL$$btod_mult_common)
    BusFault_Handler                         0x080013cb   Thumb Code     2  stm32f1xx_it.o(i.BusFault_Handler)
    DHT11_Humidity                           0x080013cd   Thumb Code     6  dht11.o(i.DHT11_Humidity)
    DHT11_Init                               0x080013d9   Thumb Code    34  dht11.o(i.DHT11_Init)
    DHT11_Measure                            0x08001405   Thumb Code   294  dht11.o(i.DHT11_Measure)
    DHT11_Temperature                        0x080015e1   Thumb Code     6  dht11.o(i.DHT11_Temperature)
    DebugMon_Handler                         0x080015ed   Thumb Code     2  stm32f1xx_it.o(i.DebugMon_Handler)
    Error_Handler                            0x080015ef   Thumb Code     4  main.o(i.Error_Handler)
    HAL_Delay                                0x080015f5   Thumb Code    32  stm32f1xx_hal.o(i.HAL_Delay)
    HAL_GPIO_Init                            0x08001619   Thumb Code   446  stm32f1xx_hal_gpio.o(i.HAL_GPIO_Init)
    HAL_GPIO_ReadPin                         0x080017f9   Thumb Code    10  stm32f1xx_hal_gpio.o(i.HAL_GPIO_ReadPin)
    HAL_GPIO_WritePin                        0x08001803   Thumb Code    10  stm32f1xx_hal_gpio.o(i.HAL_GPIO_WritePin)
    HAL_GetTick                              0x0800180d   Thumb Code     6  stm32f1xx_hal.o(i.HAL_GetTick)
    HAL_I2C_Init                             0x08001819   Thumb Code   376  stm32f1xx_hal_i2c.o(i.HAL_I2C_Init)
    HAL_I2C_Master_Transmit                  0x080019a1   Thumb Code   290  stm32f1xx_hal_i2c.o(i.HAL_I2C_Master_Transmit)
    HAL_I2C_MspInit                          0x08001acd   Thumb Code   134  i2c.o(i.HAL_I2C_MspInit)
    HAL_IncTick                              0x08001b65   Thumb Code    12  stm32f1xx_hal.o(i.HAL_IncTick)
    HAL_Init                                 0x08001b75   Thumb Code    32  stm32f1xx_hal.o(i.HAL_Init)
    HAL_InitTick                             0x08001b99   Thumb Code    54  stm32f1xx_hal.o(i.HAL_InitTick)
    HAL_MspInit                              0x08001bd9   Thumb Code    52  stm32f1xx_hal_msp.o(i.HAL_MspInit)
    HAL_NVIC_SetPriority                     0x08001c15   Thumb Code    60  stm32f1xx_hal_cortex.o(i.HAL_NVIC_SetPriority)
    HAL_NVIC_SetPriorityGrouping             0x08001c55   Thumb Code    26  stm32f1xx_hal_cortex.o(i.HAL_NVIC_SetPriorityGrouping)
    HAL_RCC_ClockConfig                      0x08001c79   Thumb Code   280  stm32f1xx_hal_rcc.o(i.HAL_RCC_ClockConfig)
    HAL_RCC_GetPCLK1Freq                     0x08001da5   Thumb Code    20  stm32f1xx_hal_rcc.o(i.HAL_RCC_GetPCLK1Freq)
    HAL_RCC_GetSysClockFreq                  0x08001dc5   Thumb Code    58  stm32f1xx_hal_rcc.o(i.HAL_RCC_GetSysClockFreq)
    HAL_RCC_OscConfig                        0x08001e11   Thumb Code   778  stm32f1xx_hal_rcc.o(i.HAL_RCC_OscConfig)
    HAL_SYSTICK_Config                       0x08002131   Thumb Code    40  stm32f1xx_hal_cortex.o(i.HAL_SYSTICK_Config)
    HAL_TIMEx_MasterConfigSynchronization    0x08002159   Thumb Code    92  stm32f1xx_hal_tim_ex.o(i.HAL_TIMEx_MasterConfigSynchronization)
    HAL_TIM_Base_Init                        0x080021c1   Thumb Code    90  stm32f1xx_hal_tim.o(i.HAL_TIM_Base_Init)
    HAL_TIM_Base_MspInit                     0x0800221d   Thumb Code    30  tim.o(i.HAL_TIM_Base_MspInit)
    HAL_TIM_Base_Start                       0x08002245   Thumb Code    66  stm32f1xx_hal_tim.o(i.HAL_TIM_Base_Start)
    HAL_TIM_ConfigClockSource                0x08002295   Thumb Code   220  stm32f1xx_hal_tim.o(i.HAL_TIM_ConfigClockSource)
    HAL_TIM_MspPostInit                      0x08002371   Thumb Code    62  tim.o(i.HAL_TIM_MspPostInit)
    HAL_TIM_PWM_ConfigChannel                0x080023bd   Thumb Code   204  stm32f1xx_hal_tim.o(i.HAL_TIM_PWM_ConfigChannel)
    HAL_TIM_PWM_Init                         0x08002489   Thumb Code    90  stm32f1xx_hal_tim.o(i.HAL_TIM_PWM_Init)
    HAL_TIM_PWM_MspInit                      0x080024e5   Thumb Code    30  tim.o(i.HAL_TIM_PWM_MspInit)
    HardFault_Handler                        0x0800250d   Thumb Code     2  stm32f1xx_it.o(i.HardFault_Handler)
    MX_GPIO_Init                             0x080027d5   Thumb Code   140  gpio.o(i.MX_GPIO_Init)
    MX_I2C1_Init                             0x0800286d   Thumb Code    50  i2c.o(i.MX_I2C1_Init)
    MX_I2C2_Init                             0x080028ad   Thumb Code    50  i2c.o(i.MX_I2C2_Init)
    MX_TIM1_Init                             0x080028ed   Thumb Code    96  tim.o(i.MX_TIM1_Init)
    MX_TIM3_Init                             0x08002955   Thumb Code   122  tim.o(i.MX_TIM3_Init)
    MemManage_Handler                        0x080029d9   Thumb Code     2  stm32f1xx_it.o(i.MemManage_Handler)
    NMI_Handler                              0x080029db   Thumb Code     2  stm32f1xx_it.o(i.NMI_Handler)
    OLED_DrawImage                           0x080029dd   Thumb Code    18  oled.o(i.OLED_DrawImage)
    OLED_Init                                0x080029ef   Thumb Code   182  oled.o(i.OLED_Init)
    OLED_NewFrame                            0x08002aa5   Thumb Code    10  oled.o(i.OLED_NewFrame)
    OLED_PrintASCIIChar                      0x08002ab5   Thumb Code    32  oled.o(i.OLED_PrintASCIIChar)
    OLED_PrintString                         0x08002ad5   Thumb Code   182  oled.o(i.OLED_PrintString)
    OLED_Send                                0x08002b8d   Thumb Code    22  oled.o(i.OLED_Send)
    OLED_SendCmd                             0x08002ba9   Thumb Code    12  oled.o(i.OLED_SendCmd)
    OLED_SetBits                             0x08002bb9   Thumb Code    72  oled.o(i.OLED_SetBits)
    OLED_SetBits_Fine                        0x08002c01   Thumb Code   104  oled.o(i.OLED_SetBits_Fine)
    OLED_SetBlock                            0x08002c69   Thumb Code   136  oled.o(i.OLED_SetBlock)
    OLED_SetByte_Fine                        0x08002cf1   Thumb Code    64  oled.o(i.OLED_SetByte_Fine)
    OLED_ShowFrame                           0x08002d39   Thumb Code    68  oled.o(i.OLED_ShowFrame)
    PendSV_Handler                           0x08002d81   Thumb Code     2  stm32f1xx_it.o(i.PendSV_Handler)
    SVC_Handler                              0x08002d83   Thumb Code     2  stm32f1xx_it.o(i.SVC_Handler)
    SysTick_Handler                          0x08002d85   Thumb Code     4  stm32f1xx_it.o(i.SysTick_Handler)
    SystemClock_Config                       0x08002d89   Thumb Code    94  main.o(i.SystemClock_Config)
    SystemInit                               0x08002de7   Thumb Code     2  system_stm32f1xx.o(i.SystemInit)
    TIM_Base_SetConfig                       0x08002de9   Thumb Code   108  stm32f1xx_hal_tim.o(i.TIM_Base_SetConfig)
    TIM_ETR_SetConfig                        0x08002e61   Thumb Code    20  stm32f1xx_hal_tim.o(i.TIM_ETR_SetConfig)
    TIM_OC2_SetConfig                        0x08002ed5   Thumb Code    84  stm32f1xx_hal_tim.o(i.TIM_OC2_SetConfig)
    UsageFault_Handler                       0x0800300f   Thumb Code     2  stm32f1xx_it.o(i.UsageFault_Handler)
    _OLED_GetUTF8Len                         0x08003011   Thumb Code    50  oled.o(i._OLED_GetUTF8Len)
    __ARM_fpclassify                         0x08003043   Thumb Code    40  fpclassify.o(i.__ARM_fpclassify)
    _is_digit                                0x0800308b   Thumb Code    14  __printf_wp.o(i._is_digit)
    main                                     0x080030b1   Thumb Code   224  main.o(i.main)
    _get_lc_numeric                          0x080031d5   Thumb Code    44  lc_numeric_c.o(locale$$code)
    __fpl_dretinf                            0x08003201   Thumb Code    12  dretinf.o(x$fpl$dretinf)
    __aeabi_f2d                              0x0800320d   Thumb Code     0  f2d.o(x$fpl$f2d)
    _f2d                                     0x0800320d   Thumb Code    86  f2d.o(x$fpl$f2d)
    __aeabi_fadd                             0x08003265   Thumb Code     0  faddsub_clz.o(x$fpl$fadd)
    _fadd                                    0x08003265   Thumb Code   196  faddsub_clz.o(x$fpl$fadd)
    __aeabi_fdiv                             0x08003329   Thumb Code     0  fdiv.o(x$fpl$fdiv)
    _fdiv                                    0x08003329   Thumb Code   384  fdiv.o(x$fpl$fdiv)
    __aeabi_ui2f                             0x080034ad   Thumb Code     0  fflt_clz.o(x$fpl$ffltu)
    _ffltu                                   0x080034ad   Thumb Code    38  fflt_clz.o(x$fpl$ffltu)
    __fpl_fnaninf                            0x080034d3   Thumb Code   140  fnaninf.o(x$fpl$fnaninf)
    __fpl_fretinf                            0x0800355f   Thumb Code    10  fretinf.o(x$fpl$fretinf)
    __aeabi_fsub                             0x08003569   Thumb Code     0  faddsub_clz.o(x$fpl$fsub)
    _fsub                                    0x08003569   Thumb Code   234  faddsub_clz.o(x$fpl$fsub)
    _printf_fp_dec                           0x08003653   Thumb Code     4  printf1.o(x$fpl$printf1)
    __I$use$fp                               0x08003656   Number         0  usenofp.o(x$fpl$usenofp)
    ascii_16x8                               0x08003656   Data        1520  font.o(.constdata)
    afont16x8                                0x08003c48   Data           8  font.o(.constdata)
    zh16x16                                  0x08003c50   Data         144  font.o(.constdata)
    font16x16                                0x08003ce0   Data          16  font.o(.constdata)
    humidityData                             0x08003cf0   Data         128  font.o(.constdata)
    humidityImg                              0x08003d70   Data           8  font.o(.constdata)
    temperatureData                          0x08003d78   Data         128  font.o(.constdata)
    temperatureImg                           0x08003df8   Data           8  font.o(.constdata)
    AHBPrescTable                            0x08003e12   Data          16  system_stm32f1xx.o(.constdata)
    APBPrescTable                            0x08003e22   Data           8  system_stm32f1xx.o(.constdata)
    Region$$Table$$Base                      0x08003ec0   Number         0  anon$$obj.o(Region$$Table)
    Region$$Table$$Limit                     0x08003ee0   Number         0  anon$$obj.o(Region$$Table)
    uwTickFreq                               0x2000000c   Data           1  stm32f1xx_hal.o(.data)
    uwTickPrio                               0x20000010   Data           4  stm32f1xx_hal.o(.data)
    uwTick                                   0x20000014   Data           4  stm32f1xx_hal.o(.data)
    SystemCoreClock                          0x20000018   Data           4  system_stm32f1xx.o(.data)
    OLED_GRAM                                0x2000009d   Data        1024  oled.o(.bss)
    hi2c1                                    0x200004a0   Data          84  i2c.o(.bss)
    hi2c2                                    0x200004f4   Data          84  i2c.o(.bss)
    htim1                                    0x20000548   Data          72  tim.o(.bss)
    htim3                                    0x20000590   Data          72  tim.o(.bss)
    __libspace_start                         0x200005d8   Data          96  libspace.o(.bss)
    __temporary_stack_top$libspace           0x20000638   Data           0  libspace.o(.bss)



==============================================================================

Memory Map of the image

  Image Entry point : 0x080000ed

  Load Region LR_IROM1 (Base: 0x08000000, Size: 0x00003f18, Max: 0x00010000, ABSOLUTE)

    Execution Region ER_IROM1 (Exec base: 0x08000000, Load base: 0x08000000, Size: 0x00003efc, Max: 0x00010000, ABSOLUTE)

    Exec Addr    Load Addr    Size         Type   Attr      Idx    E Section Name        Object

    0x08000000   0x08000000   0x000000ec   Data   RO            3    RESET               startup_stm32f103xb.o
    0x080000ec   0x080000ec   0x00000008   Code   RO         3262  * !!!main             c_w.l(__main.o)
    0x080000f4   0x080000f4   0x00000034   Code   RO         3522    !!!scatter          c_w.l(__scatter.o)
    0x08000128   0x08000128   0x0000001a   Code   RO         3524    !!handler_copy      c_w.l(__scatter_copy.o)
    0x08000142   0x08000142   0x00000002   PAD
    0x08000144   0x08000144   0x0000001c   Code   RO         3526    !!handler_zi        c_w.l(__scatter_zi.o)
    0x08000160   0x08000160   0x00000000   Code   RO         3251    .ARM.Collect$$_printf_percent$$00000000  c_w.l(_printf_percent.o)
    0x08000160   0x08000160   0x00000006   Code   RO         3250    .ARM.Collect$$_printf_percent$$00000003  c_w.l(_printf_f.o)
    0x08000166   0x08000166   0x00000004   Code   RO         3309    .ARM.Collect$$_printf_percent$$00000017  c_w.l(_printf_percent_end.o)
    0x0800016a   0x0800016a   0x00000002   Code   RO         3393    .ARM.Collect$$libinit$$00000000  c_w.l(libinit.o)
    0x0800016c   0x0800016c   0x00000000   Code   RO         3395    .ARM.Collect$$libinit$$00000002  c_w.l(libinit2.o)
    0x0800016c   0x0800016c   0x00000000   Code   RO         3397    .ARM.Collect$$libinit$$00000004  c_w.l(libinit2.o)
    0x0800016c   0x0800016c   0x00000000   Code   RO         3400    .ARM.Collect$$libinit$$0000000A  c_w.l(libinit2.o)
    0x0800016c   0x0800016c   0x00000000   Code   RO         3402    .ARM.Collect$$libinit$$0000000C  c_w.l(libinit2.o)
    0x0800016c   0x0800016c   0x00000000   Code   RO         3404    .ARM.Collect$$libinit$$0000000E  c_w.l(libinit2.o)
    0x0800016c   0x0800016c   0x00000006   Code   RO         3405    .ARM.Collect$$libinit$$0000000F  c_w.l(libinit2.o)
    0x08000172   0x08000172   0x00000000   Code   RO         3407    .ARM.Collect$$libinit$$00000011  c_w.l(libinit2.o)
    0x08000172   0x08000172   0x00000000   Code   RO         3409    .ARM.Collect$$libinit$$00000013  c_w.l(libinit2.o)
    0x08000172   0x08000172   0x00000000   Code   RO         3411    .ARM.Collect$$libinit$$00000015  c_w.l(libinit2.o)
    0x08000172   0x08000172   0x0000000a   Code   RO         3412    .ARM.Collect$$libinit$$00000016  c_w.l(libinit2.o)
    0x0800017c   0x0800017c   0x00000000   Code   RO         3413    .ARM.Collect$$libinit$$00000017  c_w.l(libinit2.o)
    0x0800017c   0x0800017c   0x00000000   Code   RO         3415    .ARM.Collect$$libinit$$00000019  c_w.l(libinit2.o)
    0x0800017c   0x0800017c   0x00000000   Code   RO         3417    .ARM.Collect$$libinit$$0000001B  c_w.l(libinit2.o)
    0x0800017c   0x0800017c   0x00000000   Code   RO         3419    .ARM.Collect$$libinit$$0000001D  c_w.l(libinit2.o)
    0x0800017c   0x0800017c   0x00000000   Code   RO         3421    .ARM.Collect$$libinit$$0000001F  c_w.l(libinit2.o)
    0x0800017c   0x0800017c   0x00000000   Code   RO         3423    .ARM.Collect$$libinit$$00000021  c_w.l(libinit2.o)
    0x0800017c   0x0800017c   0x00000000   Code   RO         3425    .ARM.Collect$$libinit$$00000023  c_w.l(libinit2.o)
    0x0800017c   0x0800017c   0x00000000   Code   RO         3427    .ARM.Collect$$libinit$$00000025  c_w.l(libinit2.o)
    0x0800017c   0x0800017c   0x00000000   Code   RO         3431    .ARM.Collect$$libinit$$0000002C  c_w.l(libinit2.o)
    0x0800017c   0x0800017c   0x00000000   Code   RO         3433    .ARM.Collect$$libinit$$0000002E  c_w.l(libinit2.o)
    0x0800017c   0x0800017c   0x00000000   Code   RO         3435    .ARM.Collect$$libinit$$00000030  c_w.l(libinit2.o)
    0x0800017c   0x0800017c   0x00000000   Code   RO         3437    .ARM.Collect$$libinit$$00000032  c_w.l(libinit2.o)
    0x0800017c   0x0800017c   0x00000002   Code   RO         3438    .ARM.Collect$$libinit$$00000033  c_w.l(libinit2.o)
    0x0800017e   0x0800017e   0x00000002   Code   RO         3468    .ARM.Collect$$libshutdown$$00000000  c_w.l(libshutdown.o)
    0x08000180   0x08000180   0x00000000   Code   RO         3479    .ARM.Collect$$libshutdown$$00000002  c_w.l(libshutdown2.o)
    0x08000180   0x08000180   0x00000000   Code   RO         3481    .ARM.Collect$$libshutdown$$00000004  c_w.l(libshutdown2.o)
    0x08000180   0x08000180   0x00000000   Code   RO         3483    .ARM.Collect$$libshutdown$$00000006  c_w.l(libshutdown2.o)
    0x08000180   0x08000180   0x00000000   Code   RO         3486    .ARM.Collect$$libshutdown$$00000009  c_w.l(libshutdown2.o)
    0x08000180   0x08000180   0x00000000   Code   RO         3489    .ARM.Collect$$libshutdown$$0000000C  c_w.l(libshutdown2.o)
    0x08000180   0x08000180   0x00000000   Code   RO         3491    .ARM.Collect$$libshutdown$$0000000E  c_w.l(libshutdown2.o)
    0x08000180   0x08000180   0x00000000   Code   RO         3494    .ARM.Collect$$libshutdown$$00000011  c_w.l(libshutdown2.o)
    0x08000180   0x08000180   0x00000002   Code   RO         3495    .ARM.Collect$$libshutdown$$00000012  c_w.l(libshutdown2.o)
    0x08000182   0x08000182   0x00000000   Code   RO         3302    .ARM.Collect$$rtentry$$00000000  c_w.l(__rtentry.o)
    0x08000182   0x08000182   0x00000000   Code   RO         3322    .ARM.Collect$$rtentry$$00000002  c_w.l(__rtentry2.o)
    0x08000182   0x08000182   0x00000006   Code   RO         3334    .ARM.Collect$$rtentry$$00000004  c_w.l(__rtentry4.o)
    0x08000188   0x08000188   0x00000000   Code   RO         3324    .ARM.Collect$$rtentry$$00000009  c_w.l(__rtentry2.o)
    0x08000188   0x08000188   0x00000004   Code   RO         3325    .ARM.Collect$$rtentry$$0000000A  c_w.l(__rtentry2.o)
    0x0800018c   0x0800018c   0x00000000   Code   RO         3327    .ARM.Collect$$rtentry$$0000000C  c_w.l(__rtentry2.o)
    0x0800018c   0x0800018c   0x00000008   Code   RO         3328    .ARM.Collect$$rtentry$$0000000D  c_w.l(__rtentry2.o)
    0x08000194   0x08000194   0x00000002   Code   RO         3439    .ARM.Collect$$rtexit$$00000000  c_w.l(rtexit.o)
    0x08000196   0x08000196   0x00000000   Code   RO         3446    .ARM.Collect$$rtexit$$00000002  c_w.l(rtexit2.o)
    0x08000196   0x08000196   0x00000004   Code   RO         3447    .ARM.Collect$$rtexit$$00000003  c_w.l(rtexit2.o)
    0x0800019a   0x0800019a   0x00000006   Code   RO         3448    .ARM.Collect$$rtexit$$00000004  c_w.l(rtexit2.o)
    0x080001a0   0x080001a0   0x00000040   Code   RO            4    .text               startup_stm32f103xb.o
    0x080001e0   0x080001e0   0x00000028   Code   RO         3226    .text               c_w.l(noretval__2sprintf.o)
    0x08000208   0x08000208   0x0000010e   Code   RO         3238    .text               c_w.l(__printf_wp.o)
    0x08000316   0x08000316   0x00000058   Code   RO         3252    .text               c_w.l(memcmp.o)
    0x0800036e   0x0800036e   0x0000008a   Code   RO         3254    .text               c_w.l(rt_memcpy_v6.o)
    0x080003f8   0x080003f8   0x00000044   Code   RO         3256    .text               c_w.l(rt_memclr.o)
    0x0800043c   0x0800043c   0x0000004e   Code   RO         3258    .text               c_w.l(rt_memclr_w.o)
    0x0800048a   0x0800048a   0x00000006   Code   RO         3260    .text               c_w.l(heapauxi.o)
    0x08000490   0x08000490   0x0000041e   Code   RO         3303    .text               c_w.l(_printf_fp_dec.o)
    0x080008ae   0x080008ae   0x00000002   PAD
    0x080008b0   0x080008b0   0x00000030   Code   RO         3305    .text               c_w.l(_printf_char_common.o)
    0x080008e0   0x080008e0   0x0000000a   Code   RO         3307    .text               c_w.l(_sputc.o)
    0x080008ea   0x080008ea   0x00000064   Code   RO         3310    .text               c_w.l(rt_memcpy_w.o)
    0x0800094e   0x0800094e   0x00000002   PAD
    0x08000950   0x08000950   0x00000008   Code   RO         3339    .text               c_w.l(rt_locale_intlibspace.o)
    0x08000958   0x08000958   0x0000008a   Code   RO         3341    .text               c_w.l(lludiv10.o)
    0x080009e2   0x080009e2   0x00000002   PAD
    0x080009e4   0x080009e4   0x00000080   Code   RO         3343    .text               c_w.l(_printf_fp_infnan.o)
    0x08000a64   0x08000a64   0x000000e4   Code   RO         3347    .text               c_w.l(bigflt0.o)
    0x08000b48   0x08000b48   0x00000008   Code   RO         3379    .text               c_w.l(libspace.o)
    0x08000b50   0x08000b50   0x0000004a   Code   RO         3382    .text               c_w.l(sys_stackheap_outer.o)
    0x08000b9a   0x08000b9a   0x00000012   Code   RO         3384    .text               c_w.l(exit.o)
    0x08000bac   0x08000bac   0x00000080   Code   RO         3386    .text               c_w.l(strcmpv7m.o)
    0x08000c2c   0x08000c2c   0x0000000c   Code   RO         3458    .text               c_w.l(sys_exit.o)
    0x08000c38   0x08000c38   0x00000002   Code   RO         3469    .text               c_w.l(use_no_semi.o)
    0x08000c3a   0x08000c3a   0x00000000   Code   RO         3471    .text               c_w.l(indicate_semi.o)
    0x08000c3a   0x08000c3a   0x0000003e   Code   RO         3350    CL$$btod_d2e        c_w.l(btod.o)
    0x08000c78   0x08000c78   0x00000046   Code   RO         3352    CL$$btod_d2e_denorm_low  c_w.l(btod.o)
    0x08000cbe   0x08000cbe   0x00000060   Code   RO         3351    CL$$btod_d2e_norm_op1  c_w.l(btod.o)
    0x08000d1e   0x08000d1e   0x00000338   Code   RO         3360    CL$$btod_div_common  c_w.l(btod.o)
    0x08001056   0x08001056   0x000000dc   Code   RO         3357    CL$$btod_e2e        c_w.l(btod.o)
    0x08001132   0x08001132   0x0000002a   Code   RO         3354    CL$$btod_ediv       c_w.l(btod.o)
    0x0800115c   0x0800115c   0x0000002a   Code   RO         3353    CL$$btod_emul       c_w.l(btod.o)
    0x08001186   0x08001186   0x00000244   Code   RO         3359    CL$$btod_mult_common  c_w.l(btod.o)
    0x080013ca   0x080013ca   0x00000002   Code   RO          585    i.BusFault_Handler  stm32f1xx_it.o
    0x080013cc   0x080013cc   0x0000000c   Code   RO          331    i.DHT11_Humidity    dht11.o
    0x080013d8   0x080013d8   0x0000002c   Code   RO          332    i.DHT11_Init        dht11.o
    0x08001404   0x08001404   0x00000134   Code   RO          333    i.DHT11_Measure     dht11.o
    0x08001538   0x08001538   0x00000088   Code   RO          334    i.DHT11_Read_Byte   dht11.o
    0x080015c0   0x080015c0   0x00000020   Code   RO          335    i.DHT11_Set_Pin_Output  dht11.o
    0x080015e0   0x080015e0   0x0000000c   Code   RO          336    i.DHT11_Temperature  dht11.o
    0x080015ec   0x080015ec   0x00000002   Code   RO          586    i.DebugMon_Handler  stm32f1xx_it.o
    0x080015ee   0x080015ee   0x00000004   Code   RO          397    i.Error_Handler     main.o
    0x080015f2   0x080015f2   0x00000002   PAD
    0x080015f4   0x080015f4   0x00000024   Code   RO         1242    i.HAL_Delay         stm32f1xx_hal.o
    0x08001618   0x08001618   0x000001e0   Code   RO         1552    i.HAL_GPIO_Init     stm32f1xx_hal_gpio.o
    0x080017f8   0x080017f8   0x0000000a   Code   RO         1554    i.HAL_GPIO_ReadPin  stm32f1xx_hal_gpio.o
    0x08001802   0x08001802   0x0000000a   Code   RO         1556    i.HAL_GPIO_WritePin  stm32f1xx_hal_gpio.o
    0x0800180c   0x0800180c   0x0000000c   Code   RO         1246    i.HAL_GetTick       stm32f1xx_hal.o
    0x08001818   0x08001818   0x00000188   Code   RO          809    i.HAL_I2C_Init      stm32f1xx_hal_i2c.o
    0x080019a0   0x080019a0   0x0000012c   Code   RO          822    i.HAL_I2C_Master_Transmit  stm32f1xx_hal_i2c.o
    0x08001acc   0x08001acc   0x00000098   Code   RO          472    i.HAL_I2C_MspInit   i2c.o
    0x08001b64   0x08001b64   0x00000010   Code   RO         1252    i.HAL_IncTick       stm32f1xx_hal.o
    0x08001b74   0x08001b74   0x00000024   Code   RO         1253    i.HAL_Init          stm32f1xx_hal.o
    0x08001b98   0x08001b98   0x00000040   Code   RO         1254    i.HAL_InitTick      stm32f1xx_hal.o
    0x08001bd8   0x08001bd8   0x0000003c   Code   RO          660    i.HAL_MspInit       stm32f1xx_hal_msp.o
    0x08001c14   0x08001c14   0x00000040   Code   RO         1718    i.HAL_NVIC_SetPriority  stm32f1xx_hal_cortex.o
    0x08001c54   0x08001c54   0x00000024   Code   RO         1719    i.HAL_NVIC_SetPriorityGrouping  stm32f1xx_hal_cortex.o
    0x08001c78   0x08001c78   0x0000012c   Code   RO         1410    i.HAL_RCC_ClockConfig  stm32f1xx_hal_rcc.o
    0x08001da4   0x08001da4   0x00000020   Code   RO         1417    i.HAL_RCC_GetPCLK1Freq  stm32f1xx_hal_rcc.o
    0x08001dc4   0x08001dc4   0x0000004c   Code   RO         1419    i.HAL_RCC_GetSysClockFreq  stm32f1xx_hal_rcc.o
    0x08001e10   0x08001e10   0x00000320   Code   RO         1422    i.HAL_RCC_OscConfig  stm32f1xx_hal_rcc.o
    0x08002130   0x08002130   0x00000028   Code   RO         1723    i.HAL_SYSTICK_Config  stm32f1xx_hal_cortex.o
    0x08002158   0x08002158   0x00000068   Code   RO         2937    i.HAL_TIMEx_MasterConfigSynchronization  stm32f1xx_hal_tim_ex.o
    0x080021c0   0x080021c0   0x0000005a   Code   RO         2214    i.HAL_TIM_Base_Init  stm32f1xx_hal_tim.o
    0x0800221a   0x0800221a   0x00000002   PAD
    0x0800221c   0x0800221c   0x00000028   Code   RO          520    i.HAL_TIM_Base_MspInit  tim.o
    0x08002244   0x08002244   0x00000050   Code   RO         2217    i.HAL_TIM_Base_Start  stm32f1xx_hal_tim.o
    0x08002294   0x08002294   0x000000dc   Code   RO         2223    i.HAL_TIM_ConfigClockSource  stm32f1xx_hal_tim.o
    0x08002370   0x08002370   0x0000004c   Code   RO          521    i.HAL_TIM_MspPostInit  tim.o
    0x080023bc   0x080023bc   0x000000cc   Code   RO         2286    i.HAL_TIM_PWM_ConfigChannel  stm32f1xx_hal_tim.o
    0x08002488   0x08002488   0x0000005a   Code   RO         2289    i.HAL_TIM_PWM_Init  stm32f1xx_hal_tim.o
    0x080024e2   0x080024e2   0x00000002   PAD
    0x080024e4   0x080024e4   0x00000028   Code   RO          523    i.HAL_TIM_PWM_MspInit  tim.o
    0x0800250c   0x0800250c   0x00000002   Code   RO          587    i.HardFault_Handler  stm32f1xx_it.o
    0x0800250e   0x0800250e   0x0000002e   Code   RO          852    i.I2C_IsAcknowledgeFailed  stm32f1xx_hal_i2c.o
    0x0800253c   0x0800253c   0x0000009c   Code   RO          856    i.I2C_MasterRequestWrite  stm32f1xx_hal_i2c.o
    0x080025d8   0x080025d8   0x00000056   Code   RO          867    i.I2C_WaitOnBTFFlagUntilTimeout  stm32f1xx_hal_i2c.o
    0x0800262e   0x0800262e   0x00000002   PAD
    0x08002630   0x08002630   0x00000090   Code   RO          868    i.I2C_WaitOnFlagUntilTimeout  stm32f1xx_hal_i2c.o
    0x080026c0   0x080026c0   0x000000bc   Code   RO          869    i.I2C_WaitOnMasterAddressFlagUntilTimeout  stm32f1xx_hal_i2c.o
    0x0800277c   0x0800277c   0x00000056   Code   RO          871    i.I2C_WaitOnTXEFlagUntilTimeout  stm32f1xx_hal_i2c.o
    0x080027d2   0x080027d2   0x00000002   PAD
    0x080027d4   0x080027d4   0x00000098   Code   RO          447    i.MX_GPIO_Init      gpio.o
    0x0800286c   0x0800286c   0x00000040   Code   RO          473    i.MX_I2C1_Init      i2c.o
    0x080028ac   0x080028ac   0x00000040   Code   RO          474    i.MX_I2C2_Init      i2c.o
    0x080028ec   0x080028ec   0x00000068   Code   RO          524    i.MX_TIM1_Init      tim.o
    0x08002954   0x08002954   0x00000084   Code   RO          525    i.MX_TIM3_Init      tim.o
    0x080029d8   0x080029d8   0x00000002   Code   RO          588    i.MemManage_Handler  stm32f1xx_it.o
    0x080029da   0x080029da   0x00000002   Code   RO          589    i.NMI_Handler       stm32f1xx_it.o
    0x080029dc   0x080029dc   0x00000012   Code   RO           54    i.OLED_DrawImage    oled.o
    0x080029ee   0x080029ee   0x000000b6   Code   RO           58    i.OLED_Init         oled.o
    0x08002aa4   0x08002aa4   0x00000010   Code   RO           59    i.OLED_NewFrame     oled.o
    0x08002ab4   0x08002ab4   0x00000020   Code   RO           60    i.OLED_PrintASCIIChar  oled.o
    0x08002ad4   0x08002ad4   0x000000b6   Code   RO           62    i.OLED_PrintString  oled.o
    0x08002b8a   0x08002b8a   0x00000002   PAD
    0x08002b8c   0x08002b8c   0x0000001c   Code   RO           63    i.OLED_Send         oled.o
    0x08002ba8   0x08002ba8   0x00000010   Code   RO           64    i.OLED_SendCmd      oled.o
    0x08002bb8   0x08002bb8   0x00000048   Code   RO           65    i.OLED_SetBits      oled.o
    0x08002c00   0x08002c00   0x00000068   Code   RO           66    i.OLED_SetBits_Fine  oled.o
    0x08002c68   0x08002c68   0x00000088   Code   RO           67    i.OLED_SetBlock     oled.o
    0x08002cf0   0x08002cf0   0x00000048   Code   RO           69    i.OLED_SetByte_Fine  oled.o
    0x08002d38   0x08002d38   0x00000048   Code   RO           72    i.OLED_ShowFrame    oled.o
    0x08002d80   0x08002d80   0x00000002   Code   RO          590    i.PendSV_Handler    stm32f1xx_it.o
    0x08002d82   0x08002d82   0x00000002   Code   RO          591    i.SVC_Handler       stm32f1xx_it.o
    0x08002d84   0x08002d84   0x00000004   Code   RO          592    i.SysTick_Handler   stm32f1xx_it.o
    0x08002d88   0x08002d88   0x0000005e   Code   RO          398    i.SystemClock_Config  main.o
    0x08002de6   0x08002de6   0x00000002   Code   RO         3186    i.SystemInit        system_stm32f1xx.o
    0x08002de8   0x08002de8   0x00000078   Code   RO         2307    i.TIM_Base_SetConfig  stm32f1xx_hal_tim.o
    0x08002e60   0x08002e60   0x00000014   Code   RO         2318    i.TIM_ETR_SetConfig  stm32f1xx_hal_tim.o
    0x08002e74   0x08002e74   0x00000010   Code   RO         2319    i.TIM_ITRx_SetConfig  stm32f1xx_hal_tim.o
    0x08002e84   0x08002e84   0x00000050   Code   RO         2320    i.TIM_OC1_SetConfig  stm32f1xx_hal_tim.o
    0x08002ed4   0x08002ed4   0x00000058   Code   RO         2321    i.TIM_OC2_SetConfig  stm32f1xx_hal_tim.o
    0x08002f2c   0x08002f2c   0x00000058   Code   RO         2322    i.TIM_OC3_SetConfig  stm32f1xx_hal_tim.o
    0x08002f84   0x08002f84   0x00000044   Code   RO         2323    i.TIM_OC4_SetConfig  stm32f1xx_hal_tim.o
    0x08002fc8   0x08002fc8   0x00000022   Code   RO         2325    i.TIM_TI1_ConfigInputStage  stm32f1xx_hal_tim.o
    0x08002fea   0x08002fea   0x00000024   Code   RO         2327    i.TIM_TI2_ConfigInputStage  stm32f1xx_hal_tim.o
    0x0800300e   0x0800300e   0x00000002   Code   RO          593    i.UsageFault_Handler  stm32f1xx_it.o
    0x08003010   0x08003010   0x00000032   Code   RO           73    i._OLED_GetUTF8Len  oled.o
    0x08003042   0x08003042   0x00000028   Code   RO         3377    i.__ARM_fpclassify  m_ws.l(fpclassify.o)
    0x0800306a   0x0800306a   0x00000020   Code   RO         1725    i.__NVIC_SetPriority  stm32f1xx_hal_cortex.o
    0x0800308a   0x0800308a   0x0000000e   Code   RO         3240    i._is_digit         c_w.l(__printf_wp.o)
    0x08003098   0x08003098   0x00000018   Code   RO          337    i.delay_us          dht11.o
    0x080030b0   0x080030b0   0x00000124   Code   RO          399    i.main              main.o
    0x080031d4   0x080031d4   0x0000002c   Code   RO         3373    locale$$code        c_w.l(lc_numeric_c.o)
    0x08003200   0x08003200   0x0000000c   Code   RO         3314    x$fpl$dretinf       fz_ws.l(dretinf.o)
    0x0800320c   0x0800320c   0x00000056   Code   RO         3282    x$fpl$f2d           fz_ws.l(f2d.o)
    0x08003262   0x08003262   0x00000002   PAD
    0x08003264   0x08003264   0x000000c4   Code   RO         3284    x$fpl$fadd          fz_ws.l(faddsub_clz.o)
    0x08003328   0x08003328   0x00000184   Code   RO         3291    x$fpl$fdiv          fz_ws.l(fdiv.o)
    0x080034ac   0x080034ac   0x00000026   Code   RO         3294    x$fpl$ffltu         fz_ws.l(fflt_clz.o)
    0x080034d2   0x080034d2   0x0000008c   Code   RO         3316    x$fpl$fnaninf       fz_ws.l(fnaninf.o)
    0x0800355e   0x0800355e   0x0000000a   Code   RO         3318    x$fpl$fretinf       fz_ws.l(fretinf.o)
    0x08003568   0x08003568   0x000000ea   Code   RO         3286    x$fpl$fsub          fz_ws.l(faddsub_clz.o)
    0x08003652   0x08003652   0x00000004   Code   RO         3300    x$fpl$printf1       fz_ws.l(printf1.o)
    0x08003656   0x08003656   0x00000000   Code   RO         3320    x$fpl$usenofp       fz_ws.l(usenofp.o)
    0x08003656   0x08003656   0x000005f0   Data   RO           14    .constdata          font.o
    0x08003c46   0x08003c46   0x00000002   PAD
    0x08003c48   0x08003c48   0x00000008   Data   RO           15    .constdata          font.o
    0x08003c50   0x08003c50   0x00000090   Data   RO           18    .constdata          font.o
    0x08003ce0   0x08003ce0   0x00000010   Data   RO           19    .constdata          font.o
    0x08003cf0   0x08003cf0   0x00000080   Data   RO           22    .constdata          font.o
    0x08003d70   0x08003d70   0x00000008   Data   RO           23    .constdata          font.o
    0x08003d78   0x08003d78   0x00000080   Data   RO           24    .constdata          font.o
    0x08003df8   0x08003df8   0x00000008   Data   RO           25    .constdata          font.o
    0x08003e00   0x08003e00   0x00000012   Data   RO         1423    .constdata          stm32f1xx_hal_rcc.o
    0x08003e12   0x08003e12   0x00000010   Data   RO         3187    .constdata          system_stm32f1xx.o
    0x08003e22   0x08003e22   0x00000008   Data   RO         3188    .constdata          system_stm32f1xx.o
    0x08003e2a   0x08003e2a   0x00000002   PAD
    0x08003e2c   0x08003e2c   0x00000094   Data   RO         3348    .constdata          c_w.l(bigflt0.o)
    0x08003ec0   0x08003ec0   0x00000020   Data   RO         3520    Region$$Table       anon$$obj.o
    0x08003ee0   0x08003ee0   0x0000001c   Data   RO         3372    locale$$data        c_w.l(lc_numeric_c.o)


    Execution Region RW_IRAM1 (Exec base: 0x20000000, Load base: 0x08003efc, Size: 0x00000c38, Max: 0x00005000, ABSOLUTE)

    Exec Addr    Load Addr    Size         Type   Attr      Idx    E Section Name        Object

    0x20000000   0x08003efc   0x00000004   Data   RW           75    .data               oled.o
    0x20000004   0x08003f00   0x00000008   Data   RW          338    .data               dht11.o
    0x2000000c   0x08003f08   0x0000000c   Data   RW         1260    .data               stm32f1xx_hal.o
    0x20000018   0x08003f14   0x00000004   Data   RW         3189    .data               system_stm32f1xx.o
    0x2000001c        -       0x00000481   Zero   RW           74    .bss                oled.o
    0x2000049d   0x08003f18   0x00000003   PAD
    0x200004a0        -       0x000000a8   Zero   RW          475    .bss                i2c.o
    0x20000548        -       0x00000090   Zero   RW          526    .bss                tim.o
    0x200005d8        -       0x00000060   Zero   RW         3380    .bss                c_w.l(libspace.o)
    0x20000638        -       0x00000200   Zero   RW            2    HEAP                startup_stm32f103xb.o
    0x20000838        -       0x00000400   Zero   RW            1    STACK               startup_stm32f103xb.o


==============================================================================

Image component sizes


      Code (inc. data)   RO Data    RW Data    ZI Data      Debug   Object Name

       568         52          0          8          0       4414   dht11.o
         0          0       1960          0          0       6237   font.o
       152         12          0          0          0        875   gpio.o
       280         46          0          0        168       2158   i2c.o
       390         68          0          0          0       2100   main.o
       980         28          0          4       1153     428715   oled.o
        64         26        236          0       1536        788   startup_stm32f103xb.o
       164         28          0         12          0       5709   stm32f1xx_hal.o
       172         14          0          0          0      28158   stm32f1xx_hal_cortex.o
       500         34          0          0          0       3423   stm32f1xx_hal_gpio.o
         0          0          0          0          0     420144   stm32f1xx_hal_gpio_ex.o
      1398         32          0          0          0       8893   stm32f1xx_hal_i2c.o
        60          8          0          0          0        822   stm32f1xx_hal_msp.o
      1208         72         18          0          0       4429   stm32f1xx_hal_rcc.o
      1234         46          0          0          0      10731   stm32f1xx_hal_tim.o
       104         12          0          0          0       1308   stm32f1xx_hal_tim_ex.o
        20          0          0          0          0       3650   stm32f1xx_it.o
         2          0         24          4          0       1047   system_stm32f1xx.o
       392         52          0          0        144       3231   tim.o

    ----------------------------------------------------------------------
      7700        530       2274         28       3004     936832   Object Totals
         0          0         32          0          0          0   (incl. Generated)
        12          0          4          0          3          0   (incl. Padding)

    ----------------------------------------------------------------------

      Code (inc. data)   RO Data    RW Data    ZI Data      Debug   Library Member Name

         8          0          0          0          0         68   __main.o
       284          0          0          0          0        156   __printf_wp.o
         0          0          0          0          0          0   __rtentry.o
        12          0          0          0          0          0   __rtentry2.o
         6          0          0          0          0          0   __rtentry4.o
        52          8          0          0          0          0   __scatter.o
        26          0          0          0          0          0   __scatter_copy.o
        28          0          0          0          0          0   __scatter_zi.o
        48          6          0          0          0         96   _printf_char_common.o
         6          0          0          0          0          0   _printf_f.o
      1054          0          0          0          0        216   _printf_fp_dec.o
       128         16          0          0          0         84   _printf_fp_infnan.o
         0          0          0          0          0          0   _printf_percent.o
         4          0          0          0          0          0   _printf_percent_end.o
        10          0          0          0          0         68   _sputc.o
       228          4        148          0          0         96   bigflt0.o
      1936        128          0          0          0        672   btod.o
        18          0          0          0          0         80   exit.o
         6          0          0          0          0        152   heapauxi.o
         0          0          0          0          0          0   indicate_semi.o
        44         10         28          0          0         76   lc_numeric_c.o
         2          0          0          0          0          0   libinit.o
        18          0          0          0          0          0   libinit2.o
         2          0          0          0          0          0   libshutdown.o
         2          0          0          0          0          0   libshutdown2.o
         8          4          0          0         96         68   libspace.o
       138          0          0          0          0         80   lludiv10.o
        88          0          0          0          0         76   memcmp.o
        40          6          0          0          0         84   noretval__2sprintf.o
         8          4          0          0          0         68   rt_locale_intlibspace.o
        68          0          0          0          0         68   rt_memclr.o
        78          0          0          0          0         80   rt_memclr_w.o
       138          0          0          0          0         68   rt_memcpy_v6.o
       100          0          0          0          0         80   rt_memcpy_w.o
         2          0          0          0          0          0   rtexit.o
        10          0          0          0          0          0   rtexit2.o
       128          0          0          0          0         68   strcmpv7m.o
        12          4          0          0          0         68   sys_exit.o
        74          0          0          0          0         80   sys_stackheap_outer.o
         2          0          0          0          0         68   use_no_semi.o
        12          0          0          0          0         68   dretinf.o
        86          4          0          0          0         84   f2d.o
       430          8          0          0          0        168   faddsub_clz.o
       388         76          0          0          0         96   fdiv.o
        38          0          0          0          0         68   fflt_clz.o
       140          4          0          0          0         84   fnaninf.o
        10          0          0          0          0         68   fretinf.o
         4          0          0          0          0         68   printf1.o
         0          0          0          0          0          0   usenofp.o
        40          0          0          0          0         68   fpclassify.o

    ----------------------------------------------------------------------
      5974        282        176          0         96       3492   Library Totals
        10          0          0          0          0          0   (incl. Padding)

    ----------------------------------------------------------------------

      Code (inc. data)   RO Data    RW Data    ZI Data      Debug   Library Name

      4816        190        176          0         96       2720   c_w.l
      1108         92          0          0          0        704   fz_ws.l
        40          0          0          0          0         68   m_ws.l

    ----------------------------------------------------------------------
      5974        282        176          0         96       3492   Library Totals

    ----------------------------------------------------------------------

==============================================================================


      Code (inc. data)   RO Data    RW Data    ZI Data      Debug   

     13674        812       2450         28       3100     934340   Grand Totals
     13674        812       2450         28       3100     934340   ELF Image Totals
     13674        812       2450         28          0          0   ROM Totals

==============================================================================

    Total RO  Size (Code + RO Data)                16124 (  15.75kB)
    Total RW  Size (RW Data + ZI Data)              3128 (   3.05kB)
    Total ROM Size (Code + RO Data + RW Data)      16152 (  15.77kB)

==============================================================================

